08-20 16:04:49.151 16894 16894 W RcsClientLib: 	at aeec.disconnect(PG:41)
08-20 16:04:49.151 16894 16894 W RcsClientLib: 	at koc.b(PG:39)
08-20 16:04:49.151 16894 16894 W RcsClientLib: 	at kof.a(PG:38)
08-20 16:04:49.151 16894 16894 W RcsClientLib: 	at riw.a(PG:43)
08-20 16:04:49.151 16894 16894 W RcsClientLib: 	at rif.run(Unknown Source:1)
08-20 16:04:49.151 16894 16894 W RcsClientLib: 	at afou.run(PG:3)
08-20 16:04:49.151 16894 16894 W RcsClientLib: 	at android.os.Handler.handleCallback(Handler.java:938)
08-20 16:04:49.151 16894 16894 W RcsClientLib: 	at android.os.Handler.dispatchMessage(Handler.java:99)
08-20 16:04:49.151 16894 16894 W RcsClientLib: 	at android.os.Looper.loop(Looper.java:223)
08-20 16:04:49.151 16894 16894 W RcsClientLib: 	at android.app.ActivityThread.main(ActivityThread.java:7656)
08-20 16:04:49.151 16894 16894 W RcsClientLib: 	at java.lang.reflect.Method.invoke(Native Method)
08-20 16:04:49.151 16894 16894 W RcsClientLib: 	at com.android.internal.os.RuntimeInit$MethodAndArgsCaller.run(RuntimeInit.java:592)
08-20 16:04:49.151 16894 16894 W RcsClientLib: 	at com.android.internal.os.ZygoteInit.main(ZygoteInit.java:947)
08-20 16:04:49.151 16894 16894 I BugleRcsEngine: [2] aeec.disconnect: Disconnecting LocationSharingService
08-20 16:04:49.151 16894 16894 W RcsClientLib: Unexpected error when trying to unbind com.google.android.ims.rcsservice.locationsharing.ILocationSharing: Service not registered: aeed@48878f1
08-20 16:04:49.151 16894 16894 W RcsClientLib: java.lang.IllegalArgumentException: Service not registered: aeed@48878f1
08-20 16:04:49.151 16894 16894 W RcsClientLib: 	at android.app.LoadedApk.forgetServiceDispatcher(LoadedApk.java:1757)
08-20 16:04:49.151 16894 16894 W RcsClientLib: 	at android.app.ContextImpl.unbindService(ContextImpl.java:1874)
08-20 16:04:49.151 16894 16894 W RcsClientLib: 	at android.content.ContextWrapper.unbindService(ContextWrapper.java:792)
08-20 16:04:49.151 16894 16894 W RcsClientLib: 	at aeec.b(PG:43)
08-20 16:04:49.151 16894 16894 W RcsClientLib: 	at aeec.disconnect(PG:41)
08-20 16:04:49.151 16894 16894 W RcsClientLib: 	at koc.b(PG:40)
08-20 16:04:49.151 16894 16894 W RcsClientLib: 	at kof.a(PG:38)
08-20 16:04:49.151 16894 16894 W RcsClientLib: 	at riw.a(PG:43)
08-20 16:04:49.151 16894 16894 W RcsClientLib: 	at rif.run(Unknown Source:1)
08-20 16:04:49.151 16894 16894 W RcsClientLib: 	at afou.run(PG:3)
08-20 16:04:49.151 16894 16894 W RcsClientLib: 	at android.os.Handler.handleCallback(Handler.java:938)
08-20 16:04:49.151 16894 16894 W RcsClientLib: 	at android.os.Handler.dispatchMessage(Handler.java:99)
08-20 16:04:49.151 16894 16894 W RcsClientLib: 	at android.os.Looper.loop(Looper.java:223)
08-20 16:04:49.151 16894 16894 W RcsClientLib: 	at android.app.ActivityThread.main(ActivityThread.java:7656)
08-20 16:04:49.151 16894 16894 W RcsClientLib: 	at java.lang.reflect.Method.invoke(Native Method)
08-20 16:04:49.151 16894 16894 W RcsClientLib: 	at com.android.internal.os.RuntimeInit$MethodAndArgsCaller.run(RuntimeInit.java:592)
08-20 16:04:49.151 16894 16894 W RcsClientLib: 	at com.android.internal.os.ZygoteInit.main(ZygoteInit.java:947)
08-20 16:04:49.151 16894 16894 I BugleRcsEngine: [2] aeec.disconnect: Disconnecting ImsConnectionTrackerService
08-20 16:04:49.151 16894 16894 W RcsClientLib: Unexpected error when trying to unbind com.google.android.ims.rcsservice.ims.IImsConnectionTracker: Service not registered: aeed@318ab57
08-20 16:04:49.151 16894 16894 W RcsClientLib: java.lang.IllegalArgumentException: Service not registered: aeed@318ab57
08-20 16:04:49.151 16894 16894 W RcsClientLib: 	at android.app.LoadedApk.forgetServiceDispatcher(LoadedApk.java:1757)
08-20 16:04:49.151 16894 16894 W RcsClientLib: 	at android.app.ContextImpl.unbindService(ContextImpl.java:1874)
08-20 16:04:49.151 16894 16894 W RcsClientLib: 	at android.content.ContextWrapper.unbindService(ContextWrapper.java:792)
08-20 16:04:49.151 16894 16894 W RcsClientLib: 	at aeec.b(PG:43)
08-20 16:04:49.151 16894 16894 W RcsClientLib: 	at aeec.disconnect(PG:41)
08-20 16:04:49.151 16894 16894 W RcsClientLib: 	at koc.b(PG:41)
08-20 16:04:49.151 16894 16894 W RcsClientLib: 	at kof.a(PG:38)
08-20 16:04:49.151 16894 16894 W RcsClientLib: 	at riw.a(PG:43)
08-20 16:04:49.151 16894 16894 W RcsClientLib: 	at rif.run(Unknown Source:1)
08-20 16:04:49.151 16894 16894 W RcsClientLib: 	at afou.run(PG:3)
08-20 16:04:49.151 16894 16894 W RcsClientLib: 	at android.os.Handler.handleCallback(Handler.java:938)
08-20 16:04:49.151 16894 16894 W RcsClientLib: 	at android.os.Handler.dispatchMessage(Handler.java:99)
08-20 16:04:49.151 16894 16894 W RcsClientLib: 	at android.os.Looper.loop(Looper.java:223)
08-20 16:04:49.151 16894 16894 W RcsClientLib: 	at android.app.ActivityThread.main(ActivityThread.java:7656)
08-20 16:04:49.151 16894 16894 W RcsClientLib: 	at java.lang.reflect.Method.invoke(Native Method)
08-20 16:04:49.151 16894 16894 W RcsClientLib: 	at com.android.internal.os.RuntimeInit$MethodAndArgsCaller.run(RuntimeInit.java:592)
08-20 16:04:49.151 16894 16894 W RcsClientLib: 	at com.android.internal.os.ZygoteInit.main(ZygoteInit.java:947)
08-20 16:04:49.152 16894 16894 I BugleRcsEngine: [2] aeec.disconnect: Disconnecting RcsProfileService
08-20 16:04:49.152 16894 16894 W RcsClientLib: Unexpected error when trying to unbind com.google.android.ims.rcsservice.profile.IRcsProfile: Service not registered: aeed@b1ab32d
08-20 16:04:49.152 16894 16894 W RcsClientLib: java.lang.IllegalArgumentException: Service not registered: aeed@b1ab32d
08-20 16:04:49.152 16894 16894 W RcsClientLib: 	at android.app.LoadedApk.forgetServiceDispatcher(LoadedApk.java:1757)
08-20 16:04:49.152 16894 16894 W RcsClientLib: 	at android.app.ContextImpl.unbindService(ContextImpl.java:1874)
08-20 16:04:49.152 16894 16894 W RcsClientLib: 	at android.content.ContextWrapper.unbindService(ContextWrapper.java:792)
08-20 16:04:49.152 16894 16894 W RcsClientLib: 	at aeec.b(PG:43)
08-20 16:04:49.152 16894 16894 W RcsClientLib: 	at aeec.disconnect(PG:41)
08-20 16:04:49.152 16894 16894 W RcsClientLib: 	at koc.b(PG:42)
08-20 16:04:49.152 16894 16894 W RcsClientLib: 	at kof.a(PG:38)
08-20 16:04:49.152 16894 16894 W RcsClientLib: 	at riw.a(PG:43)
08-20 16:04:49.152 16894 16894 W RcsClientLib: 	at rif.run(Unknown Source:1)
08-20 16:04:49.152 16894 16894 W RcsClientLib: 	at afou.run(PG:3)
08-20 16:04:49.152 16894 16894 W RcsClientLib: 	at android.os.Handler.handleCallback(Handler.java:938)
08-20 16:04:49.152 16894 16894 W RcsClientLib: 	at android.os.Handler.dispatchMessage(Handler.java:99)
08-20 16:04:49.152 16894 16894 W RcsClientLib: 	at android.os.Looper.loop(Looper.java:223)
08-20 16:04:49.152 16894 16894 W RcsClientLib: 	at android.app.ActivityThread.main(ActivityThread.java:7656)
08-20 16:04:49.152 16894 16894 W RcsClientLib: 	at java.lang.reflect.Method.invoke(Native Method)
08-20 16:04:49.152 16894 16894 W RcsClientLib: 	at com.android.internal.os.RuntimeInit$MethodAndArgsCaller.run(RuntimeInit.java:592)
08-20 16:04:49.152 16894 16894 W RcsClientLib: 	at com.android.internal.os.ZygoteInit.main(ZygoteInit.java:947)
08-20 16:04:49.152 16894 16894 I BugleRcsEngine: [2] aeec.disconnect: Disconnecting BusinessInfoService
08-20 16:04:49.152 16894 16894 W RcsClientLib: Unexpected error when trying to unbind com.google.android.ims.rcsservice.businessinfo.IBusinessInfo: Service not registered: aeed@e12a5f3
08-20 16:04:49.152 16894 16894 W RcsClientLib: java.lang.IllegalArgumentException: Service not registered: aeed@e12a5f3
08-20 16:04:49.152 16894 16894 W RcsClientLib: 	at android.app.LoadedApk.forgetServiceDispatcher(LoadedApk.java:1757)
08-20 16:04:49.152 16894 16894 W RcsClientLib: 	at android.app.ContextImpl.unbindService(ContextImpl.java:1874)
08-20 16:04:49.152 16894 16894 W RcsClientLib: 	at android.content.ContextWrapper.unbindService(ContextWrapper.java:792)
08-20 16:04:49.152 16894 16894 W RcsClientLib: 	at aeec.b(PG:43)
08-20 16:04:49.152 16894 16894 W RcsClientLib: 	at aeec.disconnect(PG:41)
08-20 16:04:49.152 16894 16894 W RcsClientLib: 	at koc.b(PG:43)
08-20 16:04:49.152 16894 16894 W RcsClientLib: 	at kof.a(PG:38)
08-20 16:04:49.152 16894 16894 W RcsClientLib: 	at riw.a(PG:43)
08-20 16:04:49.152 16894 16894 W RcsClientLib: 	at rif.run(Unknown Source:1)
08-20 16:04:49.152 16894 16894 W RcsClientLib: 	at afou.run(PG:3)
08-20 16:04:49.152 16894 16894 W RcsClientLib: 	at android.os.Handler.handleCallback(Handler.java:938)
08-20 16:04:49.152 16894 16894 W RcsClientLib: 	at android.os.Handler.dispatchMessage(Handler.java:99)
08-20 16:04:49.152 16894 16894 W RcsClientLib: 	at android.os.Looper.loop(Looper.java:223)
08-20 16:04:49.152 16894 16894 W RcsClientLib: 	at android.app.ActivityThread.main(ActivityThread.java:7656)
08-20 16:04:49.152 16894 16894 W RcsClientLib: 	at java.lang.reflect.Method.invoke(Native Method)
08-20 16:04:49.152 16894 16894 W RcsClientLib: 	at com.android.internal.os.RuntimeInit$MethodAndArgsCaller.run(RuntimeInit.java:592)
08-20 16:04:49.152 16894 16894 W RcsClientLib: 	at com.android.internal.os.ZygoteInit.main(ZygoteInit.java:947)
08-20 16:04:49.152 16894 16894 I BugleRcsEngine: [2] aeec.disconnect: Disconnecting RcsMessagingService
08-20 16:04:49.152 16894 16894 W RcsClientLib: Unexpected error when trying to unbind com.google.android.rcs.client.messaging.IMessaging: Service not registered: aeed@b1c5529
08-20 16:04:49.152 16894 16894 W RcsClientLib: java.lang.IllegalArgumentException: Service not registered: aeed@b1c5529
08-20 16:04:49.152 16894 16894 W RcsClientLib: 	at android.app.LoadedApk.forgetServiceDispatcher(LoadedApk.java:1757)
08-20 16:04:49.152 16894 16894 W RcsClientLib: 	at android.app.ContextImpl.unbindService(ContextImpl.java:1874)
08-20 16:04:49.152 16894 16894 W RcsClientLib: 	at android.content.ContextWrapper.unbindService(ContextWrapper.java:792)
08-20 16:04:49.152 16894 16894 W RcsClientLib: 	at aeec.b(PG:43)
08-20 16:04:49.152 16894 16894 W RcsClientLib: 	at aeec.disconnect(PG:41)
08-20 16:04:49.152 16894 16894 W RcsClientLib: 	at koc.b(PG:44)
08-20 16:04:49.152 16894 16894 W RcsClientLib: 	at kof.a(PG:38)
08-20 16:04:49.152 16894 16894 W RcsClientLib: 	at riw.a(PG:43)
08-20 16:04:49.152 16894 16894 W RcsClientLib: 	at rif.run(Unknown Source:1)
08-20 16:04:49.152 16894 16894 W RcsClientLib: 	at afou.run(PG:3)
08-20 16:04:49.152 16894 16894 W RcsClientLib: 	at android.os.Handler.handleCallback(Handler.java:938)
08-20 16:04:49.152 16894 16894 W RcsClientLib: 	at android.os.Handler.dispatchMessage(Handler.java:99)
08-20 16:04:49.152 16894 16894 W RcsClientLib: 	at android.os.Looper.loop(Looper.java:223)
08-20 16:04:49.152 16894 16894 W RcsClientLib: 	at android.app.ActivityThread.main(ActivityThread.java:7656)
08-20 16:04:49.152 16894 16894 W RcsClientLib: 	at java.lang.reflect.Method.invoke(Native Method)
08-20 16:04:49.152 16894 16894 W RcsClientLib: 	at com.android.internal.os.RuntimeInit$MethodAndArgsCaller.run(RuntimeInit.java:592)
08-20 16:04:49.152 16894 16894 W RcsClientLib: 	at com.android.internal.os.ZygoteInit.main(ZygoteInit.java:947)
08-20 16:04:49.152 16894 16894 I BugleRcsEngine: [2] aeec.disconnect: Disconnecting TransportControlService
08-20 16:04:49.152 16894 16894 W RcsClientLib: Unexpected error when trying to unbind com.google.android.ims.rcsservice.transportcontrol.ITransportControl: Service not registered: aeed@3a7ae4f
08-20 16:04:49.152 16894 16894 W RcsClientLib: java.lang.IllegalArgumentException: Service not registered: aeed@3a7ae4f
08-20 16:04:49.152 16894 16894 W RcsClientLib: 	at android.app.LoadedApk.forgetServiceDispatcher(LoadedApk.java:1757)
08-20 16:04:49.152 16894 16894 W RcsClientLib: 	at android.app.ContextImpl.unbindService(ContextImpl.java:1874)
08-20 16:04:49.152 16894 16894 W RcsClientLib: 	at android.content.ContextWrapper.unbindService(ContextWrapper.java:792)
08-20 16:04:49.152 16894 16894 W RcsClientLib: 	at aeec.b(PG:43)
08-20 16:04:49.152 16894 16894 W RcsClientLib: 	at aeec.disconnect(PG:41)
08-20 16:04:49.152 16894 16894 W RcsClientLib: 	at koc.b(PG:45)
08-20 16:04:49.152 16894 16894 W RcsClientLib: 	at kof.a(PG:38)
08-20 16:04:49.152 16894 16894 W RcsClientLib: 	at riw.a(PG:43)
08-20 16:04:49.152 16894 16894 W RcsClientLib: 	at rif.run(Unknown Source:1)
08-20 16:04:49.152 16894 16894 W RcsClientLib: 	at afou.run(PG:3)
08-20 16:04:49.152 16894 16894 W RcsClientLib: 	at android.os.Handler.handleCallback(Handler.java:938)
08-20 16:04:49.152 16894 16894 W RcsClientLib: 	at android.os.Handler.dispatchMessage(Handler.java:99)
08-20 16:04:49.152 16894 16894 W RcsClientLib: 	at android.os.Looper.loop(Looper.java:223)
08-20 16:04:49.152 16894 16894 W RcsClientLib: 	at android.app.ActivityThread.main(ActivityThread.java:7656)
08-20 16:04:49.152 16894 16894 W RcsClientLib: 	at java.lang.reflect.Method.invoke(Native Method)
08-20 16:04:49.152 16894 16894 W RcsClientLib: 	at com.android.internal.os.RuntimeInit$MethodAndArgsCaller.run(RuntimeInit.java:592)
08-20 16:04:49.152 16894 16894 W RcsClientLib: 	at com.android.internal.os.ZygoteInit.main(ZygoteInit.java:947)
08-20 16:04:49.152 16894 16894 W BugleRcs: disconnecting from all Rcs Services
08-20 16:04:49.153   353   418 I adbd    : jdwp connection from 16951
08-20 16:04:49.155  3450  4134 I CarrierServices: [109] dtf.c: Bugle is default SMS app: true
08-20 16:04:49.158 16894 16926 I LogSaver: LogSaver new instance with filename: carrier_services
08-20 16:04:49.161  3450  4134 W CarrierServices: [109] dvk.a: No config URL. RCS will be disabled!
08-20 16:04:49.162  3450  4134 I CarrierServices: [109] ekb.b: Checking if using CarrierServices.apk is possible. Enabled: true, isAtLeastM: true, runningInsideBugle: false
08-20 16:04:49.163 16951 16951 I .apps.wallpape: The ClassLoaderContext is a special shared library.
08-20 16:04:49.163  3450  4134 I CarrierServices: [109] chn.h: BindingManager: binding and reset P/H Flag stay same
08-20 16:04:49.163  3450  4134 I CarrierServices: [109] dsd.a: RcsAvailabilityManager: Rcs Availability still DISABLED_VIA_GSERVICES (RCS is disabled for this carrier by Google)
08-20 16:04:49.175 16894 16926 I BugleBackup: Registering preference change listener for "bugle".
08-20 16:04:49.177 16894 16941 I BugleRcsEngine: [131] xgu.k: Skipping writing to Msisdn because this is main bugle process.
08-20 16:04:49.177 16894 16941 I BugleRcsEngine: [131] xgu.a: Skipping writing subId because this is main bugle process.
08-20 16:04:49.179 16894 16941 I BugleRcsEngine: [131] xgu.a: Updated SIM info: currentSimId: hashed-pii:sim_id[[vTVCMUGjVI_F7R4Oo1UZaQU2sZg71SHGs3-sAfk2lb4]]; imsi: hashed-pii:imsi[[ZfXj8KzSbt55WH7s4LmgwzBiyEXIYMVn19h0l4CpF0w]]; rawMsisdn: hashed-pii:phone_number[[NznxYcOqbUZ1r_XM6fgpwAdR6_xLBxCmVup7U1g0DEc]]; formattedMsisdn: hashed-pii:phone_number[]; mccmnc: hashed-pii:sim_operator[[QqB0Wj3OJp92ZCYtGisKLEqmD5B93v6pH1L_t98ozKo]] isFiDevice: false; subId: 1; slotIndex: 0
08-20 16:04:49.181 16894 16941 I BugleRcsEngine: [131] xgu.a: Broadcasting Intent { act=com.google.android.ims.SIM_LOADED (has extras) }
08-20 16:04:49.204 16894 16930 I BugleRcs: RcsAvailabilityUtilForProvisioningEngineV2: success updating RCS availability async
08-20 16:04:49.220 16894 16894 I Bugle   : SimChangeReceiver: action: com.google.android.ims.SIM_LOADED
08-20 16:04:49.225 16894 16930 I BugleRcsEngine: [120] aeec.connect: Connecting SignupService
08-20 16:04:49.226 16894 16933 I BugleRcsEngine: [123] xgy.a: SIM state event delay enabled: attempts 0, maxAttempts 3, delaySeconds 90 MSIM delayseconds 90, effective delay seconds 90
08-20 16:04:49.226 16894 16933 I BugleRcsEngine: [123] xgy.a: posted simEventProcessTask to handler with delay 90
08-20 16:04:49.226 16894 16933 I BugleRcsEngine: [123] xgu.a: delay SIM event: android.intent.action.SIM_STATE_CHANGED, LOADED
08-20 16:04:49.227 16894 16930 I BugleRcsEngine: [120] aeec.connect: shouldUseCarrierServicesJibeService: true, CarrierServices rcs service found: true
08-20 16:04:49.227 16894 16930 I BugleRcsEngine: [120] aeec.connect: Binding to JibeService in CarrierServices.
08-20 16:04:49.228 16894 16894 I RcsClientLib: Service com.google.android.rcs.client.signup.SignupService connected. Will notify listeners: true
08-20 16:04:49.229  3450  3645 I CarrierServices: [91] dsd.a: RcsAvailabilityManager: Calculating Rcs Availability
08-20 16:04:49.232  3450  3645 I CarrierServices: [91] dtf.b: Bugle has minimum required RCS permissions: true
08-20 16:04:49.234  3450  3645 I CarrierServices: [91] dtf.a: Rcs is enabled from user settings: true
08-20 16:04:49.237  3450  3645 I CarrierServices: [91] dtf.c: Bugle is default SMS app: true
08-20 16:04:49.238  3450  3645 W CarrierServices: [91] dvk.a: No config URL. RCS will be disabled!
08-20 16:04:49.241  3450  3645 I CarrierServices: [91] ekb.b: Checking if using CarrierServices.apk is possible. Enabled: true, isAtLeastM: true, runningInsideBugle: false
08-20 16:04:49.241 16894 16894 I BugleRcsEngine: [2] wdp.b: Reinitialize CSLib Flags: com.google.android.ims.library
08-20 16:04:49.242  3450  3645 I CarrierServices: [91] chn.h: BindingManager: binding and reset P/H Flag stay same
08-20 16:04:49.242  3450  3645 I CarrierServices: [91] dsd.a: RcsAvailabilityManager: Rcs Availability still DISABLED_VIA_GSERVICES (RCS is disabled for this carrier by Google)
08-20 16:04:49.242 16894 16930 I BugleRcs: RcsAvailabilityUtilForProvisioningEngineV2: Get Updated RcsAvailability, RcsAvailability: DISABLED_VIA_GSERVICES, SimId: Redacted-20
08-20 16:04:49.242 16894 16930 I BugleRcsEngine: [120] aeec.disconnect: Disconnecting SignupService
08-20 16:04:49.242 16894 16894 I BugleRcsEngine: [2] aeec.disconnect: Disconnecting ChatSessionService
08-20 16:04:49.242 16894 16894 W RcsClientLib: Unexpected error when trying to unbind com.google.android.ims.rcsservice.chatsession.IChatSession: Service not registered: aeed@3e61980
08-20 16:04:49.243 16894 16894 W RcsClientLib: java.lang.IllegalArgumentException: Service not registered: aeed@3e61980
08-20 16:04:49.243 16894 16894 W RcsClientLib: 	at android.app.LoadedApk.forgetServiceDispatcher(LoadedApk.java:1757)
08-20 16:04:49.243 16894 16894 W RcsClientLib: 	at android.app.ContextImpl.unbindService(ContextImpl.java:1874)
08-20 16:04:49.243 16894 16894 W RcsClientLib: 	at android.content.ContextWrapper.unbindService(ContextWrapper.java:792)
08-20 16:04:49.243 16894 16894 W RcsClientLib: 	at aeec.b(PG:43)
08-20 16:04:49.243 16894 16894 W RcsClientLib: 	at aeec.disconnect(PG:41)
08-20 16:04:49.243 16894 16894 W RcsClientLib: 	at koc.b(PG:36)
08-20 16:04:49.243 16894 16894 W RcsClientLib: 	at kof.a(PG:38)
08-20 16:04:49.243 16894 16894 W RcsClientLib: 	at riw.a(PG:43)
08-20 16:04:49.243 16894 16894 W RcsClientLib: 	at rif.run(Unknown Source:1)
08-20 16:04:49.243 16894 16894 W RcsClientLib: 	at afou.run(PG:3)
08-20 16:04:49.243 16894 16894 W RcsClientLib: 	at android.os.Handler.handleCallback(Handler.java:938)
08-20 16:04:49.243 16894 16894 W RcsClientLib: 	at android.os.Handler.dispatchMessage(Handler.java:99)
08-20 16:04:49.243 16894 16894 W RcsClientLib: 	at android.os.Looper.loop(Looper.java:223)
08-20 16:04:49.243 16894 16894 W RcsClientLib: 	at android.app.ActivityThread.main(ActivityThread.java:7656)
08-20 16:04:49.243 16894 16894 W RcsClientLib: 	at java.lang.reflect.Method.invoke(Native Method)
08-20 16:04:49.243 16894 16894 W RcsClientLib: 	at com.android.internal.os.RuntimeInit$MethodAndArgsCaller.run(RuntimeInit.java:592)
08-20 16:04:49.243 16894 16894 W RcsClientLib: 	at com.android.internal.os.ZygoteInit.main(ZygoteInit.java:947)
08-20 16:04:49.243 16894 16894 I BugleRcsEngine: [2] aeec.disconnect: Disconnecting EventService
08-20 16:04:49.243 16894 16894 W RcsClientLib: Unexpected error when trying to unbind com.google.android.ims.rcsservice.events.IEvent: Service not registered: aeed@6ee2f5f
08-20 16:04:49.243 16894 16894 W RcsClientLib: java.lang.IllegalArgumentException: Service not registered: aeed@6ee2f5f
08-20 16:04:49.243 16894 16894 W RcsClientLib: 	at android.app.LoadedApk.forgetServiceDispatcher(LoadedApk.java:1757)
08-20 16:04:49.243 16894 16894 W RcsClientLib: 	at android.app.ContextImpl.unbindService(ContextImpl.java:1874)
08-20 16:04:49.243 16894 16894 W RcsClientLib: 	at android.content.ContextWrapper.unbindService(ContextWrapper.java:792)
08-20 16:04:49.243 16894 16894 W RcsClientLib: 	at aeec.b(PG:43)
08-20 16:04:49.243 16894 16894 W RcsClientLib: 	at aeec.disconnect(PG:41)
08-20 16:04:49.243 16894 16894 W RcsClientLib: 	at com.google.android.rcs.client.events.EventService.disconnect(PG:7)
08-20 16:04:49.243 16894 16894 W RcsClientLib: 	at koc.b(PG:37)
08-20 16:04:49.243 16894 16894 W RcsClientLib: 	at kof.a(PG:38)
08-20 16:04:49.243 16894 16894 W RcsClientLib: 	at riw.a(PG:43)
08-20 16:04:49.243 16894 16894 W RcsClientLib: 	at rif.run(Unknown Source:1)
08-20 16:04:49.243 16894 16894 W RcsClientLib: 	at afou.run(PG:3)
08-20 16:04:49.243 16894 16894 W RcsClientLib: 	at android.os.Handler.handleCallback(Handler.java:938)
08-20 16:04:49.243 16894 16894 W RcsClientLib: 	at android.os.Handler.dispatchMessage(Handler.java:99)
08-20 16:04:49.243 16894 16894 W RcsClientLib: 	at android.os.Looper.loop(Looper.java:223)
08-20 16:04:49.243 16894 16894 W RcsClientLib: 	at android.app.ActivityThread.main(ActivityThread.java:7656)
08-20 16:04:49.243 16894 16894 W RcsClientLib: 	at java.lang.reflect.Method.invoke(Native Method)
08-20 16:04:49.243 16894 16894 W RcsClientLib: 	at com.android.internal.os.RuntimeInit$MethodAndArgsCaller.run(RuntimeInit.java:592)
08-20 16:04:49.243 16894 16894 W RcsClientLib: 	at com.android.internal.os.ZygoteInit.main(ZygoteInit.java:947)
08-20 16:04:49.243 16894 16894 I BugleRcsEngine: [2] aeec.disconnect: Disconnecting ContactsService
08-20 16:04:49.243 16894 16894 W RcsClientLib: Unexpected error when trying to unbind com.google.android.ims.rcsservice.contacts.IContactsManagement: Service not registered: aeed@c2aaa75
08-20 16:04:49.243 16894 16894 W RcsClientLib: java.lang.IllegalArgumentException: Service not registered: aeed@c2aaa75
08-20 16:04:49.243 16894 16894 W RcsClientLib: 	at android.app.LoadedApk.forgetServiceDispatcher(LoadedApk.java:1757)
08-20 16:04:49.243 16894 16894 W RcsClientLib: 	at android.app.ContextImpl.unbindService(ContextImpl.java:1874)
08-20 16:04:49.243 16894 16894 W RcsClientLib: 	at android.content.ContextWrapper.unbindService(ContextWrapper.java:792)
08-20 16:04:49.243 16894 16894 W RcsClientLib: 	at aeec.b(PG:43)
08-20 16:04:49.243 16894 16894 W RcsClientLib: 	at aeec.disconnect(PG:41)
08-20 16:04:49.243 16894 16894 W RcsClientLib: 	at koc.b(PG:38)
08-20 16:04:49.243 16894 16894 W RcsClientLib: 	at kof.a(PG:38)
08-20 16:04:49.243 16894 16894 W RcsClientLib: 	at riw.a(PG:43)
08-20 16:04:49.243 16894 16894 W RcsClientLib: 	at rif.run(Unknown Source:1)
08-20 16:04:49.243 16894 16894 W RcsClientLib: 	at afou.run(PG:3)
08-20 16:04:49.243 16894 16894 W RcsClientLib: 	at android.os.Handler.handleCallback(Handler.java:938)
08-20 16:04:49.243 16894 16894 W RcsClientLib: 	at android.os.Handler.dispatchMessage(Handler.java:99)
08-20 16:04:49.243 16894 16894 W RcsClientLib: 	at android.os.Looper.loop(Looper.java:223)
08-20 16:04:49.243 16894 16894 W RcsClientLib: 	at android.app.ActivityThread.main(ActivityThread.java:7656)
08-20 16:04:49.243 16894 16894 W RcsClientLib: 	at java.lang.reflect.Method.invoke(Native Method)
08-20 16:04:49.243 16894 16894 W RcsClientLib: 	at com.android.internal.os.RuntimeInit$MethodAndArgsCaller.run(RuntimeInit.java:592)
08-20 16:04:49.243 16894 16894 W RcsClientLib: 	at com.android.internal.os.ZygoteInit.main(ZygoteInit.java:947)
08-20 16:04:49.243 16894 16894 I BugleRcsEngine: [2] aeec.disconnect: Disconnecting FileTransferService
08-20 16:04:49.243 16894 16894 W RcsClientLib: Unexpected error when trying to unbind com.google.android.ims.rcsservice.filetransfer.IFileTransfer: Service not registered: aeed@3f0627b
08-20 16:04:49.243 16894 16930 I BugleRcs: RcsAvailabilityUtilForProvisioningEngineV2: success updating RCS availability async
08-20 16:04:49.243 16894 16894 W RcsClientLib: java.lang.IllegalArgumentException: Service not registered: aeed@3f0627b
08-20 16:04:49.243 16894 16894 W RcsClientLib: 	at android.app.LoadedApk.forgetServiceDispatcher(LoadedApk.java:1757)
08-20 16:04:49.243 16894 16894 W RcsClientLib: 	at android.app.ContextImpl.unbindService(ContextImpl.java:1874)
08-20 16:04:49.243 16894 16894 W RcsClientLib: 	at android.content.ContextWrapper.unbindService(ContextWrapper.java:792)
08-20 16:04:49.243 16894 16894 W RcsClientLib: 	at aeec.b(PG:43)
08-20 16:04:49.243 16894 16894 W RcsClientLib: 	at aeec.disconnect(PG:41)
08-20 16:04:49.243 16894 16894 W RcsClientLib: 	at koc.b(PG:39)
08-20 16:04:49.243 16894 16894 W RcsClientLib: 	at kof.a(PG:38)
08-20 16:04:49.243 16894 16894 W RcsClientLib: 	at riw.a(PG:43)
08-20 16:04:49.243 16894 16894 W RcsClientLib: 	at rif.run(Unknown Source:1)
08-20 16:04:49.243 16894 16894 W RcsClientLib: 	at afou.run(PG:3)
08-20 16:04:49.243 16894 16894 W RcsClientLib: 	at android.os.Handler.handleCallback(Handler.java:938)
08-20 16:04:49.243 16894 16894 W RcsClientLib: 	at android.os.Handler.dispatchMessage(Handler.java:99)
08-20 16:04:49.243 16894 16894 W RcsClientLib: 	at android.os.Looper.loop(Looper.java:223)
08-20 16:04:49.243 16894 16894 W RcsClientLib: 	at android.app.ActivityThread.main(ActivityThread.java:7656)
08-20 16:04:49.243 16894 16894 W RcsClientLib: 	at java.lang.reflect.Method.invoke(Native Method)
08-20 16:04:49.243 16894 16894 W RcsClientLib: 	at com.android.internal.os.RuntimeInit$MethodAndArgsCaller.run(RuntimeInit.java:592)
08-20 16:04:49.243 16894 16894 W RcsClientLib: 	at com.android.internal.os.ZygoteInit.main(ZygoteInit.java:947)
08-20 16:04:49.243 16894 16894 I BugleRcsEngine: [2] aeec.disconnect: Disconnecting LocationSharingService
08-20 16:04:49.243 16894 16894 W RcsClientLib: Unexpected error when trying to unbind com.google.android.ims.rcsservice.locationsharing.ILocationSharing: Service not registered: aeed@48878f1
08-20 16:04:49.243 16894 16894 W RcsClientLib: java.lang.IllegalArgumentException: Service not registered: aeed@48878f1
08-20 16:04:49.243 16894 16894 W RcsClientLib: 	at android.app.LoadedApk.forgetServiceDispatcher(LoadedApk.java:1757)
08-20 16:04:49.243 16894 16894 W RcsClientLib: 	at android.app.ContextImpl.unbindService(ContextImpl.java:1874)
08-20 16:04:49.243 16894 16894 W RcsClientLib: 	at android.content.ContextWrapper.unbindService(ContextWrapper.java:792)
08-20 16:04:49.243 16894 16894 W RcsClientLib: 	at aeec.b(PG:43)
08-20 16:04:49.243 16894 16894 W RcsClientLib: 	at aeec.disconnect(PG:41)
08-20 16:04:49.243 16894 16894 W RcsClientLib: 	at koc.b(PG:40)
08-20 16:04:49.243 16894 16894 W RcsClientLib: 	at kof.a(PG:38)
08-20 16:04:49.243 16894 16894 W RcsClientLib: 	at riw.a(PG:43)
08-20 16:04:49.243 16894 16894 W RcsClientLib: 	at rif.run(Unknown Source:1)
08-20 16:04:49.243 16894 16894 W RcsClientLib: 	at afou.run(PG:3)
08-20 16:04:49.243 16894 16894 W RcsClientLib: 	at android.os.Handler.handleCallback(Handler.java:938)
08-20 16:04:49.243 16894 16894 W RcsClientLib: 	at android.os.Handler.dispatchMessage(Handler.java:99)
08-20 16:04:49.243 16894 16894 W RcsClientLib: 	at android.os.Looper.loop(Looper.java:223)
08-20 16:04:49.243 16894 16894 W RcsClientLib: 	at android.app.ActivityThread.main(ActivityThread.java:7656)
08-20 16:04:49.243 16894 16894 W RcsClientLib: 	at java.lang.reflect.Method.invoke(Native Method)
08-20 16:04:49.243 16894 16894 W RcsClientLib: 	at com.android.internal.os.RuntimeInit$MethodAndArgsCaller.run(RuntimeInit.java:592)
08-20 16:04:49.243 16894 16894 W RcsClientLib: 	at com.android.internal.os.ZygoteInit.main(ZygoteInit.java:947)
08-20 16:04:49.243 16894 16894 I BugleRcsEngine: [2] aeec.disconnect: Disconnecting ImsConnectionTrackerService
08-20 16:04:49.243 16894 16894 W RcsClientLib: Unexpected error when trying to unbind com.google.android.ims.rcsservice.ims.IImsConnectionTracker: Service not registered: aeed@318ab57
08-20 16:04:49.243 16894 16894 W RcsClientLib: java.lang.IllegalArgumentException: Service not registered: aeed@318ab57
08-20 16:04:49.243 16894 16894 W RcsClientLib: 	at android.app.LoadedApk.forgetServiceDispatcher(LoadedApk.java:1757)
08-20 16:04:49.243 16894 16894 W RcsClientLib: 	at android.app.ContextImpl.unbindService(ContextImpl.java:1874)
08-20 16:04:49.243 16894 16894 W RcsClientLib: 	at android.content.ContextWrapper.unbindService(ContextWrapper.java:792)
08-20 16:04:49.243 16894 16894 W RcsClientLib: 	at aeec.b(PG:43)
08-20 16:04:49.243 16894 16894 W RcsClientLib: 	at aeec.disconnect(PG:41)
08-20 16:04:49.243 16894 16894 W RcsClientLib: 	at koc.b(PG:41)
08-20 16:04:49.243 16894 16894 W RcsClientLib: 	at kof.a(PG:38)
08-20 16:04:49.243 16894 16894 W RcsClientLib: 	at riw.a(PG:43)
08-20 16:04:49.243 16894 16894 W RcsClientLib: 	at rif.run(Unknown Source:1)
08-20 16:04:49.243 16894 16894 W RcsClientLib: 	at afou.run(PG:3)
08-20 16:04:49.243 16894 16894 W RcsClientLib: 	at android.os.Handler.handleCallback(Handler.java:938)
08-20 16:04:49.243 16894 16894 W RcsClientLib: 	at android.os.Handler.dispatchMessage(Handler.java:99)
08-20 16:04:49.243 16894 16894 W RcsClientLib: 	at android.os.Looper.loop(Looper.java:223)
08-20 16:04:49.243 16894 16894 W RcsClientLib: 	at android.app.ActivityThread.main(ActivityThread.java:7656)
08-20 16:04:49.243 16894 16894 W RcsClientLib: 	at java.lang.reflect.Method.invoke(Native Method)
08-20 16:04:49.243 16894 16894 W RcsClientLib: 	at com.android.internal.os.RuntimeInit$MethodAndArgsCaller.run(RuntimeInit.java:592)
08-20 16:04:49.243 16894 16894 W RcsClientLib: 	at com.android.internal.os.ZygoteInit.main(ZygoteInit.java:947)
08-20 16:04:49.243 16894 16894 I BugleRcsEngine: [2] aeec.disconnect: Disconnecting RcsProfileService
08-20 16:04:49.243 16894 16894 W RcsClientLib: Unexpected error when trying to unbind com.google.android.ims.rcsservice.profile.IRcsProfile: Service not registered: aeed@b1ab32d
08-20 16:04:49.244 16894 16894 W RcsClientLib: java.lang.IllegalArgumentException: Service not registered: aeed@b1ab32d
08-20 16:04:49.244 16894 16894 W RcsClientLib: 	at android.app.LoadedApk.forgetServiceDispatcher(LoadedApk.java:1757)
08-20 16:04:49.244 16894 16894 W RcsClientLib: 	at android.app.ContextImpl.unbindService(ContextImpl.java:1874)
08-20 16:04:49.244 16894 16894 W RcsClientLib: 	at android.content.ContextWrapper.unbindService(ContextWrapper.java:792)
08-20 16:04:49.244 16894 16894 W RcsClientLib: 	at aeec.b(PG:43)
08-20 16:04:49.244 16894 16894 W RcsClientLib: 	at aeec.disconnect(PG:41)
08-20 16:04:49.244 16894 16894 W RcsClientLib: 	at koc.b(PG:42)
08-20 16:04:49.244 16894 16894 W RcsClientLib: 	at kof.a(PG:38)
08-20 16:04:49.244 16894 16894 W RcsClientLib: 	at riw.a(PG:43)
08-20 16:04:49.244 16894 16894 W RcsClientLib: 	at rif.run(Unknown Source:1)
08-20 16:04:49.244 16894 16894 W RcsClientLib: 	at afou.run(PG:3)
08-20 16:04:49.244 16894 16894 W RcsClientLib: 	at android.os.Handler.handleCallback(Handler.java:938)
08-20 16:04:49.244 16894 16894 W RcsClientLib: 	at android.os.Handler.dispatchMessage(Handler.java:99)
08-20 16:04:49.244 16894 16894 W RcsClientLib: 	at android.os.Looper.loop(Looper.java:223)
08-20 16:04:49.244 16894 16894 W RcsClientLib: 	at android.app.ActivityThread.main(ActivityThread.java:7656)
08-20 16:04:49.244 16894 16894 W RcsClientLib: 	at java.lang.reflect.Method.invoke(Native Method)
08-20 16:04:49.244 16894 16894 W RcsClientLib: 	at com.android.internal.os.RuntimeInit$MethodAndArgsCaller.run(RuntimeInit.java:592)
08-20 16:04:49.244 16894 16894 W RcsClientLib: 	at com.android.internal.os.ZygoteInit.main(ZygoteInit.java:947)
08-20 16:04:49.244 16894 16894 I BugleRcsEngine: [2] aeec.disconnect: Disconnecting BusinessInfoService
08-20 16:04:49.244 16894 16894 W RcsClientLib: Unexpected error when trying to unbind com.google.android.ims.rcsservice.businessinfo.IBusinessInfo: Service not registered: aeed@e12a5f3
08-20 16:04:49.244 16894 16894 W RcsClientLib: java.lang.IllegalArgumentException: Service not registered: aeed@e12a5f3
08-20 16:04:49.244 16894 16894 W RcsClientLib: 	at android.app.LoadedApk.forgetServiceDispatcher(LoadedApk.java:1757)
08-20 16:04:49.244 16894 16894 W RcsClientLib: 	at android.app.ContextImpl.unbindService(ContextImpl.java:1874)
08-20 16:04:49.244 16894 16894 W RcsClientLib: 	at android.content.ContextWrapper.unbindService(ContextWrapper.java:792)
08-20 16:04:49.244 16894 16894 W RcsClientLib: 	at aeec.b(PG:43)
08-20 16:04:49.244 16894 16894 W RcsClientLib: 	at aeec.disconnect(PG:41)
08-20 16:04:49.244 16894 16894 W RcsClientLib: 	at koc.b(PG:43)
08-20 16:04:49.244 16894 16894 W RcsClientLib: 	at kof.a(PG:38)
08-20 16:04:49.244 16894 16894 W RcsClientLib: 	at riw.a(PG:43)
08-20 16:04:49.244 16894 16894 W RcsClientLib: 	at rif.run(Unknown Source:1)
08-20 16:04:49.244 16894 16894 W RcsClientLib: 	at afou.run(PG:3)
08-20 16:04:49.244 16894 16894 W RcsClientLib: 	at android.os.Handler.handleCallback(Handler.java:938)
08-20 16:04:49.244 16894 16894 W RcsClientLib: 	at android.os.Handler.dispatchMessage(Handler.java:99)
08-20 16:04:49.244 16894 16894 W RcsClientLib: 	at android.os.Looper.loop(Looper.java:223)
08-20 16:04:49.244 16894 16894 W RcsClientLib: 	at android.app.ActivityThread.main(ActivityThread.java:7656)
08-20 16:04:49.244 16894 16894 W RcsClientLib: 	at java.lang.reflect.Method.invoke(Native Method)
08-20 16:04:49.244 16894 16894 W RcsClientLib: 	at com.android.internal.os.RuntimeInit$MethodAndArgsCaller.run(RuntimeInit.java:592)
08-20 16:04:49.244 16894 16894 W RcsClientLib: 	at com.android.internal.os.ZygoteInit.main(ZygoteInit.java:947)
08-20 16:04:49.244 16894 16894 I BugleRcsEngine: [2] aeec.disconnect: Disconnecting RcsMessagingService
08-20 16:04:49.244 16894 16894 W RcsClientLib: Unexpected error when trying to unbind com.google.android.rcs.client.messaging.IMessaging: Service not registered: aeed@b1c5529
08-20 16:04:49.244 16894 16894 W RcsClientLib: java.lang.IllegalArgumentException: Service not registered: aeed@b1c5529
08-20 16:04:49.244 16894 16894 W RcsClientLib: 	at android.app.LoadedApk.forgetServiceDispatcher(LoadedApk.java:1757)
08-20 16:04:49.244 16894 16894 W RcsClientLib: 	at android.app.ContextImpl.unbindService(ContextImpl.java:1874)
08-20 16:04:49.244 16894 16894 W RcsClientLib: 	at android.content.ContextWrapper.unbindService(ContextWrapper.java:792)
08-20 16:04:49.244 16894 16894 W RcsClientLib: 	at aeec.b(PG:43)
08-20 16:04:49.244 16894 16894 W RcsClientLib: 	at aeec.disconnect(PG:41)
08-20 16:04:49.244 16894 16894 W RcsClientLib: 	at koc.b(PG:44)
08-20 16:04:49.244 16894 16894 W RcsClientLib: 	at kof.a(PG:38)
08-20 16:04:49.244 16894 16894 W RcsClientLib: 	at riw.a(PG:43)
08-20 16:04:49.244 16894 16894 W RcsClientLib: 	at rif.run(Unknown Source:1)
08-20 16:04:49.244 16894 16894 W RcsClientLib: 	at afou.run(PG:3)
08-20 16:04:49.244 16894 16894 W RcsClientLib: 	at android.os.Handler.handleCallback(Handler.java:938)
08-20 16:04:49.244 16894 16894 W RcsClientLib: 	at android.os.Handler.dispatchMessage(Handler.java:99)
08-20 16:04:49.244 16894 16894 W RcsClientLib: 	at android.os.Looper.loop(Looper.java:223)
08-20 16:04:49.244 16894 16894 W RcsClientLib: 	at android.app.ActivityThread.main(ActivityThread.java:7656)
08-20 16:04:49.244 16894 16894 W RcsClientLib: 	at java.lang.reflect.Method.invoke(Native Method)
08-20 16:04:49.244 16894 16894 W RcsClientLib: 	at com.android.internal.os.RuntimeInit$MethodAndArgsCaller.run(RuntimeInit.java:592)
08-20 16:04:49.244 16894 16894 W RcsClientLib: 	at com.android.internal.os.ZygoteInit.main(ZygoteInit.java:947)
08-20 16:04:49.244 16894 16894 I BugleRcsEngine: [2] aeec.disconnect: Disconnecting TransportControlService
08-20 16:04:49.244 16894 16894 W RcsClientLib: Unexpected error when trying to unbind com.google.android.ims.rcsservice.transportcontrol.ITransportControl: Service not registered: aeed@3a7ae4f
08-20 16:04:49.244 16894 16894 W RcsClientLib: java.lang.IllegalArgumentException: Service not registered: aeed@3a7ae4f
08-20 16:04:49.244 16894 16894 W RcsClientLib: 	at android.app.LoadedApk.forgetServiceDispatcher(LoadedApk.java:1757)
08-20 16:04:49.244 16894 16894 W RcsClientLib: 	at android.app.ContextImpl.unbindService(ContextImpl.java:1874)
08-20 16:04:49.244 16894 16894 W RcsClientLib: 	at android.content.ContextWrapper.unbindService(ContextWrapper.java:792)
08-20 16:04:49.244 16894 16894 W RcsClientLib: 	at aeec.b(PG:43)
08-20 16:04:49.244 16894 16894 W RcsClientLib: 	at aeec.disconnect(PG:41)
08-20 16:04:49.244 16894 16894 W RcsClientLib: 	at koc.b(PG:45)
08-20 16:04:49.244 16894 16894 W RcsClientLib: 	at kof.a(PG:38)
08-20 16:04:49.244 16894 16894 W RcsClientLib: 	at riw.a(PG:43)
08-20 16:04:49.244 16894 16894 W RcsClientLib: 	at rif.run(Unknown Source:1)
08-20 16:04:49.244 16894 16894 W RcsClientLib: 	at afou.run(PG:3)
08-20 16:04:49.244 16894 16894 W RcsClientLib: 	at android.os.Handler.handleCallback(Handler.java:938)
08-20 16:04:49.244 16894 16894 W RcsClientLib: 	at android.os.Handler.dispatchMessage(Handler.java:99)
08-20 16:04:49.244 16894 16894 W RcsClientLib: 	at android.os.Looper.loop(Looper.java:223)
08-20 16:04:49.244 16894 16894 W RcsClientLib: 	at android.app.ActivityThread.main(ActivityThread.java:7656)
08-20 16:04:49.244 16894 16894 W RcsClientLib: 	at java.lang.reflect.Method.invoke(Native Method)
08-20 16:04:49.244 16894 16894 W RcsClientLib: 	at com.android.internal.os.RuntimeInit$MethodAndArgsCaller.run(RuntimeInit.java:592)
08-20 16:04:49.244 16894 16894 W RcsClientLib: 	at com.android.internal.os.ZygoteInit.main(ZygoteInit.java:947)
08-20 16:04:49.244 16894 16894 W BugleRcs: disconnecting from all Rcs Services
08-20 16:04:49.264 16894 16928 I BugleRcsEngine: [118] aeec.connect: Connecting SignupService
08-20 16:04:49.265 16894 16928 I BugleRcsEngine: [118] aeec.connect: shouldUseCarrierServicesJibeService: true, CarrierServices rcs service found: true
08-20 16:04:49.265 16894 16928 I BugleRcsEngine: [118] aeec.connect: Binding to JibeService in CarrierServices.
08-20 16:04:49.266 16894 16894 I RcsClientLib: Service com.google.android.rcs.client.signup.SignupService connected. Will notify listeners: true
08-20 16:04:49.266  3450  3645 I CarrierServices: [91] dsd.a: RcsAvailabilityManager: Calculating Rcs Availability
08-20 16:04:49.267  3450  3645 I CarrierServices: [91] dtf.b: Bugle has minimum required RCS permissions: true
08-20 16:04:49.270  3450  3645 I CarrierServices: [91] dtf.a: Rcs is enabled from user settings: true
08-20 16:04:49.271  3450  3645 I CarrierServices: [91] dtf.c: Bugle is default SMS app: true
08-20 16:04:49.272  3450  3645 W CarrierServices: [91] dvk.a: No config URL. RCS will be disabled!
08-20 16:04:49.272  3450  3645 I CarrierServices: [91] ekb.b: Checking if using CarrierServices.apk is possible. Enabled: true, isAtLeastM: true, runningInsideBugle: false
08-20 16:04:49.272  3450  3645 I CarrierServices: [91] chn.h: BindingManager: binding and reset P/H Flag stay same
08-20 16:04:49.272  3450  3645 I CarrierServices: [91] dsd.a: RcsAvailabilityManager: Rcs Availability still DISABLED_VIA_GSERVICES (RCS is disabled for this carrier by Google)
08-20 16:04:49.273 16894 16928 I BugleRcs: RcsAvailabilityUtilForProvisioningEngineV2: Get Updated RcsAvailability, RcsAvailability: DISABLED_VIA_GSERVICES, SimId: Redacted-20
08-20 16:04:49.273 16894 16928 I BugleRcsEngine: [118] aeec.disconnect: Disconnecting SignupService
08-20 16:04:49.273 16894 16894 I BugleRcsEngine: [2] aeec.disconnect: Disconnecting ChatSessionService
08-20 16:04:49.273 16894 16894 W RcsClientLib: Unexpected error when trying to unbind com.google.android.ims.rcsservice.chatsession.IChatSession: Service not registered: aeed@3e61980
08-20 16:04:49.273 16894 16894 W RcsClientLib: java.lang.IllegalArgumentException: Service not registered: aeed@3e61980
08-20 16:04:49.273 16894 16894 W RcsClientLib: 	at android.app.LoadedApk.forgetServiceDispatcher(LoadedApk.java:1757)
08-20 16:04:49.273 16894 16894 W RcsClientLib: 	at android.app.ContextImpl.unbindService(ContextImpl.java:1874)
08-20 16:04:49.273 16894 16894 W RcsClientLib: 	at android.content.ContextWrapper.unbindService(ContextWrapper.java:792)
08-20 16:04:49.273 16894 16894 W RcsClientLib: 	at aeec.b(PG:43)
08-20 16:04:49.273 16894 16894 W RcsClientLib: 	at aeec.disconnect(PG:41)
08-20 16:04:49.273 16894 16894 W RcsClientLib: 	at koc.b(PG:36)
08-20 16:04:49.273 16894 16894 W RcsClientLib: 	at kof.a(PG:38)
08-20 16:04:49.273 16894 16894 W RcsClientLib: 	at riw.a(PG:43)
08-20 16:04:49.273 16894 16894 W RcsClientLib: 	at rif.run(Unknown Source:1)
08-20 16:04:49.273 16894 16894 W RcsClientLib: 	at afou.run(PG:3)
08-20 16:04:49.273 16894 16894 W RcsClientLib: 	at android.os.Handler.handleCallback(Handler.java:938)
08-20 16:04:49.273 16894 16894 W RcsClientLib: 	at android.os.Handler.dispatchMessage(Handler.java:99)
08-20 16:04:49.273 16894 16894 W RcsClientLib: 	at android.os.Looper.loop(Looper.java:223)
08-20 16:04:49.273 16894 16894 W RcsClientLib: 	at android.app.ActivityThread.main(ActivityThread.java:7656)
08-20 16:04:49.273 16894 16894 W RcsClientLib: 	at java.lang.reflect.Method.invoke(Native Method)
08-20 16:04:49.273 16894 16894 W RcsClientLib: 	at com.android.internal.os.RuntimeInit$MethodAndArgsCaller.run(RuntimeInit.java:592)
08-20 16:04:49.273 16894 16894 W RcsClientLib: 	at com.android.internal.os.ZygoteInit.main(ZygoteInit.java:947)
08-20 16:04:49.273 16894 16894 I BugleRcsEngine: [2] aeec.disconnect: Disconnecting EventService
08-20 16:04:49.273 16894 16894 W RcsClientLib: Unexpected error when trying to unbind com.google.android.ims.rcsservice.events.IEvent: Service not registered: aeed@6ee2f5f
08-20 16:04:49.273 16894 16894 W RcsClientLib: java.lang.IllegalArgumentException: Service not registered: aeed@6ee2f5f
08-20 16:04:49.273 16894 16894 W RcsClientLib: 	at android.app.LoadedApk.forgetServiceDispatcher(LoadedApk.java:1757)
08-20 16:04:49.273 16894 16894 W RcsClientLib: 	at android.app.ContextImpl.unbindService(ContextImpl.java:1874)
08-20 16:04:49.273 16894 16894 W RcsClientLib: 	at android.content.ContextWrapper.unbindService(ContextWrapper.java:792)
08-20 16:04:49.273 16894 16894 W RcsClientLib: 	at aeec.b(PG:43)
08-20 16:04:49.273 16894 16894 W RcsClientLib: 	at aeec.disconnect(PG:41)
08-20 16:04:49.273 16894 16894 W RcsClientLib: 	at com.google.android.rcs.client.events.EventService.disconnect(PG:7)
08-20 16:04:49.273 16894 16894 W RcsClientLib: 	at koc.b(PG:37)
08-20 16:04:49.273 16894 16894 W RcsClientLib: 	at kof.a(PG:38)
08-20 16:04:49.273 16894 16894 W RcsClientLib: 	at riw.a(PG:43)
08-20 16:04:49.273 16894 16894 W RcsClientLib: 	at rif.run(Unknown Source:1)
08-20 16:04:49.273 16894 16894 W RcsClientLib: 	at afou.run(PG:3)
08-20 16:04:49.273 16894 16894 W RcsClientLib: 	at android.os.Handler.handleCallback(Handler.java:938)
08-20 16:04:49.273 16894 16894 W RcsClientLib: 	at android.os.Handler.dispatchMessage(Handler.java:99)
08-20 16:04:49.273 16894 16894 W RcsClientLib: 	at android.os.Looper.loop(Looper.java:223)
08-20 16:04:49.273 16894 16894 W RcsClientLib: 	at android.app.ActivityThread.main(ActivityThread.java:7656)
08-20 16:04:49.273 16894 16894 W RcsClientLib: 	at java.lang.reflect.Method.invoke(Native Method)
08-20 16:04:49.273 16894 16894 W RcsClientLib: 	at com.android.internal.os.RuntimeInit$MethodAndArgsCaller.run(RuntimeInit.java:592)
08-20 16:04:49.273 16894 16894 W RcsClientLib: 	at com.android.internal.os.ZygoteInit.main(ZygoteInit.java:947)
08-20 16:04:49.273 16894 16894 I BugleRcsEngine: [2] aeec.disconnect: Disconnecting ContactsService
08-20 16:04:49.273 16894 16894 W RcsClientLib: Unexpected error when trying to unbind com.google.android.ims.rcsservice.contacts.IContactsManagement: Service not registered: aeed@c2aaa75
08-20 16:04:49.273 16894 16894 W RcsClientLib: java.lang.IllegalArgumentException: Service not registered: aeed@c2aaa75
08-20 16:04:49.273 16894 16894 W RcsClientLib: 	at android.app.LoadedApk.forgetServiceDispatcher(LoadedApk.java:1757)
08-20 16:04:49.273 16894 16894 W RcsClientLib: 	at android.app.ContextImpl.unbindService(ContextImpl.java:1874)
08-20 16:04:49.273 16894 16894 W RcsClientLib: 	at android.content.ContextWrapper.unbindService(ContextWrapper.java:792)
08-20 16:04:49.273 16894 16894 W RcsClientLib: 	at aeec.b(PG:43)
08-20 16:04:49.273 16894 16894 W RcsClientLib: 	at aeec.disconnect(PG:41)
08-20 16:04:49.273 16894 16894 W RcsClientLib: 	at koc.b(PG:38)
08-20 16:04:49.273 16894 16894 W RcsClientLib: 	at kof.a(PG:38)
08-20 16:04:49.273 16894 16894 W RcsClientLib: 	at riw.a(PG:43)
08-20 16:04:49.273 16894 16894 W RcsClientLib: 	at rif.run(Unknown Source:1)
08-20 16:04:49.273 16894 16894 W RcsClientLib: 	at afou.run(PG:3)
08-20 16:04:49.273 16894 16894 W RcsClientLib: 	at android.os.Handler.handleCallback(Handler.java:938)
08-20 16:04:49.273 16894 16894 W RcsClientLib: 	at android.os.Handler.dispatchMessage(Handler.java:99)
08-20 16:04:49.273 16894 16894 W RcsClientLib: 	at android.os.Looper.loop(Looper.java:223)
08-20 16:04:49.273 16894 16894 W RcsClientLib: 	at android.app.ActivityThread.main(ActivityThread.java:7656)
08-20 16:04:49.273 16894 16894 W RcsClientLib: 	at java.lang.reflect.Method.invoke(Native Method)
08-20 16:04:49.273 16894 16894 W RcsClientLib: 	at com.android.internal.os.RuntimeInit$MethodAndArgsCaller.run(RuntimeInit.java:592)
08-20 16:04:49.273 16894 16894 W RcsClientLib: 	at com.android.internal.os.ZygoteInit.main(ZygoteInit.java:947)
08-20 16:04:49.273 16894 16894 I BugleRcsEngine: [2] aeec.disconnect: Disconnecting FileTransferService
08-20 16:04:49.273 16894 16894 W RcsClientLib: Unexpected error when trying to unbind com.google.android.ims.rcsservice.filetransfer.IFileTransfer: Service not registered: aeed@3f0627b
08-20 16:04:49.273 16894 16894 W RcsClientLib: java.lang.IllegalArgumentException: Service not registered: aeed@3f0627b
08-20 16:04:49.273 16894 16894 W RcsClientLib: 	at android.app.LoadedApk.forgetServiceDispatcher(LoadedApk.java:1757)
08-20 16:04:49.273 16894 16894 W RcsClientLib: 	at android.app.ContextImpl.unbindService(ContextImpl.java:1874)
08-20 16:04:49.273 16894 16894 W RcsClientLib: 	at android.content.ContextWrapper.unbindService(ContextWrapper.java:792)
08-20 16:04:49.273 16894 16894 W RcsClientLib: 	at aeec.b(PG:43)
08-20 16:04:49.273 16894 16894 W RcsClientLib: 	at aeec.disconnect(PG:41)
08-20 16:04:49.273 16894 16894 W RcsClientLib: 	at koc.b(PG:39)
08-20 16:04:49.273 16894 16894 W RcsClientLib: 	at kof.a(PG:38)
08-20 16:04:49.273 16894 16894 W RcsClientLib: 	at riw.a(PG:43)
08-20 16:04:49.273 16894 16894 W RcsClientLib: 	at rif.run(Unknown Source:1)
08-20 16:04:49.273 16894 16894 W RcsClientLib: 	at afou.run(PG:3)
08-20 16:04:49.273 16894 16894 W RcsClientLib: 	at android.os.Handler.handleCallback(Handler.java:938)
08-20 16:04:49.273 16894 16894 W RcsClientLib: 	at android.os.Handler.dispatchMessage(Handler.java:99)
08-20 16:04:49.273 16894 16894 W RcsClientLib: 	at android.os.Looper.loop(Looper.java:223)
08-20 16:04:49.273 16894 16894 W RcsClientLib: 	at android.app.ActivityThread.main(ActivityThread.java:7656)
08-20 16:04:49.273 16894 16894 W RcsClientLib: 	at java.lang.reflect.Method.invoke(Native Method)
08-20 16:04:49.273 16894 16894 W RcsClientLib: 	at com.android.internal.os.RuntimeInit$MethodAndArgsCaller.run(RuntimeInit.java:592)
08-20 16:04:49.273 16894 16894 W RcsClientLib: 	at com.android.internal.os.ZygoteInit.main(ZygoteInit.java:947)
08-20 16:04:49.274 16894 16894 I BugleRcsEngine: [2] aeec.disconnect: Disconnecting LocationSharingService
08-20 16:04:49.274 16894 16894 W RcsClientLib: Unexpected error when trying to unbind com.google.android.ims.rcsservice.locationsharing.ILocationSharing: Service not registered: aeed@48878f1
08-20 16:04:49.274 16894 16928 I BugleRcs: RcsAvailabilityUtilForProvisioningEngineV2: success updating RCS availability async
08-20 16:04:49.274 16894 16894 W RcsClientLib: java.lang.IllegalArgumentException: Service not registered: aeed@48878f1
08-20 16:04:49.274 16894 16894 W RcsClientLib: 	at android.app.LoadedApk.forgetServiceDispatcher(LoadedApk.java:1757)
08-20 16:04:49.274 16894 16894 W RcsClientLib: 	at android.app.ContextImpl.unbindService(ContextImpl.java:1874)
08-20 16:04:49.274 16894 16894 W RcsClientLib: 	at android.content.ContextWrapper.unbindService(ContextWrapper.java:792)
08-20 16:04:49.274 16894 16894 W RcsClientLib: 	at aeec.b(PG:43)
08-20 16:04:49.274 16894 16894 W RcsClientLib: 	at aeec.disconnect(PG:41)
08-20 16:04:49.274 16894 16894 W RcsClientLib: 	at koc.b(PG:40)
08-20 16:04:49.274 16894 16894 W RcsClientLib: 	at kof.a(PG:38)
08-20 16:04:49.274 16894 16894 W RcsClientLib: 	at riw.a(PG:43)
08-20 16:04:49.274 16894 16894 W RcsClientLib: 	at rif.run(Unknown Source:1)
08-20 16:04:49.274 16894 16894 W RcsClientLib: 	at afou.run(PG:3)
08-20 16:04:49.274 16894 16894 W RcsClientLib: 	at android.os.Handler.handleCallback(Handler.java:938)
08-20 16:04:49.274 16894 16894 W RcsClientLib: 	at android.os.Handler.dispatchMessage(Handler.java:99)
08-20 16:04:49.274 16894 16894 W RcsClientLib: 	at android.os.Looper.loop(Looper.java:223)
08-20 16:04:49.274 16894 16894 W RcsClientLib: 	at android.app.ActivityThread.main(ActivityThread.java:7656)
08-20 16:04:49.274 16894 16894 W RcsClientLib: 	at java.lang.reflect.Method.invoke(Native Method)
08-20 16:04:49.274 16894 16894 W RcsClientLib: 	at com.android.internal.os.RuntimeInit$MethodAndArgsCaller.run(RuntimeInit.java:592)
08-20 16:04:49.274 16894 16894 W RcsClientLib: 	at com.android.internal.os.ZygoteInit.main(ZygoteInit.java:947)
08-20 16:04:49.274 16894 16894 I BugleRcsEngine: [2] aeec.disconnect: Disconnecting ImsConnectionTrackerService
08-20 16:04:49.274 16894 16894 W RcsClientLib: Unexpected error when trying to unbind com.google.android.ims.rcsservice.ims.IImsConnectionTracker: Service not registered: aeed@318ab57
