08-20 16:04:13.090  1677  3358 I MediaProvider: Begin Intent { act=android.intent.action.MEDIA_SCANNER_SCAN_FILE dat=file:///sdcard/screen_2025-08-20_160413.png flg=0x1400010 cmp=com.google.android.providers.media.module/com.android.providers.media.MediaService }
08-20 16:04:13.086  1677  1677 W com.google.android.providers.media.module: type=1400 audit(0.0:864): avc: denied { read } for comm=4173796E635461736B202331 name="primary" dev="tmpfs" ino=29084 scontext=u:r:mediaprovider_app:s0:c166,c256,c512,c768 tcontext=u:object_r:mnt_pass_through_file:s0 tclass=lnk_file permissive=0 app=com.google.android.providers.media.module
08-02 13:43:17.379     0     0 W audit   : audit_lost=424 audit_rate_limit=5 audit_backlog_limit=64
08-02 13:43:17.383     0     0 E audit   : rate limit exceeded
08-20 16:04:13.086  1677  1677 I chatty  : uid=10166(com.google.android.providers.media.module) identical 1 line
08-20 16:04:13.086  1677  1677 W com.google.android.providers.media.module: type=1400 audit(0.0:866): avc: denied { read } for comm=4173796E635461736B202331 name="primary" dev="tmpfs" ino=29084 scontext=u:r:mediaprovider_app:s0:c166,c256,c512,c768 tcontext=u:object_r:mnt_pass_through_file:s0 tclass=lnk_file permissive=0 app=com.google.android.providers.media.module
08-20 16:04:13.098  1677  3358 W ModernMediaScanner: Failed to visit /sdcard/screen_2025-08-20_160413.png: java.nio.file.AccessDeniedException: /sdcard/screen_2025-08-20_160413.png
08-20 16:04:13.098  1677  3358 I MediaProvider: Scanned internal due to REASON_DEMAND, found 0 items in 8ms, 0 inserts 0 updates 0 deletes
08-20 16:04:13.099  1677  3358 I MediaProvider: End Intent { act=android.intent.action.MEDIA_SCANNER_SCAN_FILE dat=file:///sdcard/screen_2025-08-20_160413.png flg=0x1400010 cmp=com.google.android.providers.media.module/com.android.providers.media.MediaService }
08-20 16:04:13.086  1677  1677 W com.google.android.providers.media.module: type=1400 audit(0.0:867): avc: denied { read } for comm=4173796E635461736B202331 name="primary" dev="tmpfs" ino=29084 scontext=u:r:mediaprovider_app:s0:c166,c256,c512,c768 tcontext=u:object_r:mnt_pass_through_file:s0 tclass=lnk_file permissive=0 app=com.google.android.providers.media.module
08-20 16:04:13.172  1677  2717 I MediaProvider: Deleted 1 items on external_primary due to com.android.shell
08-20 16:04:13.224 14807 14809 I cmd     : oneway function results will be dropped but finished with status OK and parcel size 4
08-20 16:04:13.393 14837 14839 I cmd     : oneway function results will be dropped but finished with status OK and parcel size 4
08-20 16:04:13.476 14852 14854 I cmd     : oneway function results will be dropped but finished with status OK and parcel size 4
08-20 16:04:13.604 14864 14864 E libc    : Access denied finding property "persist.device_config.runtime_native_boot.profilebootclasspath"
08-20 16:04:13.604 14864 14864 E libc    : Access denied finding property "persist.device_config.runtime_native_boot.enable_apex_image"
08-20 16:04:13.604 14864 14864 I AndroidRuntime: Using default boot image
08-20 16:04:13.604 14864 14864 E libc    : Access denied finding property "persist.device_config.runtime_native_boot.disable_lock_profiling"
08-20 16:04:13.604 14864 14864 I AndroidRuntime: Leaving lock profiling enabled
08-20 16:04:13.604 14864 14864 E libc    : Access denied finding property "persist.device_config.runtime_native_boot.enable_generational_cc"
08-20 16:04:13.605 14864 14864 I app_process: Core platform API reporting enabled, enforcing=false
08-20 16:04:13.659 14864 14864 W app_process: Unexpected CPU variant for X86 using defaults: x86_64
08-20 16:04:13.659 14864 14864 I app_process: The ClassLoaderContext is a special shared library.
08-20 16:04:13.667 14864 14864 W app_process: JNI RegisterNativeMethods: attempt to register 0 native methods for android.media.AudioAttributes
08-20 16:04:13.897   531  1426 I AutofillManagerServiceImpl: Prune session 1076633700 (Token{2b5b34a ActivityRecord{93a12bb u0 com.example.splapp/.Login t-1 f}}})
08-20 16:04:13.927 14655 14655 I AssistStructure: Flattened final assist data: 1912 bytes, containing 1 windows, 9 views
08-20 16:04:13.973  1217  1217 W kqw     : Pending fill request while another request in the same session was triggered. [CONTEXT service_id=177 ]
08-20 16:04:14.008   531   531 E RemoteAugmentedAutofillService: Bad service name for flags 1048704: com.google.android.as/com.google.android.apps.miphone.aiai.app.AiAiAugmentedAutofillService
08-20 16:04:14.031   173   173 I hwservicemanager: getTransport: Cannot find entry android.hardware.configstore@1.0::ISurfaceFlingerConfigs/default in either framework or device manifest.
08-20 16:04:14.041   173   173 I hwservicemanager: getTransport: Cannot find entry android.hardware.graphics.mapper@4.0::IMapper/default in either framework or device manifest.
08-20 16:04:14.041 13144 13339 I Gralloc4: mapper 4.x is not supported
08-20 16:04:14.552   173   173 I hwservicemanager: getTransport: Cannot find entry android.hardware.graphics.mapper@4.0::IMapper/default in either framework or device manifest.
08-20 16:04:14.552 14901 14901 I Gralloc4: mapper 4.x is not supported
08-20 16:04:14.704  1677  3358 I MediaProvider: Begin Intent { act=android.intent.action.MEDIA_SCANNER_SCAN_FILE dat=file:///sdcard/screen_2025-08-20_160415.png flg=0x1400010 cmp=com.google.android.providers.media.module/com.android.providers.media.MediaService }
08-20 16:04:14.698  1677  1677 W com.google.android.providers.media.module: type=1400 audit(0.0:874): avc: denied { read } for comm=4173796E635461736B202331 name="primary" dev="tmpfs" ino=29084 scontext=u:r:mediaprovider_app:s0:c166,c256,c512,c768 tcontext=u:object_r:mnt_pass_through_file:s0 tclass=lnk_file permissive=0 app=com.google.android.providers.media.module
08-02 13:43:18.993     0     0 W audit   : audit_lost=429 audit_rate_limit=5 audit_backlog_limit=64
08-02 13:43:18.997     0     0 E audit   : rate limit exceeded
08-20 16:04:14.698  1677  1677 W com.google.android.providers.media.module: type=1400 audit(0.0:875): avc: denied { read } for comm=4173796E635461736B202331 name="primary" dev="tmpfs" ino=29084 scontext=u:r:mediaprovider_app:s0:c166,c256,c512,c768 tcontext=u:object_r:mnt_pass_through_file:s0 tclass=lnk_file permissive=0 app=com.google.android.providers.media.module
08-20 16:04:14.712  1677  3358 W ModernMediaScanner: Failed to visit /sdcard/screen_2025-08-20_160415.png: java.nio.file.AccessDeniedException: /sdcard/screen_2025-08-20_160415.png
08-20 16:04:14.713  1677  3358 I MediaProvider: Scanned internal due to REASON_DEMAND, found 0 items in 9ms, 0 inserts 0 updates 0 deletes
08-20 16:04:14.714  1677  3358 I MediaProvider: End Intent { act=android.intent.action.MEDIA_SCANNER_SCAN_FILE dat=file:///sdcard/screen_2025-08-20_160415.png flg=0x1400010 cmp=com.google.android.providers.media.module/com.android.providers.media.MediaService }
08-20 16:04:14.698  1677  1677 W com.google.android.providers.media.module: type=1400 audit(0.0:876): avc: denied { read } for comm=4173796E635461736B202331 name="primary" dev="tmpfs" ino=29084 scontext=u:r:mediaprovider_app:s0:c166,c256,c512,c768 tcontext=u:object_r:mnt_pass_through_file:s0 tclass=lnk_file permissive=0 app=com.google.android.providers.media.module
08-20 16:04:14.743  1677  1956 I MediaProvider: Deleted 1 items on external_primary due to com.android.shell
08-20 16:04:14.776 14916 14918 I cmd     : oneway function results will be dropped but finished with status OK and parcel size 4
08-20 16:04:14.949   173   173 I hwservicemanager: getTransport: Cannot find entry android.hardware.graphics.mapper@4.0::IMapper/default in either framework or device manifest.
08-20 16:04:14.949 14938 14938 I Gralloc4: mapper 4.x is not supported
08-20 16:04:15.098 14944 14946 I cmd     : oneway function results will be dropped but finished with status OK and parcel size 4
08-20 16:04:15.098  1677  3358 I MediaProvider: Begin Intent { act=android.intent.action.MEDIA_SCANNER_SCAN_FILE dat=file:///sdcard/screen_2025-08-20_160415.png flg=0x1400010 cmp=com.google.android.providers.media.module/com.android.providers.media.MediaService }
08-20 16:04:15.100  1677  3358 W ModernMediaScanner: Failed to visit /sdcard/screen_2025-08-20_160415.png: java.nio.file.AccessDeniedException: /sdcard/screen_2025-08-20_160415.png
08-20 16:04:15.108  1677  3358 I MediaProvider: Scanned internal due to REASON_DEMAND, found 0 items in 9ms, 0 inserts 0 updates 0 deletes
08-20 16:04:15.109  1677  3358 I MediaProvider: End Intent { act=android.intent.action.MEDIA_SCANNER_SCAN_FILE dat=file:///sdcard/screen_2025-08-20_160415.png flg=0x1400010 cmp=com.google.android.providers.media.module/com.android.providers.media.MediaService }
08-20 16:04:15.174  1677  1955 I MediaProvider: Deleted 1 items on external_primary due to com.android.shell
08-20 16:04:15.223 14955 14957 I cmd     : oneway function results will be dropped but finished with status OK and parcel size 4
08-20 16:04:15.462   356   356 I perfetto: probes_producer.cc:329  Producer stop (id=17)
08-20 16:04:15.462   357   357 E libc    : The property "ro.build.fingerprint" has a value with length 92 that is too large for __system_property_get()/__system_property_read(); use __system_property_read_callback() instead.
08-20 16:04:15.463   357   357 I perfetto: ng_service_impl.cc:1948 Tracing session 17 ended, total sessions:0
08-20 16:04:15.463   356   356 I perfetto: ftrace_procfs.cc:183    disabled ftrace
08-02 13:43:19.751     0     0 W perfetto: disabled ftrace
08-20 16:04:15.470   364 14650 I iorapd  : Perfetto TraceBuffer saved to file: /data/misc/iorapd/com.example.splapp/1/com.example.splapp.MainActivity/raw_traces/1755684255470261744.perfetto_trace.pb
08-20 16:04:15.948 14967 14969 I cmd     : oneway function results will be dropped but finished with status OK and parcel size 4
08-20 16:04:16.602   729   729 I wpa_supplicant: wlan0: CTRL-EVENT-BEACON-LOSS 
08-20 16:04:17.105   173   173 I hwservicemanager: getTransport: Cannot find entry android.hardware.graphics.mapper@4.0::IMapper/default in either framework or device manifest.
08-20 16:04:17.105 14989 14989 I Gralloc4: mapper 4.x is not supported
08-20 16:04:17.256 14995 14997 I cmd     : oneway function results will be dropped but finished with status OK and parcel size 4
08-20 16:04:17.256  1677  3358 I MediaProvider: Begin Intent { act=android.intent.action.MEDIA_SCANNER_SCAN_FILE dat=file:///sdcard/screen_2025-08-20_160417.png flg=0x1400010 cmp=com.google.android.providers.media.module/com.android.providers.media.MediaService }
08-20 16:04:17.250  1677  1677 W com.google.android.providers.media.module: type=1400 audit(0.0:886): avc: denied { read } for comm=4173796E635461736B202331 name="primary" dev="tmpfs" ino=29084 scontext=u:r:mediaprovider_app:s0:c166,c256,c512,c768 tcontext=u:object_r:mnt_pass_through_file:s0 tclass=lnk_file permissive=0 app=com.google.android.providers.media.module
08-20 16:04:17.260  1677  3358 W ModernMediaScanner: Failed to visit /sdcard/screen_2025-08-20_160417.png: java.nio.file.AccessDeniedException: /sdcard/screen_2025-08-20_160417.png
08-02 13:43:21.546     0     0 W audit   : audit_lost=436 audit_rate_limit=5 audit_backlog_limit=64
08-02 13:43:21.549     0     0 E audit   : rate limit exceeded
08-20 16:04:17.262  1677  3358 I MediaProvider: Scanned internal due to REASON_DEMAND, found 0 items in 4ms, 0 inserts 0 updates 0 deletes
08-20 16:04:17.262  1677  3358 I MediaProvider: End Intent { act=android.intent.action.MEDIA_SCANNER_SCAN_FILE dat=file:///sdcard/screen_2025-08-20_160417.png flg=0x1400010 cmp=com.google.android.providers.media.module/com.android.providers.media.MediaService }
08-20 16:04:17.250  1677  1677 W com.google.android.providers.media.module: type=1400 audit(0.0:887): avc: denied { read } for comm=4173796E635461736B202331 name="primary" dev="tmpfs" ino=29084 scontext=u:r:mediaprovider_app:s0:c166,c256,c512,c768 tcontext=u:object_r:mnt_pass_through_file:s0 tclass=lnk_file permissive=0 app=com.google.android.providers.media.module
08-20 16:04:17.254  1677  1677 I chatty  : uid=10166(com.google.android.providers.media.module) identical 2 lines
08-20 16:04:17.254  1677  1677 W com.google.android.providers.media.module: type=1400 audit(0.0:890): avc: denied { read } for comm=4173796E635461736B202331 name="primary" dev="tmpfs" ino=29084 scontext=u:r:mediaprovider_app:s0:c166,c256,c512,c768 tcontext=u:object_r:mnt_pass_through_file:s0 tclass=lnk_file permissive=0 app=com.google.android.providers.media.module
08-20 16:04:17.290  1677  2717 I MediaProvider: Deleted 1 items on external_primary due to com.android.shell
08-20 16:04:17.489   173   173 I hwservicemanager: getTransport: Cannot find entry android.hardware.graphics.mapper@4.0::IMapper/default in either framework or device manifest.
08-20 16:04:17.489 15028 15028 I Gralloc4: mapper 4.x is not supported
08-20 16:04:17.641 15032 15034 I cmd     : oneway function results will be dropped but finished with status OK and parcel size 4
08-20 16:04:17.641  1677  3358 I MediaProvider: Begin Intent { act=android.intent.action.MEDIA_SCANNER_SCAN_FILE dat=file:///sdcard/screen_2025-08-20_160417.png flg=0x1400010 cmp=com.google.android.providers.media.module/com.android.providers.media.MediaService }
08-20 16:04:17.642  1677  3358 W ModernMediaScanner: Failed to visit /sdcard/screen_2025-08-20_160417.png: java.nio.file.AccessDeniedException: /sdcard/screen_2025-08-20_160417.png
08-20 16:04:17.642  1677  3358 I MediaProvider: Scanned internal due to REASON_DEMAND, found 0 items in 1ms, 0 inserts 0 updates 0 deletes
08-20 16:04:17.643  1677  3358 I MediaProvider: End Intent { act=android.intent.action.MEDIA_SCANNER_SCAN_FILE dat=file:///sdcard/screen_2025-08-20_160417.png flg=0x1400010 cmp=com.google.android.providers.media.module/com.android.providers.media.MediaService }
08-20 16:04:17.719  1677  1956 I MediaProvider: Deleted 1 items on external_primary due to com.android.shell
08-20 16:04:18.026   173   173 I hwservicemanager: getTransport: Cannot find entry android.hardware.graphics.mapper@4.0::IMapper/default in either framework or device manifest.
08-20 16:04:18.027 15065 15065 I Gralloc4: mapper 4.x is not supported
08-20 16:04:18.175 15069 15071 I cmd     : oneway function results will be dropped but finished with status OK and parcel size 4
08-20 16:04:18.175  1677  3358 I MediaProvider: Begin Intent { act=android.intent.action.MEDIA_SCANNER_SCAN_FILE dat=file:///sdcard/screen_2025-08-20_160418.png flg=0x1400010 cmp=com.google.android.providers.media.module/com.android.providers.media.MediaService }
08-20 16:04:18.176  1677  3358 W ModernMediaScanner: Failed to visit /sdcard/screen_2025-08-20_160418.png: java.nio.file.AccessDeniedException: /sdcard/screen_2025-08-20_160418.png
08-20 16:04:18.177  1677  3358 I MediaProvider: Scanned internal due to REASON_DEMAND, found 0 items in 1ms, 0 inserts 0 updates 0 deletes
08-20 16:04:18.178  1677  3358 I MediaProvider: End Intent { act=android.intent.action.MEDIA_SCANNER_SCAN_FILE dat=file:///sdcard/screen_2025-08-20_160418.png flg=0x1400010 cmp=com.google.android.providers.media.module/com.android.providers.media.MediaService }
08-20 16:04:18.256  1677  2717 I MediaProvider: Deleted 1 items on external_primary due to com.android.shell
08-20 16:04:18.288 15082 15084 I cmd     : oneway function results will be dropped but finished with status OK and parcel size 4
08-20 16:04:18.350 15097 15099 I cmd     : oneway function results will be dropped but finished with status OK and parcel size 4
08-20 16:04:18.412 15112 15114 I cmd     : oneway function results will be dropped but finished with status OK and parcel size 4
08-20 16:04:18.475 15127 15129 I cmd     : oneway function results will be dropped but finished with status OK and parcel size 4
08-20 16:04:18.589 15139 15139 E libc    : Access denied finding property "persist.device_config.runtime_native_boot.profilebootclasspath"
08-20 16:04:18.589 15139 15139 E libc    : Access denied finding property "persist.device_config.runtime_native_boot.enable_apex_image"
08-20 16:04:18.589 15139 15139 I AndroidRuntime: Using default boot image
08-20 16:04:18.589 15139 15139 E libc    : Access denied finding property "persist.device_config.runtime_native_boot.disable_lock_profiling"
08-20 16:04:18.589 15139 15139 I AndroidRuntime: Leaving lock profiling enabled
08-20 16:04:18.589 15139 15139 E libc    : Access denied finding property "persist.device_config.runtime_native_boot.enable_generational_cc"
08-20 16:04:18.591 15139 15139 I app_process: Core platform API reporting enabled, enforcing=false
08-20 16:04:18.586 15139 15139 W app_process: type=1400 audit(0.0:904): avc: denied { read } for name="u:object_r:device_config_runtime_native_boot_prop:s0" dev="tmpfs" ino=1409 scontext=u:r:shell:s0 tcontext=u:object_r:device_config_runtime_native_boot_prop:s0 tclass=file permissive=0
08-20 16:04:18.642 15139 15139 W app_process: Unexpected CPU variant for X86 using defaults: x86_64
08-20 16:04:18.643 15139 15139 I app_process: The ClassLoaderContext is a special shared library.
08-20 16:04:18.650 15139 15139 W app_process: JNI RegisterNativeMethods: attempt to register 0 native methods for android.media.AudioAttributes
08-20 16:04:19.326 15165 15167 I cmd     : oneway function results will be dropped but finished with status OK and parcel size 4
08-20 16:04:20.500   173   173 I hwservicemanager: getTransport: Cannot find entry android.hardware.graphics.mapper@4.0::IMapper/default in either framework or device manifest.
08-20 16:04:20.500 15190 15190 I Gralloc4: mapper 4.x is not supported
08-20 16:04:20.651  1677  3358 I MediaProvider: Begin Intent { act=android.intent.action.MEDIA_SCANNER_SCAN_FILE dat=file:///sdcard/screen_2025-08-20_160420.png flg=0x1400010 cmp=com.google.android.providers.media.module/com.android.providers.media.MediaService }
08-20 16:04:20.652  1677  3358 W ModernMediaScanner: Failed to visit /sdcard/screen_2025-08-20_160420.png: java.nio.file.AccessDeniedException: /sdcard/screen_2025-08-20_160420.png
08-20 16:04:20.652 15194 15196 I cmd     : oneway function results will be dropped but finished with status OK and parcel size 4
08-20 16:04:20.653  1677  3358 I MediaProvider: Scanned internal due to REASON_DEMAND, found 0 items in 1ms, 0 inserts 0 updates 0 deletes
08-20 16:04:20.654  1677  3358 I MediaProvider: End Intent { act=android.intent.action.MEDIA_SCANNER_SCAN_FILE dat=file:///sdcard/screen_2025-08-20_160420.png flg=0x1400010 cmp=com.google.android.providers.media.module/com.android.providers.media.MediaService }
08-20 16:04:20.646  1677  1677 W com.google.android.providers.media.module: type=1400 audit(0.0:908): avc: denied { read } for comm=4173796E635461736B202331 name="primary" dev="tmpfs" ino=29084 scontext=u:r:mediaprovider_app:s0:c166,c256,c512,c768 tcontext=u:object_r:mnt_pass_through_file:s0 tclass=lnk_file permissive=0 app=com.google.android.providers.media.module
08-20 16:04:20.687  1677  2717 I MediaProvider: Deleted 1 items on external_primary due to com.android.shell
08-20 16:04:20.719 15205 15207 I cmd     : oneway function results will be dropped but finished with status OK and parcel size 4
08-20 16:04:20.895   173   173 I hwservicemanager: getTransport: Cannot find entry android.hardware.graphics.mapper@4.0::IMapper/default in either framework or device manifest.
08-20 16:04:20.895 15227 15227 I Gralloc4: mapper 4.x is not supported
08-20 16:04:21.043  1677  3358 I MediaProvider: Begin Intent { act=android.intent.action.MEDIA_SCANNER_SCAN_FILE dat=file:///sdcard/screen_2025-08-20_160421.png flg=0x1400010 cmp=com.google.android.providers.media.module/com.android.providers.media.MediaService }
08-02 13:43:25.331     0     0 W audit   : audit_lost=449 audit_rate_limit=5 audit_backlog_limit=64
08-02 13:43:25.332     0     0 E audit   : rate limit exceeded
08-20 16:04:21.045  1677  3358 W ModernMediaScanner: Failed to visit /sdcard/screen_2025-08-20_160421.png: java.nio.file.AccessDeniedException: /sdcard/screen_2025-08-20_160421.png
08-20 16:04:21.046  1677  3358 I MediaProvider: Scanned internal due to REASON_DEMAND, found 0 items in 2ms, 0 inserts 0 updates 0 deletes
08-20 16:04:21.047  1677  3358 I MediaProvider: End Intent { act=android.intent.action.MEDIA_SCANNER_SCAN_FILE dat=file:///sdcard/screen_2025-08-20_160421.png flg=0x1400010 cmp=com.google.android.providers.media.module/com.android.providers.media.MediaService }
08-20 16:04:21.117  1677  1956 I MediaProvider: Deleted 1 items on external_primary due to com.android.shell
08-20 16:04:21.168 15242 15244 I cmd     : oneway function results will be dropped but finished with status OK and parcel size 4
08-20 16:04:21.371   173   173 I hwservicemanager: getTransport: Cannot find entry android.hardware.graphics.mapper@4.0::IMapper/default in either framework or device manifest.
08-20 16:04:21.371 15264 15264 I Gralloc4: mapper 4.x is not supported
08-20 16:04:21.530  1677  3358 I MediaProvider: Begin Intent { act=android.intent.action.MEDIA_SCANNER_SCAN_FILE dat=file:///sdcard/screen_2025-08-20_160421.png flg=0x1400010 cmp=com.google.android.providers.media.module/com.android.providers.media.MediaService }
08-20 16:04:21.530  1677  3358 W ModernMediaScanner: Failed to visit /sdcard/screen_2025-08-20_160421.png: java.nio.file.AccessDeniedException: /sdcard/screen_2025-08-20_160421.png
08-20 16:04:21.531  1677  3358 I MediaProvider: Scanned internal due to REASON_DEMAND, found 0 items in 1ms, 0 inserts 0 updates 0 deletes
08-20 16:04:21.532  1677  3358 I MediaProvider: End Intent { act=android.intent.action.MEDIA_SCANNER_SCAN_FILE dat=file:///sdcard/screen_2025-08-20_160421.png flg=0x1400010 cmp=com.google.android.providers.media.module/com.android.providers.media.MediaService }
08-20 16:04:21.556  1677  1955 I MediaProvider: Deleted 1 items on external_primary due to com.android.shell
08-20 16:04:21.589 15281 15283 I cmd     : oneway function results will be dropped but finished with status OK and parcel size 4
08-20 16:04:21.651 15296 15298 I cmd     : oneway function results will be dropped but finished with status OK and parcel size 4
08-20 16:04:21.714 15311 15313 I cmd     : oneway function results will be dropped but finished with status OK and parcel size 4
08-20 16:04:21.775 15326 15328 I cmd     : oneway function results will be dropped but finished with status OK and parcel size 4
08-20 16:04:21.892 15338 15338 E libc    : Access denied finding property "persist.device_config.runtime_native_boot.profilebootclasspath"
08-20 16:04:21.892 15338 15338 E libc    : Access denied finding property "persist.device_config.runtime_native_boot.enable_apex_image"
08-20 16:04:21.892 15338 15338 I AndroidRuntime: Using default boot image
08-20 16:04:21.892 15338 15338 E libc    : Access denied finding property "persist.device_config.runtime_native_boot.disable_lock_profiling"
08-20 16:04:21.892 15338 15338 I AndroidRuntime: Leaving lock profiling enabled
08-20 16:04:21.892 15338 15338 E libc    : Access denied finding property "persist.device_config.runtime_native_boot.enable_generational_cc"
08-20 16:04:21.894 15338 15338 I app_process: Core platform API reporting enabled, enforcing=false
08-20 16:04:21.886 15338 15338 W app_process: type=1400 audit(0.0:926): avc: denied { read } for name="u:object_r:device_config_runtime_native_boot_prop:s0" dev="tmpfs" ino=1409 scontext=u:r:shell:s0 tcontext=u:object_r:device_config_runtime_native_boot_prop:s0 tclass=file permissive=0
08-20 16:04:21.946 15338 15338 W app_process: Unexpected CPU variant for X86 using defaults: x86_64
08-20 16:04:21.947 15338 15338 I app_process: The ClassLoaderContext is a special shared library.
08-20 16:04:21.954 15338 15338 W app_process: JNI RegisterNativeMethods: attempt to register 0 native methods for android.media.AudioAttributes
08-20 16:04:22.802   173   173 I hwservicemanager: getTransport: Cannot find entry android.hardware.graphics.mapper@4.0::IMapper/default in either framework or device manifest.
08-20 16:04:22.802 15368 15368 I Gralloc4: mapper 4.x is not supported
08-20 16:04:22.953 15372 15374 I cmd     : oneway function results will be dropped but finished with status OK and parcel size 4
08-20 16:04:22.954  1677  3358 I MediaProvider: Begin Intent { act=android.intent.action.MEDIA_SCANNER_SCAN_FILE dat=file:///sdcard/screen_2025-08-20_160423.png flg=0x1400010 cmp=com.google.android.providers.media.module/com.android.providers.media.MediaService }
08-20 16:04:22.955  1677  3358 W ModernMediaScanner: Failed to visit /sdcard/screen_2025-08-20_160423.png: java.nio.file.AccessDeniedException: /sdcard/screen_2025-08-20_160423.png
08-20 16:04:22.956  1677  3358 I MediaProvider: Scanned internal due to REASON_DEMAND, found 0 items in 1ms, 0 inserts 0 updates 0 deletes
08-20 16:04:22.956  1677  3358 I MediaProvider: End Intent { act=android.intent.action.MEDIA_SCANNER_SCAN_FILE dat=file:///sdcard/screen_2025-08-20_160423.png flg=0x1400010 cmp=com.google.android.providers.media.module/com.android.providers.media.MediaService }
08-20 16:04:22.950  1677  1677 W com.google.android.providers.media.module: type=1400 audit(0.0:930): avc: denied { read } for comm=4173796E635461736B202331 name="primary" dev="tmpfs" ino=29084 scontext=u:r:mediaprovider_app:s0:c166,c256,c512,c768 tcontext=u:object_r:mnt_pass_through_file:s0 tclass=lnk_file permissive=0 app=com.google.android.providers.media.module
08-20 16:04:23.034  1677  2717 I MediaProvider: Deleted 1 items on external_primary due to com.android.shell
08-20 16:04:23.075 15383 15385 I cmd     : oneway function results will be dropped but finished with status OK and parcel size 4
08-20 16:04:23.239   173   173 I hwservicemanager: getTransport: Cannot find entry android.hardware.graphics.mapper@4.0::IMapper/default in either framework or device manifest.
08-20 16:04:23.239 15405 15405 I Gralloc4: mapper 4.x is not supported
08-20 16:04:23.386 15409 15411 I cmd     : oneway function results will be dropped but finished with status OK and parcel size 4
08-20 16:04:23.388  1677  3358 I MediaProvider: Begin Intent { act=android.intent.action.MEDIA_SCANNER_SCAN_FILE dat=file:///sdcard/screen_2025-08-20_160423.png flg=0x1400010 cmp=com.google.android.providers.media.module/com.android.providers.media.MediaService }
08-02 13:43:27.676     0     0 W audit   : audit_lost=461 audit_rate_limit=5 audit_backlog_limit=64
08-02 13:43:27.677     0     0 E audit   : rate limit exceeded
08-20 16:04:23.390  1677  3358 W ModernMediaScanner: Failed to visit /sdcard/screen_2025-08-20_160423.png: java.nio.file.AccessDeniedException: /sdcard/screen_2025-08-20_160423.png
08-20 16:04:23.391  1677  3358 I MediaProvider: Scanned internal due to REASON_DEMAND, found 0 items in 1ms, 0 inserts 0 updates 0 deletes
08-20 16:04:23.391  1677  3358 I MediaProvider: End Intent { act=android.intent.action.MEDIA_SCANNER_SCAN_FILE dat=file:///sdcard/screen_2025-08-20_160423.png flg=0x1400010 cmp=com.google.android.providers.media.module/com.android.providers.media.MediaService }
08-20 16:04:23.413  1677  1956 I MediaProvider: Deleted 1 items on external_primary due to com.android.shell
08-20 16:04:23.445 15420 15422 I cmd     : oneway function results will be dropped but finished with status OK and parcel size 4
08-20 16:04:24.129 15434 15436 I cmd     : oneway function results will be dropped but finished with status OK and parcel size 4
08-20 16:04:24.538   729   729 I wpa_supplicant: wlan0: CTRL-EVENT-BEACON-LOSS 
08-20 16:04:25.281   173   173 I hwservicemanager: getTransport: Cannot find entry android.hardware.graphics.mapper@4.0::IMapper/default in either framework or device manifest.
08-20 16:04:25.281 15453 15453 I Gralloc4: mapper 4.x is not supported
08-20 16:04:25.429  1677  3358 I MediaProvider: Begin Intent { act=android.intent.action.MEDIA_SCANNER_SCAN_FILE dat=file:///sdcard/screen_2025-08-20_160425.png flg=0x1400010 cmp=com.google.android.providers.media.module/com.android.providers.media.MediaService }
08-20 16:04:25.432  1677  3358 W ModernMediaScanner: Failed to visit /sdcard/screen_2025-08-20_160425.png: java.nio.file.AccessDeniedException: /sdcard/screen_2025-08-20_160425.png
08-20 16:04:25.432  1677  3358 I MediaProvider: Scanned internal due to REASON_DEMAND, found 0 items in 3ms, 0 inserts 0 updates 0 deletes
08-02 13:43:29.719     0     0 W audit   : audit_lost=467 audit_rate_limit=5 audit_backlog_limit=64
08-02 13:43:29.720     0     0 E audit   : rate limit exceeded
08-20 16:04:25.426  1677  1677 W com.google.android.providers.media.module: type=1400 audit(0.0:942): avc: denied { read } for comm=4173796E635461736B202331 name="primary" dev="tmpfs" ino=29084 scontext=u:r:mediaprovider_app:s0:c166,c256,c512,c768 tcontext=u:object_r:mnt_pass_through_file:s0 tclass=lnk_file permissive=0 app=com.google.android.providers.media.module
08-20 16:04:25.464  1677  2717 I MediaProvider: Deleted 1 items on external_primary due to com.android.shell
08-20 16:04:25.666   173   173 I hwservicemanager: getTransport: Cannot find entry android.hardware.graphics.mapper@4.0::IMapper/default in either framework or device manifest.
08-20 16:04:25.666 15492 15492 I Gralloc4: mapper 4.x is not supported
08-20 16:04:25.821 15496 15498 I cmd     : oneway function results will be dropped but finished with status OK and parcel size 4
08-20 16:04:25.822  1677  3358 I MediaProvider: Begin Intent { act=android.intent.action.MEDIA_SCANNER_SCAN_FILE dat=file:///sdcard/screen_2025-08-20_160426.png flg=0x1400010 cmp=com.google.android.providers.media.module/com.android.providers.media.MediaService }
08-20 16:04:25.823  1677  3358 W ModernMediaScanner: Failed to visit /sdcard/screen_2025-08-20_160426.png: java.nio.file.AccessDeniedException: /sdcard/screen_2025-08-20_160426.png
08-20 16:04:25.824  1677  3358 I MediaProvider: Scanned internal due to REASON_DEMAND, found 0 items in 1ms, 0 inserts 0 updates 0 deletes
08-20 16:04:25.824  1677  3358 I MediaProvider: End Intent { act=android.intent.action.MEDIA_SCANNER_SCAN_FILE dat=file:///sdcard/screen_2025-08-20_160426.png flg=0x1400010 cmp=com.google.android.providers.media.module/com.android.providers.media.MediaService }
08-20 16:04:25.848  1677  1955 I MediaProvider: Deleted 1 items on external_primary due to com.android.shell
08-20 16:04:25.881 15507 15509 I cmd     : oneway function results will be dropped but finished with status OK and parcel size 4
08-20 16:04:26.048   173   173 I hwservicemanager: getTransport: Cannot find entry android.hardware.graphics.mapper@4.0::IMapper/default in either framework or device manifest.
08-20 16:04:26.049 15529 15529 I Gralloc4: mapper 4.x is not supported
08-20 16:04:26.077   217   233 E android.system.suspend@1.0-service: Error opening kernel wakelock stats for: wakeup36: Permission denied
08-20 16:04:26.080   217   233 E android.system.suspend@1.0-service: Error opening kernel wakelock stats for: wakeup35: Permission denied
08-20 16:04:26.202 15533 15535 I cmd     : oneway function results will be dropped but finished with status OK and parcel size 4
08-20 16:04:26.203  1677  3358 I MediaProvider: Begin Intent { act=android.intent.action.MEDIA_SCANNER_SCAN_FILE dat=file:///sdcard/screen_2025-08-20_160426.png flg=0x1400010 cmp=com.google.android.providers.media.module/com.android.providers.media.MediaService }
08-20 16:04:26.204  1677  3358 W ModernMediaScanner: Failed to visit /sdcard/screen_2025-08-20_160426.png: java.nio.file.AccessDeniedException: /sdcard/screen_2025-08-20_160426.png
08-20 16:04:26.205  1677  3358 I MediaProvider: Scanned internal due to REASON_DEMAND, found 0 items in 1ms, 0 inserts 0 updates 0 deletes
08-20 16:04:26.205  1677  3358 I MediaProvider: End Intent { act=android.intent.action.MEDIA_SCANNER_SCAN_FILE dat=file:///sdcard/screen_2025-08-20_160426.png flg=0x1400010 cmp=com.google.android.providers.media.module/com.android.providers.media.MediaService }
08-20 16:04:26.229  1677  2717 I MediaProvider: Deleted 1 items on external_primary due to com.android.shell
08-20 16:04:26.325 15559 15561 I cmd     : oneway function results will be dropped but finished with status OK and parcel size 4
08-20 16:04:26.387 15574 15576 I cmd     : oneway function results will be dropped but finished with status OK and parcel size 4
08-20 16:04:26.450 15589 15591 I cmd     : oneway function results will be dropped but finished with status OK and parcel size 4
08-20 16:04:26.552 15601 15601 E libc    : Access denied finding property "persist.device_config.runtime_native_boot.profilebootclasspath"
08-20 16:04:26.552 15601 15601 E libc    : Access denied finding property "persist.device_config.runtime_native_boot.enable_apex_image"
08-20 16:04:26.552 15601 15601 I AndroidRuntime: Using default boot image
08-20 16:04:26.552 15601 15601 E libc    : Access denied finding property "persist.device_config.runtime_native_boot.disable_lock_profiling"
08-20 16:04:26.552 15601 15601 I AndroidRuntime: Leaving lock profiling enabled
08-20 16:04:26.552 15601 15601 E libc    : Access denied finding property "persist.device_config.runtime_native_boot.enable_generational_cc"
08-20 16:04:26.553 15601 15601 I app_process: Core platform API reporting enabled, enforcing=false
08-20 16:04:26.546 15601 15601 W app_process: type=1400 audit(0.0:962): avc: denied { read } for name="u:object_r:device_config_runtime_native_boot_prop:s0" dev="tmpfs" ino=1409 scontext=u:r:shell:s0 tcontext=u:object_r:device_config_runtime_native_boot_prop:s0 tclass=file permissive=0
08-20 16:04:26.606 15601 15601 W app_process: Unexpected CPU variant for X86 using defaults: x86_64
08-20 16:04:26.606 15601 15601 I app_process: The ClassLoaderContext is a special shared library.
08-20 16:04:26.613 15601 15601 W app_process: JNI RegisterNativeMethods: attempt to register 0 native methods for android.media.AudioAttributes
08-20 16:04:27.345 15626 15628 I cmd     : oneway function results will be dropped but finished with status OK and parcel size 4
08-20 16:04:28.497   173   173 I hwservicemanager: getTransport: Cannot find entry android.hardware.graphics.mapper@4.0::IMapper/default in either framework or device manifest.
08-20 16:04:28.497 15651 15651 I Gralloc4: mapper 4.x is not supported
08-20 16:04:28.649  1677  3358 I MediaProvider: Begin Intent { act=android.intent.action.MEDIA_SCANNER_SCAN_FILE dat=file:///sdcard/screen_2025-08-20_160428.png flg=0x1400010 cmp=com.google.android.providers.media.module/com.android.providers.media.MediaService }
08-20 16:04:28.650  1677  3358 W ModernMediaScanner: Failed to visit /sdcard/screen_2025-08-20_160428.png: java.nio.file.AccessDeniedException: /sdcard/screen_2025-08-20_160428.png
08-20 16:04:28.651  1677  3358 I MediaProvider: Scanned internal due to REASON_DEMAND, found 0 items in 1ms, 0 inserts 0 updates 0 deletes
08-20 16:04:28.651  1677  3358 I MediaProvider: End Intent { act=android.intent.action.MEDIA_SCANNER_SCAN_FILE dat=file:///sdcard/screen_2025-08-20_160428.png flg=0x1400010 cmp=com.google.android.providers.media.module/com.android.providers.media.MediaService }
08-20 16:04:28.642  1677  1677 W com.google.android.providers.media.module: type=1400 audit(0.0:966): avc: denied { read } for comm=4173796E635461736B202331 name="primary" dev="tmpfs" ino=29084 scontext=u:r:mediaprovider_app:s0:c166,c256,c512,c768 tcontext=u:object_r:mnt_pass_through_file:s0 tclass=lnk_file permissive=0 app=com.google.android.providers.media.module
08-20 16:04:28.646  1677  1677 I chatty  : uid=10166(com.google.android.providers.media.module) identical 4 lines
08-20 16:04:28.646  1677  1677 W com.google.android.providers.media.module: type=1400 audit(0.0:971): avc: denied { read } for comm=4173796E635461736B202331 name="primary" dev="tmpfs" ino=29084 scontext=u:r:mediaprovider_app:s0:c166,c256,c512,c768 tcontext=u:object_r:mnt_pass_through_file:s0 tclass=lnk_file permissive=0 app=com.google.android.providers.media.module
08-20 16:04:28.684  1677  1956 I MediaProvider: Deleted 1 items on external_primary due to com.android.shell
08-20 16:04:28.886   173   173 I hwservicemanager: getTransport: Cannot find entry android.hardware.graphics.mapper@4.0::IMapper/default in either framework or device manifest.
08-20 16:04:28.886 15690 15690 I Gralloc4: mapper 4.x is not supported
08-20 16:04:29.035 15694 15696 I cmd     : oneway function results will be dropped but finished with status OK and parcel size 4
08-20 16:04:29.036  1677  3358 I MediaProvider: Begin Intent { act=android.intent.action.MEDIA_SCANNER_SCAN_FILE dat=file:///sdcard/screen_2025-08-20_160429.png flg=0x1400010 cmp=com.google.android.providers.media.module/com.android.providers.media.MediaService }
08-02 13:43:33.324     0     0 W audit   : audit_lost=482 audit_rate_limit=5 audit_backlog_limit=64
08-02 13:43:33.325     0     0 E audit   : rate limit exceeded
08-20 16:04:29.041  1677  3358 W ModernMediaScanner: Failed to visit /sdcard/screen_2025-08-20_160429.png: java.nio.file.AccessDeniedException: /sdcard/screen_2025-08-20_160429.png
08-20 16:04:29.042  1677  3358 I MediaProvider: Scanned internal due to REASON_DEMAND, found 0 items in 5ms, 0 inserts 0 updates 0 deletes
08-20 16:04:29.043  1677  3358 I MediaProvider: End Intent { act=android.intent.action.MEDIA_SCANNER_SCAN_FILE dat=file:///sdcard/screen_2025-08-20_160429.png flg=0x1400010 cmp=com.google.android.providers.media.module/com.android.providers.media.MediaService }
08-20 16:04:29.065  1677  1955 I MediaProvider: Deleted 1 items on external_primary due to com.android.shell
08-20 16:04:29.096 15705 15707 I cmd     : oneway function results will be dropped but finished with status OK and parcel size 4
08-20 16:04:29.257   173   173 I hwservicemanager: getTransport: Cannot find entry android.hardware.graphics.mapper@4.0::IMapper/default in either framework or device manifest.
08-20 16:04:29.257 15727 15727 I Gralloc4: mapper 4.x is not supported
08-20 16:04:29.409 15731 15733 I cmd     : oneway function results will be dropped but finished with status OK and parcel size 4
08-20 16:04:29.410  1677  3358 I MediaProvider: Begin Intent { act=android.intent.action.MEDIA_SCANNER_SCAN_FILE dat=file:///sdcard/screen_2025-08-20_160429.png flg=0x1400010 cmp=com.google.android.providers.media.module/com.android.providers.media.MediaService }
08-20 16:04:29.410  1677  3358 W ModernMediaScanner: Failed to visit /sdcard/screen_2025-08-20_160429.png: java.nio.file.AccessDeniedException: /sdcard/screen_2025-08-20_160429.png
08-20 16:04:29.411  1677  3358 I MediaProvider: Scanned internal due to REASON_DEMAND, found 0 items in 1ms, 0 inserts 0 updates 0 deletes
08-20 16:04:29.412  1677  3358 I MediaProvider: End Intent { act=android.intent.action.MEDIA_SCANNER_SCAN_FILE dat=file:///sdcard/screen_2025-08-20_160429.png flg=0x1400010 cmp=com.google.android.providers.media.module/com.android.providers.media.MediaService }
08-20 16:04:29.439  1677  2717 I MediaProvider: Deleted 1 items on external_primary due to com.android.shell
08-20 16:04:29.471 15742 15744 I cmd     : oneway function results will be dropped but finished with status OK and parcel size 4
08-20 16:04:29.533 15757 15759 I cmd     : oneway function results will be dropped but finished with status OK and parcel size 4
08-20 16:04:29.659 15787 15789 I cmd     : oneway function results will be dropped but finished with status OK and parcel size 4
08-20 16:04:29.765 15799 15799 E libc    : Access denied finding property "persist.device_config.runtime_native_boot.profilebootclasspath"
08-20 16:04:29.765 15799 15799 E libc    : Access denied finding property "persist.device_config.runtime_native_boot.enable_apex_image"
08-20 16:04:29.765 15799 15799 I AndroidRuntime: Using default boot image
08-20 16:04:29.765 15799 15799 E libc    : Access denied finding property "persist.device_config.runtime_native_boot.disable_lock_profiling"
08-20 16:04:29.765 15799 15799 I AndroidRuntime: Leaving lock profiling enabled
08-20 16:04:29.765 15799 15799 E libc    : Access denied finding property "persist.device_config.runtime_native_boot.enable_generational_cc"
08-20 16:04:29.766 15799 15799 I app_process: Core platform API reporting enabled, enforcing=false
08-20 16:04:29.758 15799 15799 W app_process: type=1400 audit(0.0:984): avc: denied { read } for name="u:object_r:device_config_runtime_native_boot_prop:s0" dev="tmpfs" ino=1409 scontext=u:r:shell:s0 tcontext=u:object_r:device_config_runtime_native_boot_prop:s0 tclass=file permissive=0
08-20 16:04:29.762 15799 15799 I chatty  : uid=2000(shell) main identical 2 lines
08-20 16:04:29.762 15799 15799 W app_process: type=1400 audit(0.0:987): avc: denied { read } for name="u:object_r:device_config_runtime_native_boot_prop:s0" dev="tmpfs" ino=1409 scontext=u:r:shell:s0 tcontext=u:object_r:device_config_runtime_native_boot_prop:s0 tclass=file permissive=0
08-20 16:04:29.818 15799 15799 W app_process: Unexpected CPU variant for X86 using defaults: x86_64
08-20 16:04:29.819 15799 15799 I app_process: The ClassLoaderContext is a special shared library.
08-20 16:04:29.826 15799 15799 W app_process: JNI RegisterNativeMethods: attempt to register 0 native methods for android.media.AudioAttributes
08-20 16:04:30.548 15825 15827 I cmd     : oneway function results will be dropped but finished with status OK and parcel size 4
08-20 16:04:31.697   173   173 I hwservicemanager: getTransport: Cannot find entry android.hardware.graphics.mapper@4.0::IMapper/default in either framework or device manifest.
08-20 16:04:31.698 15850 15850 I Gralloc4: mapper 4.x is not supported
08-20 16:04:31.847 15856 15858 I cmd     : oneway function results will be dropped but finished with status OK and parcel size 4
08-20 16:04:31.849  1677  3358 I MediaProvider: Begin Intent { act=android.intent.action.MEDIA_SCANNER_SCAN_FILE dat=file:///sdcard/screen_2025-08-20_160432.png flg=0x1400010 cmp=com.google.android.providers.media.module/com.android.providers.media.MediaService }
08-20 16:04:31.853  1677  3358 W ModernMediaScanner: Failed to visit /sdcard/screen_2025-08-20_160432.png: java.nio.file.AccessDeniedException: /sdcard/screen_2025-08-20_160432.png
08-20 16:04:31.853  1677  3358 I MediaProvider: Scanned internal due to REASON_DEMAND, found 0 items in 1ms, 0 inserts 0 updates 0 deletes
08-20 16:04:31.854  1677  3358 I MediaProvider: End Intent { act=android.intent.action.MEDIA_SCANNER_SCAN_FILE dat=file:///sdcard/screen_2025-08-20_160432.png flg=0x1400010 cmp=com.google.android.providers.media.module/com.android.providers.media.MediaService }
08-20 16:04:31.842  1677  1677 W com.google.android.providers.media.module: type=1400 audit(0.0:988): avc: denied { read } for comm=4173796E635461736B202331 name="primary" dev="tmpfs" ino=29084 scontext=u:r:mediaprovider_app:s0:c166,c256,c512,c768 tcontext=u:object_r:mnt_pass_through_file:s0 tclass=lnk_file permissive=0 app=com.google.android.providers.media.module
08-20 16:04:31.846  1677  1677 I chatty  : uid=10166(com.google.android.providers.media.module) identical 4 lines
08-20 16:04:31.846  1677  1677 W com.google.android.providers.media.module: type=1400 audit(0.0:993): avc: denied { read } for comm=4173796E635461736B202331 name="primary" dev="tmpfs" ino=29084 scontext=u:r:mediaprovider_app:s0:c166,c256,c512,c768 tcontext=u:object_r:mnt_pass_through_file:s0 tclass=lnk_file permissive=0 app=com.google.android.providers.media.module
08-20 16:04:31.879  1677  1956 I MediaProvider: Deleted 1 items on external_primary due to com.android.shell
08-20 16:04:32.077   173   173 I hwservicemanager: getTransport: Cannot find entry android.hardware.graphics.mapper@4.0::IMapper/default in either framework or device manifest.
08-20 16:04:32.078 15889 15889 I Gralloc4: mapper 4.x is not supported
08-20 16:04:32.227  1677  3358 I MediaProvider: Begin Intent { act=android.intent.action.MEDIA_SCANNER_SCAN_FILE dat=file:///sdcard/screen_2025-08-20_160432.png flg=0x1400010 cmp=com.google.android.providers.media.module/com.android.providers.media.MediaService }
08-02 13:43:36.515     0     0 W audit   : audit_lost=494 audit_rate_limit=5 audit_backlog_limit=64
08-02 13:43:36.516     0     0 E audit   : rate limit exceeded
08-20 16:04:32.229  1677  3358 W ModernMediaScanner: Failed to visit /sdcard/screen_2025-08-20_160432.png: java.nio.file.AccessDeniedException: /sdcard/screen_2025-08-20_160432.png
08-20 16:04:32.230  1677  3358 I MediaProvider: Scanned internal due to REASON_DEMAND, found 0 items in 2ms, 0 inserts 0 updates 0 deletes
08-20 16:04:32.231  1677  3358 I MediaProvider: End Intent { act=android.intent.action.MEDIA_SCANNER_SCAN_FILE dat=file:///sdcard/screen_2025-08-20_160432.png flg=0x1400010 cmp=com.google.android.providers.media.module/com.android.providers.media.MediaService }
08-20 16:04:32.255  1677  1955 I MediaProvider: Deleted 1 items on external_primary due to com.android.shell
08-20 16:04:32.288 15904 15906 I cmd     : oneway function results will be dropped but finished with status OK and parcel size 4
08-20 16:04:32.451   173   173 I hwservicemanager: getTransport: Cannot find entry android.hardware.graphics.mapper@4.0::IMapper/default in either framework or device manifest.
08-20 16:04:32.451 15926 15926 I Gralloc4: mapper 4.x is not supported
08-20 16:04:32.473   729   729 I wpa_supplicant: wlan0: CTRL-EVENT-BEACON-LOSS 
08-20 16:04:32.600  1677  3358 I MediaProvider: Begin Intent { act=android.intent.action.MEDIA_SCANNER_SCAN_FILE dat=file:///sdcard/screen_2025-08-20_160432.png flg=0x1400010 cmp=com.google.android.providers.media.module/com.android.providers.media.MediaService }
08-20 16:04:32.601  1677  3358 W ModernMediaScanner: Failed to visit /sdcard/screen_2025-08-20_160432.png: java.nio.file.AccessDeniedException: /sdcard/screen_2025-08-20_160432.png
08-20 16:04:32.601  1677  3358 I MediaProvider: Scanned internal due to REASON_DEMAND, found 0 items in 1ms, 0 inserts 0 updates 0 deletes
08-20 16:04:32.602  1677  3358 I MediaProvider: End Intent { act=android.intent.action.MEDIA_SCANNER_SCAN_FILE dat=file:///sdcard/screen_2025-08-20_160432.png flg=0x1400010 cmp=com.google.android.providers.media.module/com.android.providers.media.MediaService }
08-20 16:04:32.681  1677  1955 I MediaProvider: Deleted 1 items on external_primary due to com.android.shell
08-20 16:04:32.780 15956 15958 I cmd     : oneway function results will be dropped but finished with status OK and parcel size 4
08-20 16:04:32.846 15971 15975 I cmd     : oneway function results will be dropped but finished with status OK and parcel size 4
08-20 16:04:32.910 15988 15990 I cmd     : oneway function results will be dropped but finished with status OK and parcel size 4
08-20 16:04:33.011 16000 16000 E libc    : Access denied finding property "persist.device_config.runtime_native_boot.profilebootclasspath"
08-20 16:04:33.011 16000 16000 E libc    : Access denied finding property "persist.device_config.runtime_native_boot.enable_apex_image"
08-20 16:04:33.011 16000 16000 I AndroidRuntime: Using default boot image
08-20 16:04:33.011 16000 16000 E libc    : Access denied finding property "persist.device_config.runtime_native_boot.disable_lock_profiling"
08-20 16:04:33.011 16000 16000 I AndroidRuntime: Leaving lock profiling enabled
08-20 16:04:33.011 16000 16000 E libc    : Access denied finding property "persist.device_config.runtime_native_boot.enable_generational_cc"
08-20 16:04:33.013 16000 16000 I app_process: Core platform API reporting enabled, enforcing=false
08-20 16:04:33.006 16000 16000 W app_process: type=1400 audit(0.0:1006): avc: denied { read } for name="u:object_r:device_config_runtime_native_boot_prop:s0" dev="tmpfs" ino=1409 scontext=u:r:shell:s0 tcontext=u:object_r:device_config_runtime_native_boot_prop:s0 tclass=file permissive=0
08-20 16:04:33.065 16000 16000 W app_process: Unexpected CPU variant for X86 using defaults: x86_64
08-20 16:04:33.066 16000 16000 I app_process: The ClassLoaderContext is a special shared library.
08-20 16:04:33.073 16000 16000 W app_process: JNI RegisterNativeMethods: attempt to register 0 native methods for android.media.AudioAttributes
08-20 16:04:33.927   173   173 I hwservicemanager: getTransport: Cannot find entry android.hardware.graphics.mapper@4.0::IMapper/default in either framework or device manifest.
08-20 16:04:33.927 16030 16030 I Gralloc4: mapper 4.x is not supported
08-20 16:04:34.076 16034 16036 I cmd     : oneway function results will be dropped but finished with status OK and parcel size 4
08-20 16:04:34.077  1677  3358 I MediaProvider: Begin Intent { act=android.intent.action.MEDIA_SCANNER_SCAN_FILE dat=file:///sdcard/screen_2025-08-20_160434.png flg=0x1400010 cmp=com.google.android.providers.media.module/com.android.providers.media.MediaService }
08-20 16:04:34.078  1677  3358 W ModernMediaScanner: Failed to visit /sdcard/screen_2025-08-20_160434.png: java.nio.file.AccessDeniedException: /sdcard/screen_2025-08-20_160434.png
08-20 16:04:34.079  1677  3358 I MediaProvider: Scanned internal due to REASON_DEMAND, found 0 items in 1ms, 0 inserts 0 updates 0 deletes
08-20 16:04:34.079  1677  3358 I MediaProvider: End Intent { act=android.intent.action.MEDIA_SCANNER_SCAN_FILE dat=file:///sdcard/screen_2025-08-20_160434.png flg=0x1400010 cmp=com.google.android.providers.media.module/com.android.providers.media.MediaService }
08-20 16:04:34.070  1677  1677 W com.google.android.providers.media.module: type=1400 audit(0.0:1010): avc: denied { read } for comm=4173796E635461736B202331 name="primary" dev="tmpfs" ino=29084 scontext=u:r:mediaprovider_app:s0:c166,c256,c512,c768 tcontext=u:object_r:mnt_pass_through_file:s0 tclass=lnk_file permissive=0 app=com.google.android.providers.media.module
08-20 16:04:34.074  1677  1677 I chatty  : uid=10166(com.google.android.providers.media.module) identical 4 lines
