08-20 16:06:20.505   729   729 I wpa_supplicant: wlan0: CTRL-EVENT-BEACON-LOSS 
08-20 16:06:20.655   173   173 I hwservicemanager: getTransport: Cannot find entry android.hardware.graphics.mapper@4.0::IMapper/default in either framework or device manifest.
08-20 16:06:20.656 21229 21229 I Gralloc4: mapper 4.x is not supported
08-20 16:06:20.808 21235 21236 I cmd     : oneway function results will be dropped but finished with status OK and parcel size 4
08-20 16:06:20.809  1677  3358 I MediaProvider: Begin Intent { act=android.intent.action.MEDIA_SCANNER_SCAN_FILE dat=file:///sdcard/screen_2025-08-20_160621.png flg=0x1400010 cmp=com.google.android.providers.media.module/com.android.providers.media.MediaService }
08-20 16:06:20.811  1677  3358 W ModernMediaScanner: Failed to visit /sdcard/screen_2025-08-20_160621.png: java.nio.file.AccessDeniedException: /sdcard/screen_2025-08-20_160621.png
08-20 16:06:20.812  1677  3358 I MediaProvider: Scanned internal due to REASON_DEMAND, found 0 items in 1ms, 0 inserts 0 updates 0 deletes
08-20 16:06:20.813  1677  3358 I MediaProvider: End Intent { act=android.intent.action.MEDIA_SCANNER_SCAN_FILE dat=file:///sdcard/screen_2025-08-20_160621.png flg=0x1400010 cmp=com.google.android.providers.media.module/com.android.providers.media.MediaService }
08-02 13:45:25.098     0     0 W audit   : audit_lost=865 audit_rate_limit=5 audit_backlog_limit=64
08-02 13:45:25.099     0     0 E audit   : rate limit exceeded
08-20 16:06:20.841  1677  1955 I MediaProvider: Deleted 1 items on external_primary due to com.android.shell
08-20 16:06:21.040   173   173 I hwservicemanager: getTransport: Cannot find entry android.hardware.graphics.mapper@4.0::IMapper/default in either framework or device manifest.
08-20 16:06:21.040 21268 21268 I Gralloc4: mapper 4.x is not supported
08-20 16:06:21.200 21272 21274 I cmd     : oneway function results will be dropped but finished with status OK and parcel size 4
08-20 16:06:21.201  1677  3358 I MediaProvider: Begin Intent { act=android.intent.action.MEDIA_SCANNER_SCAN_FILE dat=file:///sdcard/screen_2025-08-20_160621.png flg=0x1400010 cmp=com.google.android.providers.media.module/com.android.providers.media.MediaService }
08-20 16:06:21.202  1677  3358 W ModernMediaScanner: Failed to visit /sdcard/screen_2025-08-20_160621.png: java.nio.file.AccessDeniedException: /sdcard/screen_2025-08-20_160621.png
08-20 16:06:21.202  1677  3358 I MediaProvider: Scanned internal due to REASON_DEMAND, found 0 items in 1ms, 0 inserts 0 updates 0 deletes
08-20 16:06:21.203  1677  3358 I MediaProvider: End Intent { act=android.intent.action.MEDIA_SCANNER_SCAN_FILE dat=file:///sdcard/screen_2025-08-20_160621.png flg=0x1400010 cmp=com.google.android.providers.media.module/com.android.providers.media.MediaService }
08-20 16:06:21.282  1677  1956 I MediaProvider: Deleted 1 items on external_primary due to com.android.shell
08-20 16:06:21.329 21283 21285 I cmd     : oneway function results will be dropped but finished with status OK and parcel size 4
08-20 16:06:21.402 21298 21300 I cmd     : oneway function results will be dropped but finished with status OK and parcel size 4
08-20 16:06:21.475 21313 21315 I cmd     : oneway function results will be dropped but finished with status OK and parcel size 4
08-20 16:06:21.548 21328 21330 I cmd     : oneway function results will be dropped but finished with status OK and parcel size 4
08-20 16:06:21.682 21340 21340 E libc    : Access denied finding property "persist.device_config.runtime_native_boot.profilebootclasspath"
08-20 16:06:21.682 21340 21340 E libc    : Access denied finding property "persist.device_config.runtime_native_boot.enable_apex_image"
08-20 16:06:21.682 21340 21340 I AndroidRuntime: Using default boot image
08-20 16:06:21.682 21340 21340 E libc    : Access denied finding property "persist.device_config.runtime_native_boot.disable_lock_profiling"
08-20 16:06:21.682 21340 21340 I AndroidRuntime: Leaving lock profiling enabled
08-20 16:06:21.682 21340 21340 E libc    : Access denied finding property "persist.device_config.runtime_native_boot.enable_generational_cc"
08-20 16:06:21.684 21340 21340 I app_process: Core platform API reporting enabled, enforcing=false
08-20 16:06:21.678 21340 21340 W app_process: type=1400 audit(0.0:1672): avc: denied { read } for name="u:object_r:device_config_runtime_native_boot_prop:s0" dev="tmpfs" ino=1409 scontext=u:r:shell:s0 tcontext=u:object_r:device_config_runtime_native_boot_prop:s0 tclass=file permissive=0
08-20 16:06:21.735 21340 21340 W app_process: Unexpected CPU variant for X86 using defaults: x86_64
08-20 16:06:21.736 21340 21340 I app_process: The ClassLoaderContext is a special shared library.
08-20 16:06:21.743 21340 21340 W app_process: JNI RegisterNativeMethods: attempt to register 0 native methods for android.media.AudioAttributes
08-20 16:06:22.572   173   173 I hwservicemanager: getTransport: Cannot find entry android.hardware.graphics.mapper@4.0::IMapper/default in either framework or device manifest.
08-20 16:06:22.572 21370 21370 I Gralloc4: mapper 4.x is not supported
08-20 16:06:22.727  1677  3358 I MediaProvider: Begin Intent { act=android.intent.action.MEDIA_SCANNER_SCAN_FILE dat=file:///sdcard/screen_2025-08-20_160623.png flg=0x1400010 cmp=com.google.android.providers.media.module/com.android.providers.media.MediaService }
08-20 16:06:22.728  1677  3358 W ModernMediaScanner: Failed to visit /sdcard/screen_2025-08-20_160623.png: java.nio.file.AccessDeniedException: /sdcard/screen_2025-08-20_160623.png
08-20 16:06:22.728  1677  3358 I MediaProvider: Scanned internal due to REASON_DEMAND, found 0 items in 1ms, 0 inserts 0 updates 0 deletes
08-20 16:06:22.722  1677  1677 W com.google.android.providers.media.module: type=1400 audit(0.0:1676): avc: denied { read } for comm=4173796E635461736B202331 name="primary" dev="tmpfs" ino=29084 scontext=u:r:mediaprovider_app:s0:c166,c256,c512,c768 tcontext=u:object_r:mnt_pass_through_file:s0 tclass=lnk_file permissive=0 app=com.google.android.providers.media.module
08-20 16:06:22.736  1677  3358 I MediaProvider: End Intent { act=android.intent.action.MEDIA_SCANNER_SCAN_FILE dat=file:///sdcard/screen_2025-08-20_160623.png flg=0x1400010 cmp=com.google.android.providers.media.module/com.android.providers.media.MediaService }
08-20 16:06:22.722  1677  1677 W com.google.android.providers.media.module: type=1400 audit(0.0:1677): avc: denied { read } for comm=4173796E635461736B202331 name="primary" dev="tmpfs" ino=29084 scontext=u:r:mediaprovider_app:s0:c166,c256,c512,c768 tcontext=u:object_r:mnt_pass_through_file:s0 tclass=lnk_file permissive=0 app=com.google.android.providers.media.module
08-20 16:06:22.803  1677  1955 I MediaProvider: Deleted 1 items on external_primary due to com.android.shell
08-20 16:06:23.051   173   173 I hwservicemanager: getTransport: Cannot find entry android.hardware.graphics.mapper@4.0::IMapper/default in either framework or device manifest.
08-20 16:06:23.052 21409 21409 I Gralloc4: mapper 4.x is not supported
08-20 16:06:23.202 21413 21415 I cmd     : oneway function results will be dropped but finished with status OK and parcel size 4
08-20 16:06:23.202  1677  3358 I MediaProvider: Begin Intent { act=android.intent.action.MEDIA_SCANNER_SCAN_FILE dat=file:///sdcard/screen_2025-08-20_160623.png flg=0x1400010 cmp=com.google.android.providers.media.module/com.android.providers.media.MediaService }
08-20 16:06:23.205  1677  3358 W ModernMediaScanner: Failed to visit /sdcard/screen_2025-08-20_160623.png: java.nio.file.AccessDeniedException: /sdcard/screen_2025-08-20_160623.png
08-02 13:45:27.491     0     0 W audit   : audit_lost=877 audit_rate_limit=5 audit_backlog_limit=64
08-02 13:45:27.492     0     0 E audit   : rate limit exceeded
08-20 16:06:23.205  1677  3358 I MediaProvider: Scanned internal due to REASON_DEMAND, found 0 items in 1ms, 0 inserts 0 updates 0 deletes
08-20 16:06:23.206  1677  3358 I MediaProvider: End Intent { act=android.intent.action.MEDIA_SCANNER_SCAN_FILE dat=file:///sdcard/screen_2025-08-20_160623.png flg=0x1400010 cmp=com.google.android.providers.media.module/com.android.providers.media.MediaService }
08-20 16:06:23.277  1677  1956 I MediaProvider: Deleted 1 items on external_primary due to com.android.shell
08-20 16:06:23.333 21424 21426 I cmd     : oneway function results will be dropped but finished with status OK and parcel size 4
08-20 16:06:24.149 21438 21440 I cmd     : oneway function results will be dropped but finished with status OK and parcel size 4
08-20 16:06:20.290   531   802 I chatty  : uid=1000(system) Binder:531_8 identical 4 lines
08-20 16:06:20.290   531   802 W UriGrantsManagerService: No permission grants found for com.google.android.apps.photos
08-20 16:06:24.166   531   566 I DropBoxManagerService: add tag=system_server_strictmode isTagEnabled=true flags=0x2
08-20 16:06:25.368   173   173 I hwservicemanager: getTransport: Cannot find entry android.hardware.graphics.mapper@4.0::IMapper/default in either framework or device manifest.
08-20 16:06:25.368 21455 21455 I Gralloc4: mapper 4.x is not supported
08-20 16:06:25.522 21459 21461 I cmd     : oneway function results will be dropped but finished with status OK and parcel size 4
08-20 16:06:25.522  1677  3358 I MediaProvider: Begin Intent { act=android.intent.action.MEDIA_SCANNER_SCAN_FILE dat=file:///sdcard/screen_2025-08-20_160625.png flg=0x1400010 cmp=com.google.android.providers.media.module/com.android.providers.media.MediaService }
08-20 16:06:25.524  1677  3358 W ModernMediaScanner: Failed to visit /sdcard/screen_2025-08-20_160625.png: java.nio.file.AccessDeniedException: /sdcard/screen_2025-08-20_160625.png
08-02 13:45:29.811     0     0 W audit   : audit_lost=883 audit_rate_limit=5 audit_backlog_limit=64
08-02 13:45:29.812     0     0 E audit   : rate limit exceeded
08-20 16:06:25.518  1677  1677 W com.google.android.providers.media.module: type=1400 audit(0.0:1688): avc: denied { read } for comm=4173796E635461736B202331 name="primary" dev="tmpfs" ino=29084 scontext=u:r:mediaprovider_app:s0:c166,c256,c512,c768 tcontext=u:object_r:mnt_pass_through_file:s0 tclass=lnk_file permissive=0 app=com.google.android.providers.media.module
08-20 16:06:25.533  1677  3358 I MediaProvider: Scanned internal due to REASON_DEMAND, found 0 items in 11ms, 0 inserts 0 updates 0 deletes
08-20 16:06:25.534  1677  3358 I MediaProvider: End Intent { act=android.intent.action.MEDIA_SCANNER_SCAN_FILE dat=file:///sdcard/screen_2025-08-20_160625.png flg=0x1400010 cmp=com.google.android.providers.media.module/com.android.providers.media.MediaService }
08-20 16:06:25.518  1677  1677 W com.google.android.providers.media.module: type=1400 audit(0.0:1689): avc: denied { read } for comm=4173796E635461736B202331 name="primary" dev="tmpfs" ino=29084 scontext=u:r:mediaprovider_app:s0:c166,c256,c512,c768 tcontext=u:object_r:mnt_pass_through_file:s0 tclass=lnk_file permissive=0 app=com.google.android.providers.media.module
08-20 16:06:25.560  1677  2717 I MediaProvider: Deleted 1 items on external_primary due to com.android.shell
08-20 16:06:25.592 21470 21472 I cmd     : oneway function results will be dropped but finished with status OK and parcel size 4
08-20 16:06:25.701   531   542 W JavaBinder: BinderProxy is being destroyed but the application did not call unlinkToDeath to unlink all of its death recipients beforehand.  Releasing leaked death recipient: com.android.server.AlarmManagerService$2
08-20 16:06:25.701   531   542 I BpBinder: onLastStrongRef automatically unlinking death recipients: <uncached descriptor>
08-20 16:06:25.759   173   173 I hwservicemanager: getTransport: Cannot find entry android.hardware.graphics.mapper@4.0::IMapper/default in either framework or device manifest.
08-20 16:06:25.759 21492 21492 I Gralloc4: mapper 4.x is not supported
08-20 16:06:25.907 21496 21498 I cmd     : oneway function results will be dropped but finished with status OK and parcel size 4
08-20 16:06:25.908  1677  3358 I MediaProvider: Begin Intent { act=android.intent.action.MEDIA_SCANNER_SCAN_FILE dat=file:///sdcard/screen_2025-08-20_160626.png flg=0x1400010 cmp=com.google.android.providers.media.module/com.android.providers.media.MediaService }
08-20 16:06:25.909  1677  3358 W ModernMediaScanner: Failed to visit /sdcard/screen_2025-08-20_160626.png: java.nio.file.AccessDeniedException: /sdcard/screen_2025-08-20_160626.png
08-20 16:06:25.910  1677  3358 I MediaProvider: Scanned internal due to REASON_DEMAND, found 0 items in 1ms, 0 inserts 0 updates 0 deletes
08-20 16:06:25.910  1677  3358 I MediaProvider: End Intent { act=android.intent.action.MEDIA_SCANNER_SCAN_FILE dat=file:///sdcard/screen_2025-08-20_160626.png flg=0x1400010 cmp=com.google.android.providers.media.module/com.android.providers.media.MediaService }
08-20 16:06:25.934  1677  1956 I MediaProvider: Deleted 1 items on external_primary due to com.android.shell
08-20 16:06:26.155   173   173 I hwservicemanager: getTransport: Cannot find entry android.hardware.graphics.mapper@4.0::IMapper/default in either framework or device manifest.
08-20 16:06:26.155 21531 21531 I Gralloc4: mapper 4.x is not supported
08-20 16:06:26.180   531   573 W BroadcastQueue: Background execution not allowed: receiving Intent { act=android.intent.action.DROPBOX_ENTRY_ADDED flg=0x10 (has extras) } to com.google.android.gms/.stats.service.DropBoxEntryAddedReceiver
08-20 16:06:26.180   531   573 W BroadcastQueue: Background execution not allowed: receiving Intent { act=android.intent.action.DROPBOX_ENTRY_ADDED flg=0x10 (has extras) } to com.google.android.gms/.chimera.GmsIntentOperationService$PersistentTrustedReceiver
08-20 16:06:26.306  1677  3358 I MediaProvider: Begin Intent { act=android.intent.action.MEDIA_SCANNER_SCAN_FILE dat=file:///sdcard/screen_2025-08-20_160626.png flg=0x1400010 cmp=com.google.android.providers.media.module/com.android.providers.media.MediaService }
08-20 16:06:26.306 21540 21542 I cmd     : oneway function results will be dropped but finished with status OK and parcel size 4
08-20 16:06:26.307  1677  3358 W ModernMediaScanner: Failed to visit /sdcard/screen_2025-08-20_160626.png: java.nio.file.AccessDeniedException: /sdcard/screen_2025-08-20_160626.png
08-20 16:06:26.308  1677  3358 I MediaProvider: Scanned internal due to REASON_DEMAND, found 0 items in 2ms, 0 inserts 0 updates 0 deletes
08-20 16:06:26.309  1677  3358 I MediaProvider: End Intent { act=android.intent.action.MEDIA_SCANNER_SCAN_FILE dat=file:///sdcard/screen_2025-08-20_160626.png flg=0x1400010 cmp=com.google.android.providers.media.module/com.android.providers.media.MediaService }
08-20 16:06:26.333  1677  1955 I MediaProvider: Deleted 1 items on external_primary due to com.android.shell
08-20 16:06:26.365 21551 21553 I cmd     : oneway function results will be dropped but finished with status OK and parcel size 4
08-20 16:06:26.428 21566 21568 I cmd     : oneway function results will be dropped but finished with status OK and parcel size 4
08-20 16:06:26.481   217   233 E android.system.suspend@1.0-service: Error opening kernel wakelock stats for: wakeup36: Permission denied
08-20 16:06:26.484   217   233 E android.system.suspend@1.0-service: Error opening kernel wakelock stats for: wakeup35: Permission denied
08-20 16:06:26.491 21581 21583 I cmd     : oneway function results will be dropped but finished with status OK and parcel size 4
08-20 16:06:26.566 21596 21598 I cmd     : oneway function results will be dropped but finished with status OK and parcel size 4
08-20 16:06:26.668 21608 21608 E libc    : Access denied finding property "persist.device_config.runtime_native_boot.profilebootclasspath"
08-20 16:06:26.668 21608 21608 E libc    : Access denied finding property "persist.device_config.runtime_native_boot.enable_apex_image"
08-20 16:06:26.668 21608 21608 I AndroidRuntime: Using default boot image
08-20 16:06:26.668 21608 21608 E libc    : Access denied finding property "persist.device_config.runtime_native_boot.disable_lock_profiling"
08-20 16:06:26.668 21608 21608 I AndroidRuntime: Leaving lock profiling enabled
08-20 16:06:26.669 21608 21608 E libc    : Access denied finding property "persist.device_config.runtime_native_boot.enable_generational_cc"
08-20 16:06:26.670 21608 21608 I app_process: Core platform API reporting enabled, enforcing=false
08-20 16:06:26.662 21608 21608 W app_process: type=1400 audit(0.0:1708): avc: denied { read } for name="u:object_r:device_config_runtime_native_boot_prop:s0" dev="tmpfs" ino=1409 scontext=u:r:shell:s0 tcontext=u:object_r:device_config_runtime_native_boot_prop:s0 tclass=file permissive=0
08-20 16:06:26.722 21608 21608 W app_process: Unexpected CPU variant for X86 using defaults: x86_64
08-20 16:06:26.723 21608 21608 I app_process: The ClassLoaderContext is a special shared library.
08-20 16:06:26.729 21608 21608 W app_process: JNI RegisterNativeMethods: attempt to register 0 native methods for android.media.AudioAttributes
08-20 16:06:27.436 21633 21635 I cmd     : oneway function results will be dropped but finished with status OK and parcel size 4
08-20 16:06:28.442   729   729 I wpa_supplicant: wlan0: CTRL-EVENT-BEACON-LOSS 
08-20 16:06:28.615   173   173 I hwservicemanager: getTransport: Cannot find entry android.hardware.graphics.mapper@4.0::IMapper/default in either framework or device manifest.
08-20 16:06:28.615 21658 21658 I Gralloc4: mapper 4.x is not supported
08-20 16:06:28.765 21662 21664 I cmd     : oneway function results will be dropped but finished with status OK and parcel size 4
08-20 16:06:28.766  1677  3358 I MediaProvider: Begin Intent { act=android.intent.action.MEDIA_SCANNER_SCAN_FILE dat=file:///sdcard/screen_2025-08-20_160629.png flg=0x1400010 cmp=com.google.android.providers.media.module/com.android.providers.media.MediaService }
08-20 16:06:28.767  1677  3358 W ModernMediaScanner: Failed to visit /sdcard/screen_2025-08-20_160629.png: java.nio.file.AccessDeniedException: /sdcard/screen_2025-08-20_160629.png
08-20 16:06:28.768  1677  3358 I MediaProvider: Scanned internal due to REASON_DEMAND, found 0 items in 1ms, 0 inserts 0 updates 0 deletes
08-20 16:06:28.768  1677  3358 I MediaProvider: End Intent { act=android.intent.action.MEDIA_SCANNER_SCAN_FILE dat=file:///sdcard/screen_2025-08-20_160629.png flg=0x1400010 cmp=com.google.android.providers.media.module/com.android.providers.media.MediaService }
08-20 16:06:28.762  1677  1677 W com.google.android.providers.media.module: type=1400 audit(0.0:1712): avc: denied { read } for comm=4173796E635461736B202331 name="primary" dev="tmpfs" ino=29084 scontext=u:r:mediaprovider_app:s0:c166,c256,c512,c768 tcontext=u:object_r:mnt_pass_through_file:s0 tclass=lnk_file permissive=0 app=com.google.android.providers.media.module
08-20 16:06:28.849  1677  1956 I MediaProvider: Deleted 1 items on external_primary due to com.android.shell
08-20 16:06:29.094   173   173 I hwservicemanager: getTransport: Cannot find entry android.hardware.graphics.mapper@4.0::IMapper/default in either framework or device manifest.
08-20 16:06:29.095 21695 21695 I Gralloc4: mapper 4.x is not supported
08-20 16:06:29.243  1677  3358 I MediaProvider: Begin Intent { act=android.intent.action.MEDIA_SCANNER_SCAN_FILE dat=file:///sdcard/screen_2025-08-20_160629.png flg=0x1400010 cmp=com.google.android.providers.media.module/com.android.providers.media.MediaService }
08-02 13:45:33.532     0     0 W audit   : audit_lost=898 audit_rate_limit=5 audit_backlog_limit=64
08-02 13:45:33.533     0     0 E audit   : rate limit exceeded
08-20 16:06:29.247  1677  3358 W ModernMediaScanner: Failed to visit /sdcard/screen_2025-08-20_160629.png: java.nio.file.AccessDeniedException: /sdcard/screen_2025-08-20_160629.png
08-20 16:06:29.248  1677  3358 I MediaProvider: Scanned internal due to REASON_DEMAND, found 0 items in 1ms, 0 inserts 0 updates 0 deletes
08-20 16:06:29.249  1677  3358 I MediaProvider: End Intent { act=android.intent.action.MEDIA_SCANNER_SCAN_FILE dat=file:///sdcard/screen_2025-08-20_160629.png flg=0x1400010 cmp=com.google.android.providers.media.module/com.android.providers.media.MediaService }
08-20 16:06:29.317  1677  1956 I MediaProvider: Deleted 1 items on external_primary due to com.android.shell
08-20 16:06:29.358 21712 21714 I cmd     : oneway function results will be dropped but finished with status OK and parcel size 4
08-20 16:06:29.558   173   173 I hwservicemanager: getTransport: Cannot find entry android.hardware.graphics.mapper@4.0::IMapper/default in either framework or device manifest.
08-20 16:06:29.558 21734 21734 I Gralloc4: mapper 4.x is not supported
08-20 16:06:29.707 21738 21740 I cmd     : oneway function results will be dropped but finished with status OK and parcel size 4
08-20 16:06:29.707  1677  3358 I MediaProvider: Begin Intent { act=android.intent.action.MEDIA_SCANNER_SCAN_FILE dat=file:///sdcard/screen_2025-08-20_160630.png flg=0x1400010 cmp=com.google.android.providers.media.module/com.android.providers.media.MediaService }
08-20 16:06:29.708  1677  3358 W ModernMediaScanner: Failed to visit /sdcard/screen_2025-08-20_160630.png: java.nio.file.AccessDeniedException: /sdcard/screen_2025-08-20_160630.png
08-20 16:06:29.709  1677  3358 I MediaProvider: Scanned internal due to REASON_DEMAND, found 0 items in 1ms, 0 inserts 0 updates 0 deletes
08-20 16:06:29.710  1677  3358 I MediaProvider: End Intent { act=android.intent.action.MEDIA_SCANNER_SCAN_FILE dat=file:///sdcard/screen_2025-08-20_160630.png flg=0x1400010 cmp=com.google.android.providers.media.module/com.android.providers.media.MediaService }
08-20 16:06:29.789  1677  1955 I MediaProvider: Deleted 1 items on external_primary due to com.android.shell
08-20 16:06:29.846 21749 21751 I cmd     : oneway function results will be dropped but finished with status OK and parcel size 4
08-20 16:06:29.939   173   173 I hwservicemanager: getTransport: Cannot find entry android.hardware.graphics.mapper@4.0::IMapper/default in either framework or device manifest.
08-20 16:06:29.939 21759 21759 I Gralloc4: mapper 4.x is not supported
08-20 16:06:30.088 21763 21765 I cmd     : oneway function results will be dropped but finished with status OK and parcel size 4
08-20 16:06:30.089  1677  3358 I MediaProvider: Begin Intent { act=android.intent.action.MEDIA_SCANNER_SCAN_FILE dat=file:///sdcard/screen_2025-08-20_160630.png flg=0x1400010 cmp=com.google.android.providers.media.module/com.android.providers.media.MediaService }
08-20 16:06:30.090  1677  3358 W ModernMediaScanner: Failed to visit /sdcard/screen_2025-08-20_160630.png: java.nio.file.AccessDeniedException: /sdcard/screen_2025-08-20_160630.png
08-20 16:06:30.090  1677  3358 I MediaProvider: Scanned internal due to REASON_DEMAND, found 0 items in 1ms, 0 inserts 0 updates 0 deletes
08-20 16:06:30.091  1677  3358 I MediaProvider: End Intent { act=android.intent.action.MEDIA_SCANNER_SCAN_FILE dat=file:///sdcard/screen_2025-08-20_160630.png flg=0x1400010 cmp=com.google.android.providers.media.module/com.android.providers.media.MediaService }
08-20 16:06:30.082  1677  1677 W com.google.android.providers.media.module: type=1400 audit(0.0:1730): avc: denied { read } for comm=4173796E635461736B202331 name="primary" dev="tmpfs" ino=29084 scontext=u:r:mediaprovider_app:s0:c166,c256,c512,c768 tcontext=u:object_r:mnt_pass_through_file:s0 tclass=lnk_file permissive=0 app=com.google.android.providers.media.module
08-20 16:06:30.086  1677  1677 I chatty  : uid=10166(com.google.android.providers.media.module) identical 3 lines
08-20 16:06:30.086  1677  1677 W com.google.android.providers.media.module: type=1400 audit(0.0:1734): avc: denied { read } for comm=4173796E635461736B202331 name="primary" dev="tmpfs" ino=29084 scontext=u:r:mediaprovider_app:s0:c166,c256,c512,c768 tcontext=u:object_r:mnt_pass_through_file:s0 tclass=lnk_file permissive=0 app=com.google.android.providers.media.module
08-20 16:06:30.175  1677  2717 I MediaProvider: Deleted 1 items on external_primary due to com.android.shell
08-20 16:06:30.230 21774 21776 I cmd     : oneway function results will be dropped but finished with status OK and parcel size 4
08-20 16:06:30.365 21806 21809 I cmd     : oneway function results will be dropped but finished with status OK and parcel size 4
08-20 16:06:30.467 21819 21819 E libc    : Access denied finding property "persist.device_config.runtime_native_boot.profilebootclasspath"
08-20 16:06:30.467 21819 21819 E libc    : Access denied finding property "persist.device_config.runtime_native_boot.enable_apex_image"
08-20 16:06:30.467 21819 21819 I AndroidRuntime: Using default boot image
08-20 16:06:30.467 21819 21819 E libc    : Access denied finding property "persist.device_config.runtime_native_boot.disable_lock_profiling"
08-20 16:06:30.467 21819 21819 I AndroidRuntime: Leaving lock profiling enabled
08-20 16:06:30.467 21819 21819 E libc    : Access denied finding property "persist.device_config.runtime_native_boot.enable_generational_cc"
08-20 16:06:30.469 21819 21819 I app_process: Core platform API reporting enabled, enforcing=false
08-02 13:45:34.754     0     0 W audit   : audit_lost=911 audit_rate_limit=5 audit_backlog_limit=64
08-02 13:45:34.755     0     0 E audit   : rate limit exceeded
08-20 16:06:30.534 21819 21819 W app_process: Unexpected CPU variant for X86 using defaults: x86_64
08-20 16:06:30.535 21819 21819 I app_process: The ClassLoaderContext is a special shared library.
08-20 16:06:30.542 21819 21819 W app_process: JNI RegisterNativeMethods: attempt to register 0 native methods for android.media.AudioAttributes
08-20 16:06:30.762   531  1878 I system_server: oneway function results will be dropped but finished with status OK and parcel size 4
08-20 16:06:30.762   531  1878 I system_server: oneway function results will be dropped but finished with status OK and parcel size 4
08-20 16:06:31.385   531  4507 I system_server: oneway function results will be dropped but finished with status OK and parcel size 4
08-20 16:06:32.763   531  1878 W NotificationService: Toast already killed. pkg=com.example.splapp token=android.os.BinderProxy@fcdd1e6
08-20 16:06:32.797   173   173 I hwservicemanager: getTransport: Cannot find entry android.hardware.graphics.mapper@4.0::IMapper/default in either framework or device manifest.
08-20 16:06:32.803 21841 21841 I Gralloc4: mapper 4.x is not supported
08-20 16:06:32.991  1677  3358 I MediaProvider: Begin Intent { act=android.intent.action.MEDIA_SCANNER_SCAN_FILE dat=file:///sdcard/screen_2025-08-20_160633.png flg=0x1400010 cmp=com.google.android.providers.media.module/com.android.providers.media.MediaService }
08-20 16:06:32.995 21845 21847 I cmd     : oneway function results will be dropped but finished with status OK and parcel size 4
08-20 16:06:32.986  1677  1677 W com.google.android.providers.media.module: type=1400 audit(0.0:1740): avc: denied { read } for comm=4173796E635461736B202331 name="primary" dev="tmpfs" ino=29084 scontext=u:r:mediaprovider_app:s0:c166,c256,c512,c768 tcontext=u:object_r:mnt_pass_through_file:s0 tclass=lnk_file permissive=0 app=com.google.android.providers.media.module
08-02 13:45:37.286     0     0 W audit   : audit_lost=915 audit_rate_limit=5 audit_backlog_limit=64
08-02 13:45:37.290     0     0 E audit   : rate limit exceeded
08-20 16:06:32.994  1677  1677 W com.google.android.providers.media.module: type=1400 audit(0.0:1741): avc: denied { read } for comm=4173796E635461736B202331 name="primary" dev="tmpfs" ino=29084 scontext=u:r:mediaprovider_app:s0:c166,c256,c512,c768 tcontext=u:object_r:mnt_pass_through_file:s0 tclass=lnk_file permissive=0 app=com.google.android.providers.media.module
08-20 16:06:33.008  1677  3358 W ModernMediaScanner: Failed to visit /sdcard/screen_2025-08-20_160633.png: java.nio.file.AccessDeniedException: /sdcard/screen_2025-08-20_160633.png
08-20 16:06:33.009  1677  3358 I MediaProvider: Scanned internal due to REASON_DEMAND, found 0 items in 11ms, 0 inserts 0 updates 0 deletes
08-20 16:06:33.010  1677  3358 I MediaProvider: End Intent { act=android.intent.action.MEDIA_SCANNER_SCAN_FILE dat=file:///sdcard/screen_2025-08-20_160633.png flg=0x1400010 cmp=com.google.android.providers.media.module/com.android.providers.media.MediaService }
08-20 16:06:32.994  1677  1677 W com.google.android.providers.media.module: type=1400 audit(0.0:1742): avc: denied { read } for comm=4173796E635461736B202331 name="primary" dev="tmpfs" ino=29084 scontext=u:r:mediaprovider_app:s0:c166,c256,c512,c768 tcontext=u:object_r:mnt_pass_through_file:s0 tclass=lnk_file permissive=0 app=com.google.android.providers.media.module
08-20 16:06:33.080  1677  1956 I MediaProvider: Deleted 1 items on external_primary due to com.android.shell
08-20 16:06:33.821   531  1923 I system_server: oneway function results will be dropped but finished with status OK and parcel size 4
08-20 16:06:34.269   531   567 W WindowManager: Unable to start animation, surface is null or no children.
08-20 16:06:36.634   729   729 I wpa_supplicant: wlan0: CTRL-EVENT-BEACON-LOSS 
08-20 16:06:38.537   173   173 I hwservicemanager: getTransport: Cannot find entry android.hardware.graphics.mapper@4.0::IMapper/default in either framework or device manifest.
08-20 16:06:38.537 21873 21873 I Gralloc4: mapper 4.x is not supported
08-20 16:06:38.687  1677  3358 I MediaProvider: Begin Intent { act=android.intent.action.MEDIA_SCANNER_SCAN_FILE dat=file:///sdcard/screen_2025-08-20_160639.png flg=0x1400010 cmp=com.google.android.providers.media.module/com.android.providers.media.MediaService }
08-20 16:06:38.682  1677  1677 W com.google.android.providers.media.module: type=1400 audit(0.0:1746): avc: denied { read } for comm=4173796E635461736B202331 name="primary" dev="tmpfs" ino=29084 scontext=u:r:mediaprovider_app:s0:c166,c256,c512,c768 tcontext=u:object_r:mnt_pass_through_file:s0 tclass=lnk_file permissive=0 app=com.google.android.providers.media.module
08-20 16:06:38.695  1677  3358 W ModernMediaScanner: Failed to visit /sdcard/screen_2025-08-20_160639.png: java.nio.file.AccessDeniedException: /sdcard/screen_2025-08-20_160639.png
08-20 16:06:38.696  1677  3358 I MediaProvider: Scanned internal due to REASON_DEMAND, found 0 items in 8ms, 0 inserts 0 updates 0 deletes
08-20 16:06:38.697  1677  3358 I MediaProvider: End Intent { act=android.intent.action.MEDIA_SCANNER_SCAN_FILE dat=file:///sdcard/screen_2025-08-20_160639.png flg=0x1400010 cmp=com.google.android.providers.media.module/com.android.providers.media.MediaService }
08-20 16:06:38.682  1677  1677 W com.google.android.providers.media.module: type=1400 audit(0.0:1748): avc: denied { read } for comm=4173796E635461736B202331 name="primary" dev="tmpfs" ino=29084 scontext=u:r:mediaprovider_app:s0:c166,c256,c512,c768 tcontext=u:object_r:mnt_pass_through_file:s0 tclass=lnk_file permissive=0 app=com.google.android.providers.media.module
08-20 16:06:38.772  1677  1955 I MediaProvider: Deleted 1 items on external_primary due to com.android.shell
08-20 16:06:38.822 21888 21892 I cmd     : oneway function results will be dropped but finished with status OK and parcel size 4
08-20 16:06:38.987   173   173 I hwservicemanager: getTransport: Cannot find entry android.hardware.graphics.mapper@4.0::IMapper/default in either framework or device manifest.
08-20 16:06:38.989 21912 21912 I Gralloc4: mapper 4.x is not supported
08-20 16:06:39.040  1631 21916 I GmscoreIpa: Starting mediastore instant index
08-20 16:06:39.141 21918 21920 I cmd     : oneway function results will be dropped but finished with status OK and parcel size 4
08-20 16:06:39.142  1677  3358 I MediaProvider: Begin Intent { act=android.intent.action.MEDIA_SCANNER_SCAN_FILE dat=file:///sdcard/screen_2025-08-20_160639.png flg=0x1400010 cmp=com.google.android.providers.media.module/com.android.providers.media.MediaService }
08-20 16:06:39.142  1677  3358 W ModernMediaScanner: Failed to visit /sdcard/screen_2025-08-20_160639.png: java.nio.file.AccessDeniedException: /sdcard/screen_2025-08-20_160639.png
08-20 16:06:39.143  1677  3358 I MediaProvider: Scanned internal due to REASON_DEMAND, found 0 items in 1ms, 0 inserts 0 updates 0 deletes
08-20 16:06:39.144  1677  3358 I MediaProvider: End Intent { act=android.intent.action.MEDIA_SCANNER_SCAN_FILE dat=file:///sdcard/screen_2025-08-20_160639.png flg=0x1400010 cmp=com.google.android.providers.media.module/com.android.providers.media.MediaService }
08-20 16:06:39.221  1677  2717 I MediaProvider: Deleted 1 items on external_primary due to com.android.shell
08-20 16:06:39.460   173   173 I hwservicemanager: getTransport: Cannot find entry android.hardware.graphics.mapper@4.0::IMapper/default in either framework or device manifest.
08-20 16:06:39.461 21951 21951 I Gralloc4: mapper 4.x is not supported
08-20 16:06:39.612 21955 21957 I cmd     : oneway function results will be dropped but finished with status OK and parcel size 4
08-20 16:06:39.613  1677  3358 I MediaProvider: Begin Intent { act=android.intent.action.MEDIA_SCANNER_SCAN_FILE dat=file:///sdcard/screen_2025-08-20_160639.png flg=0x1400010 cmp=com.google.android.providers.media.module/com.android.providers.media.MediaService }
08-20 16:06:39.614  1677  3358 W ModernMediaScanner: Failed to visit /sdcard/screen_2025-08-20_160639.png: java.nio.file.AccessDeniedException: /sdcard/screen_2025-08-20_160639.png
08-20 16:06:39.614  1677  3358 I MediaProvider: Scanned internal due to REASON_DEMAND, found 0 items in 1ms, 0 inserts 0 updates 0 deletes
08-20 16:06:39.615  1677  3358 I MediaProvider: End Intent { act=android.intent.action.MEDIA_SCANNER_SCAN_FILE dat=file:///sdcard/screen_2025-08-20_160639.png flg=0x1400010 cmp=com.google.android.providers.media.module/com.android.providers.media.MediaService }
08-20 16:06:39.640  1677  1955 I MediaProvider: Deleted 1 items on external_primary due to com.android.shell
08-20 16:06:40.855   173   173 I hwservicemanager: getTransport: Cannot find entry android.hardware.graphics.mapper@4.0::IMapper/default in either framework or device manifest.
08-20 16:06:40.855 21990 21990 I Gralloc4: mapper 4.x is not supported
08-20 16:06:41.006 21996 21998 I cmd     : oneway function results will be dropped but finished with status OK and parcel size 4
08-20 16:06:41.007  1677  3358 I MediaProvider: Begin Intent { act=android.intent.action.MEDIA_SCANNER_SCAN_FILE dat=file:///sdcard/screen_2025-08-20_160641.png flg=0x1400010 cmp=com.google.android.providers.media.module/com.android.providers.media.MediaService }
08-02 13:45:45.300     0     0 W audit   : audit_lost=929 audit_rate_limit=5 audit_backlog_limit=64
08-02 13:45:45.301     0     0 E audit   : rate limit exceeded
08-20 16:06:41.013  1677  3358 W ModernMediaScanner: Failed to visit /sdcard/screen_2025-08-20_160641.png: java.nio.file.AccessDeniedException: /sdcard/screen_2025-08-20_160641.png
08-20 16:06:41.014  1677  3358 I MediaProvider: Scanned internal due to REASON_DEMAND, found 0 items in 3ms, 0 inserts 0 updates 0 deletes
08-20 16:06:41.002  1677  1677 W com.google.android.providers.media.module: type=1400 audit(0.0:1764): avc: denied { read } for comm=4173796E635461736B202331 name="primary" dev="tmpfs" ino=29084 scontext=u:r:mediaprovider_app:s0:c166,c256,c512,c768 tcontext=u:object_r:mnt_pass_through_file:s0 tclass=lnk_file permissive=0 app=com.google.android.providers.media.module
08-20 16:06:41.006  1677  1677 I chatty  : uid=10166(com.google.android.providers.media.module) identical 3 lines
08-20 16:06:41.006  1677  1677 W com.google.android.providers.media.module: type=1400 audit(0.0:1768): avc: denied { read } for comm=4173796E635461736B202331 name="primary" dev="tmpfs" ino=29084 scontext=u:r:mediaprovider_app:s0:c166,c256,c512,c768 tcontext=u:object_r:mnt_pass_through_file:s0 tclass=lnk_file permissive=0 app=com.google.android.providers.media.module
08-20 16:06:41.021  1677  3358 I MediaProvider: End Intent { act=android.intent.action.MEDIA_SCANNER_SCAN_FILE dat=file:///sdcard/screen_2025-08-20_160641.png flg=0x1400010 cmp=com.google.android.providers.media.module/com.android.providers.media.MediaService }
08-20 16:06:41.096  1677  1956 I MediaProvider: Deleted 1 items on external_primary due to com.android.shell
08-20 16:06:41.136 22007 22009 I cmd     : oneway function results will be dropped but finished with status OK and parcel size 4
08-20 16:06:41.297   173   173 I hwservicemanager: getTransport: Cannot find entry android.hardware.graphics.mapper@4.0::IMapper/default in either framework or device manifest.
08-20 16:06:41.297 22029 22029 I Gralloc4: mapper 4.x is not supported
08-20 16:06:41.447  1677  3358 I MediaProvider: Begin Intent { act=android.intent.action.MEDIA_SCANNER_SCAN_FILE dat=file:///sdcard/screen_2025-08-20_160641.png flg=0x1400010 cmp=com.google.android.providers.media.module/com.android.providers.media.MediaService }
08-20 16:06:41.448  1677  3358 W ModernMediaScanner: Failed to visit /sdcard/screen_2025-08-20_160641.png: java.nio.file.AccessDeniedException: /sdcard/screen_2025-08-20_160641.png
08-20 16:06:41.449  1677  3358 I MediaProvider: Scanned internal due to REASON_DEMAND, found 0 items in 1ms, 0 inserts 0 updates 0 deletes
08-20 16:06:41.449  1677  3358 I MediaProvider: End Intent { act=android.intent.action.MEDIA_SCANNER_SCAN_FILE dat=file:///sdcard/screen_2025-08-20_160641.png flg=0x1400010 cmp=com.google.android.providers.media.module/com.android.providers.media.MediaService }
08-20 16:06:41.475  1677  2717 I MediaProvider: Deleted 1 items on external_primary due to com.android.shell
08-20 16:06:41.510 22044 22046 I cmd     : oneway function results will be dropped but finished with status OK and parcel size 4
08-20 16:06:41.689   173   173 I hwservicemanager: getTransport: Cannot find entry android.hardware.graphics.mapper@4.0::IMapper/default in either framework or device manifest.
08-20 16:06:41.689 22066 22066 I Gralloc4: mapper 4.x is not supported
08-20 16:06:41.837 22070 22072 I cmd     : oneway function results will be dropped but finished with status OK and parcel size 4
08-20 16:06:41.838  1677  3358 I MediaProvider: Begin Intent { act=android.intent.action.MEDIA_SCANNER_SCAN_FILE dat=file:///sdcard/screen_2025-08-20_160642.png flg=0x1400010 cmp=com.google.android.providers.media.module/com.android.providers.media.MediaService }
08-20 16:06:41.839  1677  3358 W ModernMediaScanner: Failed to visit /sdcard/screen_2025-08-20_160642.png: java.nio.file.AccessDeniedException: /sdcard/screen_2025-08-20_160642.png
08-20 16:06:41.839  1677  3358 I MediaProvider: Scanned internal due to REASON_DEMAND, found 0 items in 1ms, 0 inserts 0 updates 0 deletes
08-20 16:06:41.840  1677  3358 I MediaProvider: End Intent { act=android.intent.action.MEDIA_SCANNER_SCAN_FILE dat=file:///sdcard/screen_2025-08-20_160642.png flg=0x1400010 cmp=com.google.android.providers.media.module/com.android.providers.media.MediaService }
08-20 16:06:41.865  1677  1955 I MediaProvider: Deleted 1 items on external_primary due to com.android.shell
08-20 16:06:41.900 22081 22083 I cmd     : oneway function results will be dropped but finished with status OK and parcel size 4
08-20 16:06:43.120   173   173 I hwservicemanager: getTransport: Cannot find entry android.hardware.graphics.mapper@4.0::IMapper/default in either framework or device manifest.
08-20 16:06:43.122 22107 22107 I Gralloc4: mapper 4.x is not supported
08-20 16:06:43.269 22111 22113 I cmd     : oneway function results will be dropped but finished with status OK and parcel size 4
08-20 16:06:43.270  1677  3358 I MediaProvider: Begin Intent { act=android.intent.action.MEDIA_SCANNER_SCAN_FILE dat=file:///sdcard/screen_2025-08-20_160643.png flg=0x1400010 cmp=com.google.android.providers.media.module/com.android.providers.media.MediaService }
08-20 16:06:43.266  1677  1677 W com.google.android.providers.media.module: type=1400 audit(0.0:1782): avc: denied { read } for comm=4173796E635461736B202331 name="primary" dev="tmpfs" ino=29084 scontext=u:r:mediaprovider_app:s0:c166,c256,c512,c768 tcontext=u:object_r:mnt_pass_through_file:s0 tclass=lnk_file permissive=0 app=com.google.android.providers.media.module
08-02 13:45:47.559     0     0 W audit   : audit_lost=942 audit_rate_limit=5 audit_backlog_limit=64
08-02 13:45:47.563     0     0 E audit   : rate limit exceeded
08-20 16:06:43.266  1677  1677 W com.google.android.providers.media.module: type=1400 audit(0.0:1783): avc: denied { read } for comm=4173796E635461736B202331 name="primary" dev="tmpfs" ino=29084 scontext=u:r:mediaprovider_app:s0:c166,c256,c512,c768 tcontext=u:object_r:mnt_pass_through_file:s0 tclass=lnk_file permissive=0 app=com.google.android.providers.media.module
08-20 16:06:43.278  1677  3358 W ModernMediaScanner: Failed to visit /sdcard/screen_2025-08-20_160643.png: java.nio.file.AccessDeniedException: /sdcard/screen_2025-08-20_160643.png
08-20 16:06:43.279  1677  3358 I MediaProvider: Scanned internal due to REASON_DEMAND, found 0 items in 8ms, 0 inserts 0 updates 0 deletes
08-20 16:06:43.279  1677  3358 I MediaProvider: End Intent { act=android.intent.action.MEDIA_SCANNER_SCAN_FILE dat=file:///sdcard/screen_2025-08-20_160643.png flg=0x1400010 cmp=com.google.android.providers.media.module/com.android.providers.media.MediaService }
08-20 16:06:43.266  1677  1677 W com.google.android.providers.media.module: type=1400 audit(0.0:1784): avc: denied { read } for comm=4173796E635461736B202331 name="primary" dev="tmpfs" ino=29084 scontext=u:r:mediaprovider_app:s0:c166,c256,c512,c768 tcontext=u:object_r:mnt_pass_through_file:s0 tclass=lnk_file permissive=0 app=com.google.android.providers.media.module
08-20 16:06:43.300  1677  2717 I MediaProvider: Deleted 1 items on external_primary due to com.android.shell
08-20 16:06:43.333 22122 22124 I cmd     : oneway function results will be dropped but finished with status OK and parcel size 4
08-20 16:06:43.494   173   173 I hwservicemanager: getTransport: Cannot find entry android.hardware.graphics.mapper@4.0::IMapper/default in either framework or device manifest.
08-20 16:06:43.494 22144 22144 I Gralloc4: mapper 4.x is not supported
08-20 16:06:43.657  1677  3358 I MediaProvider: Begin Intent { act=android.intent.action.MEDIA_SCANNER_SCAN_FILE dat=file:///sdcard/screen_2025-08-20_160643.png flg=0x1400010 cmp=com.google.android.providers.media.module/com.android.providers.media.MediaService }
08-20 16:06:43.658 22148 22150 I cmd     : oneway function results will be dropped but finished with status OK and parcel size 4
08-20 16:06:43.658  1677  3358 W ModernMediaScanner: Failed to visit /sdcard/screen_2025-08-20_160643.png: java.nio.file.AccessDeniedException: /sdcard/screen_2025-08-20_160643.png
08-20 16:06:43.659  1677  3358 I MediaProvider: Scanned internal due to REASON_DEMAND, found 0 items in 2ms, 0 inserts 0 updates 0 deletes
08-20 16:06:43.660  1677  3358 I MediaProvider: End Intent { act=android.intent.action.MEDIA_SCANNER_SCAN_FILE dat=file:///sdcard/screen_2025-08-20_160643.png flg=0x1400010 cmp=com.google.android.providers.media.module/com.android.providers.media.MediaService }
08-20 16:06:43.688  1677  1956 I MediaProvider: Deleted 1 items on external_primary due to com.android.shell
08-20 16:06:43.760   531   531 W WindowManager: removeWindowToken: Attempted to remove non-existing token: android.os.Binder@46efa4
08-20 16:06:43.891   173   173 I hwservicemanager: getTransport: Cannot find entry android.hardware.graphics.mapper@4.0::IMapper/default in either framework or device manifest.
08-20 16:06:43.891 22181 22181 I Gralloc4: mapper 4.x is not supported
08-20 16:06:44.057 22186 22189 I cmd     : oneway function results will be dropped but finished with status OK and parcel size 4
08-20 16:06:44.058  1677  3358 I MediaProvider: Begin Intent { act=android.intent.action.MEDIA_SCANNER_SCAN_FILE dat=file:///sdcard/screen_2025-08-20_160644.png flg=0x1400010 cmp=com.google.android.providers.media.module/com.android.providers.media.MediaService }
08-20 16:06:44.060  1677  3358 W ModernMediaScanner: Failed to visit /sdcard/screen_2025-08-20_160644.png: java.nio.file.AccessDeniedException: /sdcard/screen_2025-08-20_160644.png
08-20 16:06:44.060  1677  3358 I MediaProvider: Scanned internal due to REASON_DEMAND, found 0 items in 1ms, 0 inserts 0 updates 0 deletes
08-20 16:06:44.061  1677  3358 I MediaProvider: End Intent { act=android.intent.action.MEDIA_SCANNER_SCAN_FILE dat=file:///sdcard/screen_2025-08-20_160644.png flg=0x1400010 cmp=com.google.android.providers.media.module/com.android.providers.media.MediaService }
08-20 16:06:44.137  1677  2717 I MediaProvider: Deleted 1 items on external_primary due to com.android.shell
08-20 16:06:44.193 22198 22200 I cmd     : oneway function results will be dropped but finished with status OK and parcel size 4
08-20 16:06:44.314 22208 22208 E libc    : Access denied finding property "persist.device_config.runtime_native_boot.profilebootclasspath"
08-20 16:06:44.314 22208 22208 E libc    : Access denied finding property "persist.device_config.runtime_native_boot.enable_apex_image"
08-20 16:06:44.314 22208 22208 I AndroidRuntime: Using default boot image
08-20 16:06:44.314 22208 22208 E libc    : Access denied finding property "persist.device_config.runtime_native_boot.disable_lock_profiling"
08-20 16:06:44.314 22208 22208 I AndroidRuntime: Leaving lock profiling enabled
08-20 16:06:44.314 22208 22208 E libc    : Access denied finding property "persist.device_config.runtime_native_boot.enable_generational_cc"
08-20 16:06:44.315 22208 22208 I app_process: Core platform API reporting enabled, enforcing=false
08-20 16:06:44.310 22208 22208 W app_process: type=1400 audit(0.0:1800): avc: denied { read } for name="u:object_r:device_config_runtime_native_boot_prop:s0" dev="tmpfs" ino=1409 scontext=u:r:shell:s0 tcontext=u:object_r:device_config_runtime_native_boot_prop:s0 tclass=file permissive=0
08-20 16:06:44.368 22208 22208 W app_process: Unexpected CPU variant for X86 using defaults: x86_64
08-20 16:06:44.369 22208 22208 I app_process: The ClassLoaderContext is a special shared library.
08-20 16:06:44.376 22208 22208 W app_process: JNI RegisterNativeMethods: attempt to register 0 native methods for android.media.AudioAttributes
08-20 16:06:44.382   531   565 E RemoteAugmentedAutofillService: Bad service name for flags 1048704: com.google.android.as/com.google.android.apps.miphone.aiai.app.AiAiAugmentedAutofillService
08-20 16:06:44.569   729   729 I wpa_supplicant: wlan0: CTRL-EVENT-BEACON-LOSS 
08-20 16:06:46.044   173   173 I hwservicemanager: getTransport: Cannot find entry android.hardware.graphics.mapper@4.0::IMapper/default in either framework or device manifest.
08-20 16:06:46.044 22238 22238 I Gralloc4: mapper 4.x is not supported
08-20 16:06:46.196  1677  3358 I MediaProvider: Begin Intent { act=android.intent.action.MEDIA_SCANNER_SCAN_FILE dat=file:///sdcard/screen_2025-08-20_160646.png flg=0x1400010 cmp=com.google.android.providers.media.module/com.android.providers.media.MediaService }
08-20 16:06:46.190  1677  1677 W com.google.android.providers.media.module: type=1400 audit(0.0:1804): avc: denied { read } for comm=4173796E635461736B202331 name="primary" dev="tmpfs" ino=29084 scontext=u:r:mediaprovider_app:s0:c166,c256,c512,c768 tcontext=u:object_r:mnt_pass_through_file:s0 tclass=lnk_file permissive=0 app=com.google.android.providers.media.module
08-20 16:06:46.204  1677  3358 W ModernMediaScanner: Failed to visit /sdcard/screen_2025-08-20_160646.png: java.nio.file.AccessDeniedException: /sdcard/screen_2025-08-20_160646.png
08-20 16:06:46.204  1677  3358 I MediaProvider: Scanned internal due to REASON_DEMAND, found 0 items in 8ms, 0 inserts 0 updates 0 deletes
08-20 16:06:46.205  1677  3358 I MediaProvider: End Intent { act=android.intent.action.MEDIA_SCANNER_SCAN_FILE dat=file:///sdcard/screen_2025-08-20_160646.png flg=0x1400010 cmp=com.google.android.providers.media.module/com.android.providers.media.MediaService }
08-20 16:06:46.190  1677  1677 W com.google.android.providers.media.module: type=1400 audit(0.0:1805): avc: denied { read } for comm=4173796E635461736B202331 name="primary" dev="tmpfs" ino=29084 scontext=u:r:mediaprovider_app:s0:c166,c256,c512,c768 tcontext=u:object_r:mnt_pass_through_file:s0 tclass=lnk_file permissive=0 app=com.google.android.providers.media.module
08-20 16:06:46.198  1677  1677 I chatty  : uid=10166(com.google.android.providers.media.module) identical 3 lines
08-20 16:06:46.198  1677  1677 W com.google.android.providers.media.module: type=1400 audit(0.0:1809): avc: denied { read } for comm=4173796E635461736B202331 name="primary" dev="tmpfs" ino=29084 scontext=u:r:mediaprovider_app:s0:c166,c256,c512,c768 tcontext=u:object_r:mnt_pass_through_file:s0 tclass=lnk_file permissive=0 app=com.google.android.providers.media.module
08-20 16:06:46.266  1677  1955 I MediaProvider: Deleted 1 items on external_primary due to com.android.shell
08-20 16:06:46.306 22255 22257 I cmd     : oneway function results will be dropped but finished with status OK and parcel size 4
08-20 16:06:46.515   173   173 I hwservicemanager: getTransport: Cannot find entry android.hardware.graphics.mapper@4.0::IMapper/default in either framework or device manifest.
08-20 16:06:46.515 22277 22277 I Gralloc4: mapper 4.x is not supported
08-20 16:06:46.664 22281 22283 I cmd     : oneway function results will be dropped but finished with status OK and parcel size 4
08-20 16:06:46.665  1677  3358 I MediaProvider: Begin Intent { act=android.intent.action.MEDIA_SCANNER_SCAN_FILE dat=file:///sdcard/screen_2025-08-20_160646.png flg=0x1400010 cmp=com.google.android.providers.media.module/com.android.providers.media.MediaService }
08-20 16:06:46.667  1677  3358 W ModernMediaScanner: Failed to visit /sdcard/screen_2025-08-20_160646.png: java.nio.file.AccessDeniedException: /sdcard/screen_2025-08-20_160646.png
