08-20 16:05:39.526  1677  3358 W ModernMediaScanner: Failed to visit /sdcard/screen_2025-08-20_160539.png: java.nio.file.AccessDeniedException: /sdcard/screen_2025-08-20_160539.png
08-20 16:05:39.527  1677  3358 I MediaProvider: Scanned internal due to REASON_DEMAND, found 0 items in 1ms, 0 inserts 0 updates 0 deletes
08-20 16:05:39.528  1677  3358 I MediaProvider: End Intent { act=android.intent.action.MEDIA_SCANNER_SCAN_FILE dat=file:///sdcard/screen_2025-08-20_160539.png flg=0x1400010 cmp=com.google.android.providers.media.module/com.android.providers.media.MediaService }
08-02 13:44:43.813     0     0 W audit   : audit_lost=733 audit_rate_limit=5 audit_backlog_limit=64
08-02 13:44:43.813     0     0 E audit   : rate limit exceeded
08-20 16:05:39.545   729   729 I wpa_supplicant: wlan0: CTRL-EVENT-BEACON-LOSS 
08-20 16:05:39.554  1677  1956 I MediaProvider: Deleted 1 items on external_primary due to com.android.shell
08-20 16:05:39.748   173   173 I hwservicemanager: getTransport: Cannot find entry android.hardware.graphics.mapper@4.0::IMapper/default in either framework or device manifest.
08-20 16:05:39.748 19443 19443 I Gralloc4: mapper 4.x is not supported
08-20 16:05:39.900 19450 19452 I cmd     : oneway function results will be dropped but finished with status OK and parcel size 4
08-20 16:05:39.901  1677  3358 I MediaProvider: Begin Intent { act=android.intent.action.MEDIA_SCANNER_SCAN_FILE dat=file:///sdcard/screen_2025-08-20_160540.png flg=0x1400010 cmp=com.google.android.providers.media.module/com.android.providers.media.MediaService }
08-20 16:05:39.901  1677  3358 W ModernMediaScanner: Failed to visit /sdcard/screen_2025-08-20_160540.png: java.nio.file.AccessDeniedException: /sdcard/screen_2025-08-20_160540.png
08-20 16:05:39.902  1677  3358 I MediaProvider: Scanned internal due to REASON_DEMAND, found 0 items in 0ms, 0 inserts 0 updates 0 deletes
08-20 16:05:39.902  1677  3358 I MediaProvider: End Intent { act=android.intent.action.MEDIA_SCANNER_SCAN_FILE dat=file:///sdcard/screen_2025-08-20_160540.png flg=0x1400010 cmp=com.google.android.providers.media.module/com.android.providers.media.MediaService }
08-20 16:05:39.927  1677  2717 I MediaProvider: Deleted 1 items on external_primary due to com.android.shell
08-20 16:05:40.084 19491 19493 I cmd     : oneway function results will be dropped but finished with status OK and parcel size 4
08-20 16:05:40.250 19518 19518 E libc    : Access denied finding property "persist.device_config.runtime_native_boot.profilebootclasspath"
08-20 16:05:40.250 19518 19518 E libc    : Access denied finding property "persist.device_config.runtime_native_boot.enable_apex_image"
08-20 16:05:40.250 19518 19518 I AndroidRuntime: Using default boot image
08-20 16:05:40.250 19518 19518 E libc    : Access denied finding property "persist.device_config.runtime_native_boot.disable_lock_profiling"
08-20 16:05:40.250 19518 19518 I AndroidRuntime: Leaving lock profiling enabled
08-20 16:05:40.250 19518 19518 E libc    : Access denied finding property "persist.device_config.runtime_native_boot.enable_generational_cc"
08-20 16:05:40.252 19518 19518 I app_process: Core platform API reporting enabled, enforcing=false
08-20 16:05:40.246 19518 19518 W app_process: type=1400 audit(0.0:1430): avc: denied { read } for name="u:object_r:device_config_runtime_native_boot_prop:s0" dev="tmpfs" ino=1409 scontext=u:r:shell:s0 tcontext=u:object_r:device_config_runtime_native_boot_prop:s0 tclass=file permissive=0
08-20 16:05:40.305 19518 19518 W app_process: Unexpected CPU variant for X86 using defaults: x86_64
08-20 16:05:40.305 19518 19518 I app_process: The ClassLoaderContext is a special shared library.
08-20 16:05:40.314 19518 19518 W app_process: JNI RegisterNativeMethods: attempt to register 0 native methods for android.media.AudioAttributes
08-20 16:05:40.524   531  1811 E RemoteAugmentedAutofillService: Bad service name for flags 1048704: com.google.android.as/com.google.android.apps.miphone.aiai.app.AiAiAugmentedAutofillService
08-20 16:05:41.015 19543 19545 I cmd     : oneway function results will be dropped but finished with status OK and parcel size 4
08-20 16:05:42.189   173   173 I hwservicemanager: getTransport: Cannot find entry android.hardware.graphics.mapper@4.0::IMapper/default in either framework or device manifest.
08-20 16:05:42.189 19568 19568 I Gralloc4: mapper 4.x is not supported
08-20 16:05:42.339 19572 19574 I cmd     : oneway function results will be dropped but finished with status OK and parcel size 4
08-20 16:05:42.340  1677  3358 I MediaProvider: Begin Intent { act=android.intent.action.MEDIA_SCANNER_SCAN_FILE dat=file:///sdcard/screen_2025-08-20_160542.png flg=0x1400010 cmp=com.google.android.providers.media.module/com.android.providers.media.MediaService }
08-20 16:05:42.341  1677  3358 W ModernMediaScanner: Failed to visit /sdcard/screen_2025-08-20_160542.png: java.nio.file.AccessDeniedException: /sdcard/screen_2025-08-20_160542.png
08-20 16:05:42.342  1677  3358 I MediaProvider: Scanned internal due to REASON_DEMAND, found 0 items in 2ms, 0 inserts 0 updates 0 deletes
08-20 16:05:42.342  1677  3358 I MediaProvider: End Intent { act=android.intent.action.MEDIA_SCANNER_SCAN_FILE dat=file:///sdcard/screen_2025-08-20_160542.png flg=0x1400010 cmp=com.google.android.providers.media.module/com.android.providers.media.MediaService }
08-20 16:05:42.334  1677  1677 W com.google.android.providers.media.module: type=1400 audit(0.0:1434): avc: denied { read } for comm=4173796E635461736B202331 name="primary" dev="tmpfs" ino=29084 scontext=u:r:mediaprovider_app:s0:c166,c256,c512,c768 tcontext=u:object_r:mnt_pass_through_file:s0 tclass=lnk_file permissive=0 app=com.google.android.providers.media.module
08-20 16:05:42.338  1677  1677 I chatty  : uid=10166(com.google.android.providers.media.module) identical 4 lines
08-20 16:05:42.338  1677  1677 W com.google.android.providers.media.module: type=1400 audit(0.0:1439): avc: denied { read } for comm=4173796E635461736B202331 name="primary" dev="tmpfs" ino=29084 scontext=u:r:mediaprovider_app:s0:c166,c256,c512,c768 tcontext=u:object_r:mnt_pass_through_file:s0 tclass=lnk_file permissive=0 app=com.google.android.providers.media.module
08-20 16:05:42.419  1677  1955 I MediaProvider: Deleted 1 items on external_primary due to com.android.shell
08-20 16:05:42.456 19583 19585 I cmd     : oneway function results will be dropped but finished with status OK and parcel size 4
08-20 16:05:42.649   173   173 I hwservicemanager: getTransport: Cannot find entry android.hardware.graphics.mapper@4.0::IMapper/default in either framework or device manifest.
08-20 16:05:42.649 19605 19605 I Gralloc4: mapper 4.x is not supported
08-20 16:05:42.794 19609 19611 I cmd     : oneway function results will be dropped but finished with status OK and parcel size 4
08-20 16:05:42.794  1677  3358 I MediaProvider: Begin Intent { act=android.intent.action.MEDIA_SCANNER_SCAN_FILE dat=file:///sdcard/screen_2025-08-20_160543.png flg=0x1400010 cmp=com.google.android.providers.media.module/com.android.providers.media.MediaService }
08-20 16:05:42.796  1677  3358 W ModernMediaScanner: Failed to visit /sdcard/screen_2025-08-20_160543.png: java.nio.file.AccessDeniedException: /sdcard/screen_2025-08-20_160543.png
08-02 13:44:47.083     0     0 W audit   : audit_lost=745 audit_rate_limit=5 audit_backlog_limit=64
08-02 13:44:47.084     0     0 E audit   : rate limit exceeded
08-20 16:05:42.797  1677  3358 I MediaProvider: Scanned internal due to REASON_DEMAND, found 0 items in 1ms, 0 inserts 0 updates 0 deletes
08-20 16:05:42.798  1677  3358 I MediaProvider: End Intent { act=android.intent.action.MEDIA_SCANNER_SCAN_FILE dat=file:///sdcard/screen_2025-08-20_160543.png flg=0x1400010 cmp=com.google.android.providers.media.module/com.android.providers.media.MediaService }
08-20 16:05:42.874  1677  1956 I MediaProvider: Deleted 1 items on external_primary due to com.android.shell
08-20 16:05:42.925 19622 19624 I cmd     : oneway function results will be dropped but finished with status OK and parcel size 4
08-20 16:05:43.097   173   173 I hwservicemanager: getTransport: Cannot find entry android.hardware.graphics.mapper@4.0::IMapper/default in either framework or device manifest.
08-20 16:05:43.098 19644 19644 I Gralloc4: mapper 4.x is not supported
08-20 16:05:43.245  1677  3358 I MediaProvider: Begin Intent { act=android.intent.action.MEDIA_SCANNER_SCAN_FILE dat=file:///sdcard/screen_2025-08-20_160543.png flg=0x1400010 cmp=com.google.android.providers.media.module/com.android.providers.media.MediaService }
08-20 16:05:43.245  1677  3358 W ModernMediaScanner: Failed to visit /sdcard/screen_2025-08-20_160543.png: java.nio.file.AccessDeniedException: /sdcard/screen_2025-08-20_160543.png
08-20 16:05:43.246  1677  3358 I MediaProvider: Scanned internal due to REASON_DEMAND, found 0 items in 1ms, 0 inserts 0 updates 0 deletes
08-20 16:05:43.246  1677  3358 I MediaProvider: End Intent { act=android.intent.action.MEDIA_SCANNER_SCAN_FILE dat=file:///sdcard/screen_2025-08-20_160543.png flg=0x1400010 cmp=com.google.android.providers.media.module/com.android.providers.media.MediaService }
08-20 16:05:43.320  1677  2717 I MediaProvider: Deleted 1 items on external_primary due to com.android.shell
08-20 16:05:43.369 19659 19661 I cmd     : oneway function results will be dropped but finished with status OK and parcel size 4
08-20 16:05:43.474   173   173 I hwservicemanager: getTransport: Cannot find entry android.hardware.graphics.mapper@4.0::IMapper/default in either framework or device manifest.
08-20 16:05:43.474 19669 19669 I Gralloc4: mapper 4.x is not supported
08-20 16:05:43.620 19673 19675 I cmd     : oneway function results will be dropped but finished with status OK and parcel size 4
08-20 16:05:43.621  1677  3358 I MediaProvider: Begin Intent { act=android.intent.action.MEDIA_SCANNER_SCAN_FILE dat=file:///sdcard/screen_2025-08-20_160543.png flg=0x1400010 cmp=com.google.android.providers.media.module/com.android.providers.media.MediaService }
08-20 16:05:43.623  1677  3358 W ModernMediaScanner: Failed to visit /sdcard/screen_2025-08-20_160543.png: java.nio.file.AccessDeniedException: /sdcard/screen_2025-08-20_160543.png
08-20 16:05:43.624  1677  3358 I MediaProvider: Scanned internal due to REASON_DEMAND, found 0 items in 1ms, 0 inserts 0 updates 0 deletes
08-20 16:05:43.624  1677  3358 I MediaProvider: End Intent { act=android.intent.action.MEDIA_SCANNER_SCAN_FILE dat=file:///sdcard/screen_2025-08-20_160543.png flg=0x1400010 cmp=com.google.android.providers.media.module/com.android.providers.media.MediaService }
08-20 16:05:43.618  1677  1677 W com.google.android.providers.media.module: type=1400 audit(0.0:1452): avc: denied { read } for comm=4173796E635461736B202331 name="primary" dev="tmpfs" ino=29084 scontext=u:r:mediaprovider_app:s0:c166,c256,c512,c768 tcontext=u:object_r:mnt_pass_through_file:s0 tclass=lnk_file permissive=0 app=com.google.android.providers.media.module
08-20 16:05:43.707  1677  1955 I MediaProvider: Deleted 1 items on external_primary due to com.android.shell
08-20 16:05:43.765 19684 19686 I cmd     : oneway function results will be dropped but finished with status OK and parcel size 4
08-20 16:05:43.860 19699 19701 I cmd     : oneway function results will be dropped but finished with status OK and parcel size 4
08-20 16:05:44.055 19728 19728 E libc    : Access denied finding property "persist.device_config.runtime_native_boot.profilebootclasspath"
08-20 16:05:44.055 19728 19728 E libc    : Access denied finding property "persist.device_config.runtime_native_boot.enable_apex_image"
08-20 16:05:44.055 19728 19728 I AndroidRuntime: Using default boot image
08-20 16:05:44.055 19728 19728 E libc    : Access denied finding property "persist.device_config.runtime_native_boot.disable_lock_profiling"
08-20 16:05:44.055 19728 19728 I AndroidRuntime: Leaving lock profiling enabled
08-20 16:05:44.055 19728 19728 E libc    : Access denied finding property "persist.device_config.runtime_native_boot.enable_generational_cc"
08-20 16:05:44.057 19728 19728 I app_process: Core platform API reporting enabled, enforcing=false
08-02 13:44:48.342     0     0 W audit   : audit_lost=758 audit_rate_limit=5 audit_backlog_limit=64
08-02 13:44:48.343     0     0 E audit   : rate limit exceeded
08-20 16:05:44.112 19728 19728 W app_process: Unexpected CPU variant for X86 using defaults: x86_64
08-20 16:05:44.113 19728 19728 I app_process: The ClassLoaderContext is a special shared library.
08-20 16:05:44.120 19728 19728 W app_process: JNI RegisterNativeMethods: attempt to register 0 native methods for android.media.AudioAttributes
08-20 16:05:44.361   531  3153 I system_server: oneway function results will be dropped but finished with status OK and parcel size 4
08-20 16:05:44.362   531   802 I system_server: oneway function results will be dropped but finished with status OK and parcel size 4
08-20 16:05:44.362   531   802 I system_server: oneway function results will be dropped but finished with status OK and parcel size 4
08-20 16:05:44.934   531  3153 I system_server: oneway function results will be dropped but finished with status OK and parcel size 4
08-20 16:05:46.365   531  3153 W NotificationService: Toast already killed. pkg=com.example.splapp token=android.os.BinderProxy@24d4bc1
08-20 16:05:46.481   173   173 I hwservicemanager: getTransport: Cannot find entry android.hardware.graphics.mapper@4.0::IMapper/default in either framework or device manifest.
08-20 16:05:46.482 19750 19750 I Gralloc4: mapper 4.x is not supported
08-20 16:05:46.716  1677  3358 I MediaProvider: Begin Intent { act=android.intent.action.MEDIA_SCANNER_SCAN_FILE dat=file:///sdcard/screen_2025-08-20_160546.png flg=0x1400010 cmp=com.google.android.providers.media.module/com.android.providers.media.MediaService }
08-02 13:44:51.005     0     0 W audit   : audit_lost=762 audit_rate_limit=5 audit_backlog_limit=64
08-02 13:44:51.006     0     0 E audit   : rate limit exceeded
08-20 16:05:46.722  1677  3358 W ModernMediaScanner: Failed to visit /sdcard/screen_2025-08-20_160546.png: java.nio.file.AccessDeniedException: /sdcard/screen_2025-08-20_160546.png
08-20 16:05:46.723  1677  3358 I MediaProvider: Scanned internal due to REASON_DEMAND, found 0 items in 6ms, 0 inserts 0 updates 0 deletes
08-20 16:05:46.723  1677  3358 I MediaProvider: End Intent { act=android.intent.action.MEDIA_SCANNER_SCAN_FILE dat=file:///sdcard/screen_2025-08-20_160546.png flg=0x1400010 cmp=com.google.android.providers.media.module/com.android.providers.media.MediaService }
08-20 16:05:46.710  1677  1677 W com.google.android.providers.media.module: type=1400 audit(0.0:1462): avc: denied { read } for comm=4173796E635461736B202331 name="primary" dev="tmpfs" ino=29084 scontext=u:r:mediaprovider_app:s0:c166,c256,c512,c768 tcontext=u:object_r:mnt_pass_through_file:s0 tclass=lnk_file permissive=0 app=com.google.android.providers.media.module
08-20 16:05:46.784  1677  1956 I MediaProvider: Deleted 1 items on external_primary due to com.android.shell
08-20 16:05:47.413   531  1723 I system_server: oneway function results will be dropped but finished with status OK and parcel size 4
08-20 16:05:47.482   729   729 I wpa_supplicant: wlan0: CTRL-EVENT-BEACON-LOSS 
08-20 16:05:47.877   531   567 W WindowManager: Unable to start animation, surface is null or no children.
08-20 16:05:50.823   217   233 E android.system.suspend@1.0-service: Error opening kernel wakelock stats for: wakeup36: Permission denied
08-20 16:05:50.818   217   217 W Binder:217_2: type=1400 audit(0.0:1468): avc: denied { read } for name="wakeup36" dev="sysfs" ino=19375 scontext=u:r:system_suspend:s0 tcontext=u:object_r:sysfs:s0 tclass=dir permissive=0
08-20 16:05:50.832   217   233 E android.system.suspend@1.0-service: Error opening kernel wakelock stats for: wakeup35: Permission denied
08-20 16:05:50.826   217   217 W Binder:217_2: type=1400 audit(0.0:1469): avc: denied { read } for name="wakeup35" dev="sysfs" ino=19312 scontext=u:r:system_suspend:s0 tcontext=u:object_r:sysfs:s0 tclass=dir permissive=0
08-20 16:05:52.321   173   173 I hwservicemanager: getTransport: Cannot find entry android.hardware.graphics.mapper@4.0::IMapper/default in either framework or device manifest.
08-20 16:05:52.321 19782 19782 I Gralloc4: mapper 4.x is not supported
08-20 16:05:52.354   531  1919 W UriGrantsManagerService: No permission grants found for com.google.android.apps.photos
08-20 16:05:52.355   531  1919 W UriGrantsManagerService: No permission grants found for com.google.android.apps.photos
08-20 16:05:52.386   531   802 W UriGrantsManagerService: No permission grants found for com.google.android.apps.photos
08-20 16:05:52.491 19790 19792 I cmd     : oneway function results will be dropped but finished with status OK and parcel size 4
08-20 16:05:52.495  1677  3358 I MediaProvider: Begin Intent { act=android.intent.action.MEDIA_SCANNER_SCAN_FILE dat=file:///sdcard/screen_2025-08-20_160552.png flg=0x1400010 cmp=com.google.android.providers.media.module/com.android.providers.media.MediaService }
08-20 16:05:52.490  1677  1677 W com.google.android.providers.media.module: type=1400 audit(0.0:1470): avc: denied { read } for comm=4173796E635461736B202331 name="primary" dev="tmpfs" ino=29084 scontext=u:r:mediaprovider_app:s0:c166,c256,c512,c768 tcontext=u:object_r:mnt_pass_through_file:s0 tclass=lnk_file permissive=0 app=com.google.android.providers.media.module
08-20 16:05:52.502  1677  3358 W ModernMediaScanner: Failed to visit /sdcard/screen_2025-08-20_160552.png: java.nio.file.AccessDeniedException: /sdcard/screen_2025-08-20_160552.png
08-20 16:05:52.502  1677  3358 I MediaProvider: Scanned internal due to REASON_DEMAND, found 0 items in 1ms, 0 inserts 0 updates 0 deletes
08-20 16:05:52.503  1677  3358 I MediaProvider: End Intent { act=android.intent.action.MEDIA_SCANNER_SCAN_FILE dat=file:///sdcard/screen_2025-08-20_160552.png flg=0x1400010 cmp=com.google.android.providers.media.module/com.android.providers.media.MediaService }
08-20 16:05:52.494  1677  1677 W com.google.android.providers.media.module: type=1400 audit(0.0:1471): avc: denied { read } for comm=4173796E635461736B202331 name="primary" dev="tmpfs" ino=29084 scontext=u:r:mediaprovider_app:s0:c166,c256,c512,c768 tcontext=u:object_r:mnt_pass_through_file:s0 tclass=lnk_file permissive=0 app=com.google.android.providers.media.module
08-20 16:05:52.498  1677  1677 I chatty  : uid=10166(com.google.android.providers.media.module) identical 3 lines
08-20 16:05:52.498  1677  1677 W com.google.android.providers.media.module: type=1400 audit(0.0:1475): avc: denied { read } for comm=4173796E635461736B202331 name="primary" dev="tmpfs" ino=29084 scontext=u:r:mediaprovider_app:s0:c166,c256,c512,c768 tcontext=u:object_r:mnt_pass_through_file:s0 tclass=lnk_file permissive=0 app=com.google.android.providers.media.module
08-20 16:05:52.531  1677  2717 I MediaProvider: Deleted 1 items on external_primary due to com.android.shell
08-20 16:05:52.568 19801 19803 I cmd     : oneway function results will be dropped but finished with status OK and parcel size 4
08-20 16:05:52.804   173   173 I hwservicemanager: getTransport: Cannot find entry android.hardware.graphics.mapper@4.0::IMapper/default in either framework or device manifest.
08-20 16:05:52.805 19824 19824 I Gralloc4: mapper 4.x is not supported
08-20 16:05:52.963 19828 19830 I cmd     : oneway function results will be dropped but finished with status OK and parcel size 4
08-20 16:05:52.964  1677  3358 I MediaProvider: Begin Intent { act=android.intent.action.MEDIA_SCANNER_SCAN_FILE dat=file:///sdcard/screen_2025-08-20_160553.png flg=0x1400010 cmp=com.google.android.providers.media.module/com.android.providers.media.MediaService }
08-20 16:05:52.958  1677  1677 W com.google.android.providers.media.module: type=1400 audit(0.0:1476): avc: denied { read } for comm=4173796E635461736B202331 name="primary" dev="tmpfs" ino=29084 scontext=u:r:mediaprovider_app:s0:c166,c256,c512,c768 tcontext=u:object_r:mnt_pass_through_file:s0 tclass=lnk_file permissive=0 app=com.google.android.providers.media.module
08-20 16:05:52.970  1677  3358 W ModernMediaScanner: Failed to visit /sdcard/screen_2025-08-20_160553.png: java.nio.file.AccessDeniedException: /sdcard/screen_2025-08-20_160553.png
08-20 16:05:52.971  1677  3358 I MediaProvider: Scanned internal due to REASON_DEMAND, found 0 items in 2ms, 0 inserts 0 updates 0 deletes
08-20 16:05:52.972  1677  3358 I MediaProvider: End Intent { act=android.intent.action.MEDIA_SCANNER_SCAN_FILE dat=file:///sdcard/screen_2025-08-20_160553.png flg=0x1400010 cmp=com.google.android.providers.media.module/com.android.providers.media.MediaService }
08-02 13:44:57.253     0     0 W audit   : audit_lost=763 audit_rate_limit=5 audit_backlog_limit=64
08-02 13:44:57.254     0     0 E audit   : rate limit exceeded
08-20 16:05:52.958  1677  1677 W com.google.android.providers.media.module: type=1400 audit(0.0:1477): avc: denied { read } for comm=4173796E635461736B202331 name="primary" dev="tmpfs" ino=29084 scontext=u:r:mediaprovider_app:s0:c166,c256,c512,c768 tcontext=u:object_r:mnt_pass_through_file:s0 tclass=lnk_file permissive=0 app=com.google.android.providers.media.module
08-20 16:05:53.039  1677  1955 I MediaProvider: Deleted 1 items on external_primary due to com.android.shell
08-20 16:05:53.244   173   173 I hwservicemanager: getTransport: Cannot find entry android.hardware.graphics.mapper@4.0::IMapper/default in either framework or device manifest.
08-20 16:05:53.244 19861 19861 I Gralloc4: mapper 4.x is not supported
08-20 16:05:53.390 19865 19867 I cmd     : oneway function results will be dropped but finished with status OK and parcel size 4
08-20 16:05:53.390  1677  3358 I MediaProvider: Begin Intent { act=android.intent.action.MEDIA_SCANNER_SCAN_FILE dat=file:///sdcard/screen_2025-08-20_160553.png flg=0x1400010 cmp=com.google.android.providers.media.module/com.android.providers.media.MediaService }
08-20 16:05:53.392  1677  3358 W ModernMediaScanner: Failed to visit /sdcard/screen_2025-08-20_160553.png: java.nio.file.AccessDeniedException: /sdcard/screen_2025-08-20_160553.png
08-20 16:05:53.392  1677  3358 I MediaProvider: Scanned internal due to REASON_DEMAND, found 0 items in 1ms, 0 inserts 0 updates 0 deletes
08-20 16:05:53.393  1677  3358 I MediaProvider: End Intent { act=android.intent.action.MEDIA_SCANNER_SCAN_FILE dat=file:///sdcard/screen_2025-08-20_160553.png flg=0x1400010 cmp=com.google.android.providers.media.module/com.android.providers.media.MediaService }
08-20 16:05:53.418  1677  1956 I MediaProvider: Deleted 1 items on external_primary due to com.android.shell
08-20 16:05:53.450 19876 19878 I cmd     : oneway function results will be dropped but finished with status OK and parcel size 4
08-20 16:05:54.679   173   173 I hwservicemanager: getTransport: Cannot find entry android.hardware.graphics.mapper@4.0::IMapper/default in either framework or device manifest.
08-20 16:05:54.679 19902 19902 I Gralloc4: mapper 4.x is not supported
08-20 16:05:54.831 19906 19908 I cmd     : oneway function results will be dropped but finished with status OK and parcel size 4
08-20 16:05:54.826  1677  1677 W com.google.android.providers.media.module: type=1400 audit(0.0:1488): avc: denied { read } for comm=4173796E635461736B202331 name="primary" dev="tmpfs" ino=29084 scontext=u:r:mediaprovider_app:s0:c166,c256,c512,c768 tcontext=u:object_r:mnt_pass_through_file:s0 tclass=lnk_file permissive=0 app=com.google.android.providers.media.module
08-20 16:05:54.831  1677  3358 I MediaProvider: Begin Intent { act=android.intent.action.MEDIA_SCANNER_SCAN_FILE dat=file:///sdcard/screen_2025-08-20_160555.png flg=0x1400010 cmp=com.google.android.providers.media.module/com.android.providers.media.MediaService }
08-02 13:44:59.120     0     0 W audit   : audit_lost=773 audit_rate_limit=5 audit_backlog_limit=64
08-02 13:44:59.124     0     0 E audit   : rate limit exceeded
08-20 16:05:54.826  1677  1677 W com.google.android.providers.media.module: type=1400 audit(0.0:1489): avc: denied { read } for comm=4173796E635461736B202331 name="primary" dev="tmpfs" ino=29084 scontext=u:r:mediaprovider_app:s0:c166,c256,c512,c768 tcontext=u:object_r:mnt_pass_through_file:s0 tclass=lnk_file permissive=0 app=com.google.android.providers.media.module
08-20 16:05:54.839  1677  3358 W ModernMediaScanner: Failed to visit /sdcard/screen_2025-08-20_160555.png: java.nio.file.AccessDeniedException: /sdcard/screen_2025-08-20_160555.png
08-20 16:05:54.826  1677  1677 W com.google.android.providers.media.module: type=1400 audit(0.0:1490): avc: denied { read } for comm=4173796E635461736B202331 name="primary" dev="tmpfs" ino=29084 scontext=u:r:mediaprovider_app:s0:c166,c256,c512,c768 tcontext=u:object_r:mnt_pass_through_file:s0 tclass=lnk_file permissive=0 app=com.google.android.providers.media.module
08-20 16:05:54.845  1677  3358 I MediaProvider: Scanned internal due to REASON_DEMAND, found 0 items in 13ms, 0 inserts 0 updates 0 deletes
08-20 16:05:54.846  1677  3358 I MediaProvider: End Intent { act=android.intent.action.MEDIA_SCANNER_SCAN_FILE dat=file:///sdcard/screen_2025-08-20_160555.png flg=0x1400010 cmp=com.google.android.providers.media.module/com.android.providers.media.MediaService }
08-20 16:05:54.826  1677  1677 W com.google.android.providers.media.module: type=1400 audit(0.0:1492): avc: denied { read } for comm=4173796E635461736B202331 name="primary" dev="tmpfs" ino=29084 scontext=u:r:mediaprovider_app:s0:c166,c256,c512,c768 tcontext=u:object_r:mnt_pass_through_file:s0 tclass=lnk_file permissive=0 app=com.google.android.providers.media.module
08-20 16:05:54.910  1677  2717 I MediaProvider: Deleted 1 items on external_primary due to com.android.shell
08-20 16:05:54.959 19917 19919 I cmd     : oneway function results will be dropped but finished with status OK and parcel size 4
08-20 16:05:55.181   173   173 I hwservicemanager: getTransport: Cannot find entry android.hardware.graphics.mapper@4.0::IMapper/default in either framework or device manifest.
08-20 16:05:55.181 19939 19939 I Gralloc4: mapper 4.x is not supported
08-20 16:05:55.329 19943 19945 I cmd     : oneway function results will be dropped but finished with status OK and parcel size 4
08-20 16:05:55.330  1677  3358 I MediaProvider: Begin Intent { act=android.intent.action.MEDIA_SCANNER_SCAN_FILE dat=file:///sdcard/screen_2025-08-20_160555.png flg=0x1400010 cmp=com.google.android.providers.media.module/com.android.providers.media.MediaService }
08-20 16:05:55.331  1677  3358 W ModernMediaScanner: Failed to visit /sdcard/screen_2025-08-20_160555.png: java.nio.file.AccessDeniedException: /sdcard/screen_2025-08-20_160555.png
08-20 16:05:55.332  1677  3358 I MediaProvider: Scanned internal due to REASON_DEMAND, found 0 items in 2ms, 0 inserts 0 updates 0 deletes
08-20 16:05:55.333  1677  3358 I MediaProvider: End Intent { act=android.intent.action.MEDIA_SCANNER_SCAN_FILE dat=file:///sdcard/screen_2025-08-20_160555.png flg=0x1400010 cmp=com.google.android.providers.media.module/com.android.providers.media.MediaService }
08-20 16:05:55.357  1677  1955 I MediaProvider: Deleted 1 items on external_primary due to com.android.shell
08-20 16:05:55.673   729   729 I wpa_supplicant: wlan0: CTRL-EVENT-BEACON-LOSS 
08-20 16:05:56.373   531  4415 W system_server: Long monitor contention with owner Binder:531_1C (3964) at void com.android.server.display.DisplayManagerService.dumpInternal(java.io.PrintWriter)(DisplayManagerService.java:1746) waiters=0 in boolean com.android.server.display.DisplayManagerService$LocalService.requestPowerState(android.hardware.display.DisplayManagerInternal$DisplayPowerRequest, boolean) for 1.001s
08-20 16:05:56.374   531   586 W system_server: Long monitor contention with owner Binder:531_1F (4415) at void com.android.server.power.PowerManagerService.acquireWakeLockInternal(android.os.IBinder, int, java.lang.String, java.lang.String, android.os.WorkSource, java.lang.String, int, int)(PowerManagerService.java:1329) waiters=0 in void com.android.server.power.PowerManagerService.handleSandman() for 1.001s
08-20 16:05:56.444 19956 19958 I cmd     : oneway function results will be dropped but finished with status OK and parcel size 4
08-20 16:05:56.625   173   173 I hwservicemanager: getTransport: Cannot find entry android.hardware.graphics.mapper@4.0::IMapper/default in either framework or device manifest.
08-20 16:05:56.625 19978 19978 I Gralloc4: mapper 4.x is not supported
08-20 16:05:56.772 19984 19986 I cmd     : oneway function results will be dropped but finished with status OK and parcel size 4
08-20 16:05:56.773  1677  3358 I MediaProvider: Begin Intent { act=android.intent.action.MEDIA_SCANNER_SCAN_FILE dat=file:///sdcard/screen_2025-08-20_160557.png flg=0x1400010 cmp=com.google.android.providers.media.module/com.android.providers.media.MediaService }
08-20 16:05:56.775  1677  3358 W ModernMediaScanner: Failed to visit /sdcard/screen_2025-08-20_160557.png: java.nio.file.AccessDeniedException: /sdcard/screen_2025-08-20_160557.png
08-20 16:05:56.775  1677  3358 I MediaProvider: Scanned internal due to REASON_DEMAND, found 0 items in 2ms, 0 inserts 0 updates 0 deletes
08-20 16:05:56.776  1677  3358 I MediaProvider: End Intent { act=android.intent.action.MEDIA_SCANNER_SCAN_FILE dat=file:///sdcard/screen_2025-08-20_160557.png flg=0x1400010 cmp=com.google.android.providers.media.module/com.android.providers.media.MediaService }
08-02 13:45:01.062     0     0 W audit   : audit_lost=780 audit_rate_limit=5 audit_backlog_limit=64
08-02 13:45:01.063     0     0 E audit   : rate limit exceeded
08-20 16:05:56.766  1677  1677 W com.google.android.providers.media.module: type=1400 audit(0.0:1500): avc: denied { read } for comm=4173796E635461736B202331 name="primary" dev="tmpfs" ino=29084 scontext=u:r:mediaprovider_app:s0:c166,c256,c512,c768 tcontext=u:object_r:mnt_pass_through_file:s0 tclass=lnk_file permissive=0 app=com.google.android.providers.media.module
08-20 16:05:56.770  1677  1677 I chatty  : uid=10166(com.google.android.providers.media.module) identical 3 lines
08-20 16:05:56.770  1677  1677 W com.google.android.providers.media.module: type=1400 audit(0.0:1504): avc: denied { read } for comm=4173796E635461736B202331 name="primary" dev="tmpfs" ino=29084 scontext=u:r:mediaprovider_app:s0:c166,c256,c512,c768 tcontext=u:object_r:mnt_pass_through_file:s0 tclass=lnk_file permissive=0 app=com.google.android.providers.media.module
08-20 16:05:56.857  1677  2717 I MediaProvider: Deleted 1 items on external_primary due to com.android.shell
08-20 16:05:56.911 19995 19997 I cmd     : oneway function results will be dropped but finished with status OK and parcel size 4
08-20 16:05:52.402   531   802 I chatty  : uid=1000(system) Binder:531_8 identical 2 lines
08-20 16:05:52.402   531   802 W UriGrantsManagerService: No permission grants found for com.google.android.apps.photos
08-20 16:05:57.362   531   531 W WindowManager: removeWindowToken: Attempted to remove non-existing token: android.os.Binder@2ce7db7
08-20 16:05:58.094   173   173 I hwservicemanager: getTransport: Cannot find entry android.hardware.graphics.mapper@4.0::IMapper/default in either framework or device manifest.
08-20 16:05:58.095 20019 20019 I Gralloc4: mapper 4.x is not supported
08-20 16:05:58.244  1677  3358 I MediaProvider: Begin Intent { act=android.intent.action.MEDIA_SCANNER_SCAN_FILE dat=file:///sdcard/screen_2025-08-20_160558.png flg=0x1400010 cmp=com.google.android.providers.media.module/com.android.providers.media.MediaService }
08-20 16:05:58.238  1677  1677 W com.google.android.providers.media.module: type=1400 audit(0.0:1506): avc: denied { read } for comm=4173796E635461736B202331 name="primary" dev="tmpfs" ino=29084 scontext=u:r:mediaprovider_app:s0:c166,c256,c512,c768 tcontext=u:object_r:mnt_pass_through_file:s0 tclass=lnk_file permissive=0 app=com.google.android.providers.media.module
08-02 13:45:02.534     0     0 W audit   : audit_lost=781 audit_rate_limit=5 audit_backlog_limit=64
08-02 13:45:02.537     0     0 E audit   : rate limit exceeded
08-20 16:05:58.238  1677  1677 W com.google.android.providers.media.module: type=1400 audit(0.0:1507): avc: denied { read } for comm=4173796E635461736B202331 name="primary" dev="tmpfs" ino=29084 scontext=u:r:mediaprovider_app:s0:c166,c256,c512,c768 tcontext=u:object_r:mnt_pass_through_file:s0 tclass=lnk_file permissive=0 app=com.google.android.providers.media.module
08-20 16:05:58.253  1677  3358 W ModernMediaScanner: Failed to visit /sdcard/screen_2025-08-20_160558.png: java.nio.file.AccessDeniedException: /sdcard/screen_2025-08-20_160558.png
08-20 16:05:58.253  1677  3358 I MediaProvider: Scanned internal due to REASON_DEMAND, found 0 items in 9ms, 0 inserts 0 updates 0 deletes
08-20 16:05:58.254  1677  3358 I MediaProvider: End Intent { act=android.intent.action.MEDIA_SCANNER_SCAN_FILE dat=file:///sdcard/screen_2025-08-20_160558.png flg=0x1400010 cmp=com.google.android.providers.media.module/com.android.providers.media.MediaService }
08-20 16:05:58.238  1677  1677 W com.google.android.providers.media.module: type=1400 audit(0.0:1508): avc: denied { read } for comm=4173796E635461736B202331 name="primary" dev="tmpfs" ino=29084 scontext=u:r:mediaprovider_app:s0:c166,c256,c512,c768 tcontext=u:object_r:mnt_pass_through_file:s0 tclass=lnk_file permissive=0 app=com.google.android.providers.media.module
08-20 16:05:58.242  1677  1677 W com.google.android.providers.media.module: type=1400 audit(0.0:1510): avc: denied { read } for comm=4173796E635461736B202331 name="primary" dev="tmpfs" ino=29084 scontext=u:r:mediaprovider_app:s0:c166,c256,c512,c768 tcontext=u:object_r:mnt_pass_through_file:s0 tclass=lnk_file permissive=0 app=com.google.android.providers.media.module
08-20 16:05:58.324  1677  1956 I MediaProvider: Deleted 1 items on external_primary due to com.android.shell
08-20 16:05:58.373 20034 20036 I cmd     : oneway function results will be dropped but finished with status OK and parcel size 4
08-20 16:05:58.591   173   173 I hwservicemanager: getTransport: Cannot find entry android.hardware.graphics.mapper@4.0::IMapper/default in either framework or device manifest.
08-20 16:05:58.591 20056 20056 I Gralloc4: mapper 4.x is not supported
08-20 16:05:58.754  1677  3358 I MediaProvider: Begin Intent { act=android.intent.action.MEDIA_SCANNER_SCAN_FILE dat=file:///sdcard/screen_2025-08-20_160559.png flg=0x1400010 cmp=com.google.android.providers.media.module/com.android.providers.media.MediaService }
08-20 16:05:58.755  1677  3358 W ModernMediaScanner: Failed to visit /sdcard/screen_2025-08-20_160559.png: java.nio.file.AccessDeniedException: /sdcard/screen_2025-08-20_160559.png
08-20 16:05:58.755  1677  3358 I MediaProvider: Scanned internal due to REASON_DEMAND, found 0 items in 1ms, 0 inserts 0 updates 0 deletes
08-20 16:05:58.756  1677  3358 I MediaProvider: End Intent { act=android.intent.action.MEDIA_SCANNER_SCAN_FILE dat=file:///sdcard/screen_2025-08-20_160559.png flg=0x1400010 cmp=com.google.android.providers.media.module/com.android.providers.media.MediaService }
08-20 16:05:58.861  1677  2717 I MediaProvider: Deleted 1 items on external_primary due to com.android.shell
08-20 16:05:59.058   173   173 I hwservicemanager: getTransport: Cannot find entry android.hardware.graphics.mapper@4.0::IMapper/default in either framework or device manifest.
08-20 16:05:59.059 20095 20095 I Gralloc4: mapper 4.x is not supported
08-20 16:05:59.209 20099 20101 I cmd     : oneway function results will be dropped but finished with status OK and parcel size 4
08-20 16:05:59.210  1677  3358 I MediaProvider: Begin Intent { act=android.intent.action.MEDIA_SCANNER_SCAN_FILE dat=file:///sdcard/screen_2025-08-20_160559.png flg=0x1400010 cmp=com.google.android.providers.media.module/com.android.providers.media.MediaService }
08-20 16:05:59.211  1677  3358 W ModernMediaScanner: Failed to visit /sdcard/screen_2025-08-20_160559.png: java.nio.file.AccessDeniedException: /sdcard/screen_2025-08-20_160559.png
08-20 16:05:59.212  1677  3358 I MediaProvider: Scanned internal due to REASON_DEMAND, found 0 items in 1ms, 0 inserts 0 updates 0 deletes
08-20 16:05:59.212  1677  3358 I MediaProvider: End Intent { act=android.intent.action.MEDIA_SCANNER_SCAN_FILE dat=file:///sdcard/screen_2025-08-20_160559.png flg=0x1400010 cmp=com.google.android.providers.media.module/com.android.providers.media.MediaService }
08-20 16:05:59.287  1677  1955 I MediaProvider: Deleted 1 items on external_primary due to com.android.shell
08-20 16:05:59.344 20110 20112 I cmd     : oneway function results will be dropped but finished with status OK and parcel size 4
08-20 16:05:59.477 20120 20120 E libc    : Access denied finding property "persist.device_config.runtime_native_boot.profilebootclasspath"
08-20 16:05:59.477 20120 20120 E libc    : Access denied finding property "persist.device_config.runtime_native_boot.enable_apex_image"
08-20 16:05:59.477 20120 20120 I AndroidRuntime: Using default boot image
08-20 16:05:59.477 20120 20120 E libc    : Access denied finding property "persist.device_config.runtime_native_boot.disable_lock_profiling"
08-20 16:05:59.477 20120 20120 I AndroidRuntime: Leaving lock profiling enabled
08-20 16:05:59.477 20120 20120 E libc    : Access denied finding property "persist.device_config.runtime_native_boot.enable_generational_cc"
08-20 16:05:59.478 20120 20120 I app_process: Core platform API reporting enabled, enforcing=false
08-20 16:05:59.470 20120 20120 W app_process: type=1400 audit(0.0:1524): avc: denied { read } for name="u:object_r:device_config_runtime_native_boot_prop:s0" dev="tmpfs" ino=1409 scontext=u:r:shell:s0 tcontext=u:object_r:device_config_runtime_native_boot_prop:s0 tclass=file permissive=0
08-20 16:05:59.531 20120 20120 W app_process: Unexpected CPU variant for X86 using defaults: x86_64
08-20 16:05:59.531 20120 20120 I app_process: The ClassLoaderContext is a special shared library.
08-20 16:05:59.538 20120 20120 W app_process: JNI RegisterNativeMethods: attempt to register 0 native methods for android.media.AudioAttributes
08-20 16:05:59.544   531   565 E RemoteAugmentedAutofillService: Bad service name for flags 1048704: com.google.android.as/com.google.android.apps.miphone.aiai.app.AiAiAugmentedAutofillService
08-20 16:06:01.251   173   173 I hwservicemanager: getTransport: Cannot find entry android.hardware.graphics.mapper@4.0::IMapper/default in either framework or device manifest.
08-20 16:06:01.251 20154 20154 I Gralloc4: mapper 4.x is not supported
08-20 16:06:01.402 20158 20160 I cmd     : oneway function results will be dropped but finished with status OK and parcel size 4
08-20 16:06:01.402  1677  3358 I MediaProvider: Begin Intent { act=android.intent.action.MEDIA_SCANNER_SCAN_FILE dat=file:///sdcard/screen_2025-08-20_160601.png flg=0x1400010 cmp=com.google.android.providers.media.module/com.android.providers.media.MediaService }
08-20 16:06:01.403  1677  3358 W ModernMediaScanner: Failed to visit /sdcard/screen_2025-08-20_160601.png: java.nio.file.AccessDeniedException: /sdcard/screen_2025-08-20_160601.png
08-20 16:06:01.404  1677  3358 I MediaProvider: Scanned internal due to REASON_DEMAND, found 0 items in 1ms, 0 inserts 0 updates 0 deletes
08-20 16:06:01.404  1677  3358 I MediaProvider: End Intent { act=android.intent.action.MEDIA_SCANNER_SCAN_FILE dat=file:///sdcard/screen_2025-08-20_160601.png flg=0x1400010 cmp=com.google.android.providers.media.module/com.android.providers.media.MediaService }
08-20 16:06:01.398  1677  1677 W com.google.android.providers.media.module: type=1400 audit(0.0:1528): avc: denied { read } for comm=4173796E635461736B202331 name="primary" dev="tmpfs" ino=29084 scontext=u:r:mediaprovider_app:s0:c166,c256,c512,c768 tcontext=u:object_r:mnt_pass_through_file:s0 tclass=lnk_file permissive=0 app=com.google.android.providers.media.module
08-20 16:06:01.437  1677  1956 I MediaProvider: Deleted 1 items on external_primary due to com.android.shell
08-20 16:06:01.476 20169 20171 I cmd     : oneway function results will be dropped but finished with status OK and parcel size 4
08-20 16:06:01.644   173   173 I hwservicemanager: getTransport: Cannot find entry android.hardware.graphics.mapper@4.0::IMapper/default in either framework or device manifest.
08-20 16:06:01.644 20191 20191 I Gralloc4: mapper 4.x is not supported
08-20 16:06:01.794 20195 20197 I cmd     : oneway function results will be dropped but finished with status OK and parcel size 4
08-20 16:06:01.795  1677  3358 I MediaProvider: Begin Intent { act=android.intent.action.MEDIA_SCANNER_SCAN_FILE dat=file:///sdcard/screen_2025-08-20_160602.png flg=0x1400010 cmp=com.google.android.providers.media.module/com.android.providers.media.MediaService }
08-02 13:45:06.083     0     0 W audit   : audit_lost=794 audit_rate_limit=5 audit_backlog_limit=64
08-02 13:45:06.084     0     0 E audit   : rate limit exceeded
08-20 16:06:01.797  1677  3358 W ModernMediaScanner: Failed to visit /sdcard/screen_2025-08-20_160602.png: java.nio.file.AccessDeniedException: /sdcard/screen_2025-08-20_160602.png
08-20 16:06:01.798  1677  3358 I MediaProvider: Scanned internal due to REASON_DEMAND, found 0 items in 2ms, 0 inserts 0 updates 0 deletes
08-20 16:06:01.799  1677  3358 I MediaProvider: End Intent { act=android.intent.action.MEDIA_SCANNER_SCAN_FILE dat=file:///sdcard/screen_2025-08-20_160602.png flg=0x1400010 cmp=com.google.android.providers.media.module/com.android.providers.media.MediaService }
08-20 16:06:01.824  1677  2717 I MediaProvider: Deleted 1 items on external_primary due to com.android.shell
08-20 16:06:01.856 20206 20208 I cmd     : oneway function results will be dropped but finished with status OK and parcel size 4
08-20 16:06:02.019   173   173 I hwservicemanager: getTransport: Cannot find entry android.hardware.graphics.mapper@4.0::IMapper/default in either framework or device manifest.
08-20 16:06:02.020 20230 20230 I Gralloc4: mapper 4.x is not supported
08-20 16:06:02.172  1677  3358 I MediaProvider: Begin Intent { act=android.intent.action.MEDIA_SCANNER_SCAN_FILE dat=file:///sdcard/screen_2025-08-20_160602.png flg=0x1400010 cmp=com.google.android.providers.media.module/com.android.providers.media.MediaService }
08-20 16:06:02.173  1677  3358 W ModernMediaScanner: Failed to visit /sdcard/screen_2025-08-20_160602.png: java.nio.file.AccessDeniedException: /sdcard/screen_2025-08-20_160602.png
08-20 16:06:02.174  1677  3358 I MediaProvider: Scanned internal due to REASON_DEMAND, found 0 items in 1ms, 0 inserts 0 updates 0 deletes
08-20 16:06:02.174  1677  3358 I MediaProvider: End Intent { act=android.intent.action.MEDIA_SCANNER_SCAN_FILE dat=file:///sdcard/screen_2025-08-20_160602.png flg=0x1400010 cmp=com.google.android.providers.media.module/com.android.providers.media.MediaService }
08-20 16:06:02.199  1677  1956 I MediaProvider: Deleted 1 items on external_primary due to com.android.shell
08-20 16:06:02.280   531  4415 I ActivityManager: Force stopping com.example.splapp appid=10172 user=0: from pid 20257
08-20 16:06:02.280   531  4415 I ActivityManager: Killing 17537:com.example.splapp/u0a172 (adj 0): stop com.example.splapp due to from pid 20257
08-20 16:06:02.285   531  4415 W ActivityTaskManager: Force removing ActivityRecord{cc9a118 u0 com.example.splapp/.Login t15 f}}: app died, no saved state
08-02 13:45:06.575     0     0 I binder_alloc: 17537: binder_alloc_buf, no vma
08-02 13:45:06.575     0     0 I binder  : 531:4415 transaction failed 29189/-3, size 64-0 line 3226
08-20 16:06:02.289   298   298 I Zygote  : Process 17537 exited due to signal 9 (Killed)
08-20 16:06:02.291   531  1915 W WindowManager: Failed looking up window session=Session{3453aa6 17537:u0a10172} callers=com.android.server.wm.WindowManagerService.windowForClientLocked:5425 com.android.server.wm.WindowState$DeathRecipient.binderDied:2810 android.os.IBinder$DeathRecipient.binderDied:305 
08-20 16:06:02.291   531  1915 I WindowManager: WIN DEATH: null
08-20 16:06:02.291   531  1002 W WindowManager: Cannot find window which accessibility connection is added to
08-20 16:06:02.292   531  4415 I WindowManager:   Force finishing activity ActivityRecord{7695a39 u0 com.example.splapp/.Login t15}
08-20 16:06:02.297   531   567 W ActivityManager: setHasOverlayUi called on unknown pid: 17537
08-20 16:06:02.313   531   574 I ActivityManager: Start proc 20260:com.example.splapp/u0a172 for top-activity {com.example.splapp/com.example.splapp.Login}
08-20 16:06:02.322 20260 20260 I .example.splap: Late-enabling -Xcheck:jni
08-20 16:06:02.330   531   575 I libprocessgroup: Successfully killed process cgroup uid 10172 pid 17537 in 45ms
08-20 16:06:02.334 20260 20260 I .example.splap: Unquickening 12 vdex files!
08-20 16:06:02.335 20260 20260 W .example.splap: Unexpected CPU variant for X86 using defaults: x86_64
08-20 16:06:02.360  1967  1967 W ThreadPoolDumper: Queue length for executor EventBus is now 11. Perhaps some tasks are too long, or the pool is too small.
08-20 16:06:02.384  1967  2171 W LocationOracle: No location history returned by ContextManager
08-20 16:06:02.386   531   578 E libprocessgroup: AddTidToCgroup failed to write '20279'; fd=67: Invalid argument
08-20 16:06:02.386   531   578 E libprocessgroup: Failed to add task into cgroup
08-20 16:06:02.386   531   578 W libprocessgroup: ExecuteForTask failed for aggregate profile: Invalid argument
08-20 16:06:02.394   531   567 I ActivityManager: Killing 13180:com.android.providers.calendar/u0a85 (adj 985): empty #17
08-20 16:06:02.400   353   418 I adbd    : jdwp connection from 20260
08-20 16:06:02.406   298   298 I Zygote  : Process 13180 exited due to signal 9 (Killed)
08-20 16:06:02.434  1967  2155 I MicroDetectionState: Should stop hotword detection immediately - false
08-20 16:06:02.438  1967  2174 E MDD     : DownloadProgressMonitor: Can't find file group for uri: android://com.google.android.googlequicksearchbox/files/sharedminusonemodule/shared/SharedMinusOneData.pb.tmp
08-20 16:06:02.440  1967  1967 I BgTaskExecutorImpl: Starting EXCLUSIVE background task TNG_MINUS_ONE_SYNC.
08-20 16:06:02.441  1967  2155 I MicroDetectionWorker: #startMicroDetector [speakerMode: 0]
08-20 16:06:02.442  1967  2155 I AudioController: Created new AudioSource
08-20 16:06:02.443  1967  2172 I MicroDataManager: isInitializing-false locale not changed-true model not changed-true
08-20 16:06:02.443  1967  2172 I MicroDataManager: Already initialized, obtaining the hotword data immediately.
08-20 16:06:02.446   531   575 I libprocessgroup: Successfully killed process cgroup uid 10085 pid 13180 in 45ms
08-20 16:06:02.447  1217  2649 W GCoreFlp: No location to return for getLastLocation()
08-02 13:45:06.733     0     0 I binder  : 13144:13144 transaction failed 29189/-22, size 96-0 line 3053
08-20 16:06:02.465  1967 12406 I MicroRecognitionRunner: Starting detection.
08-20 16:06:02.465  1967 12406 I InputStreamUtils: Using micInputStream
08-20 16:06:02.465  1967  3179 I MicrophoneInputStream: mic_starting  SR : 16000 CC : 16 SO : 1999
08-20 16:06:02.466  1967  2155 I TngMinusOneSync: Syncing TNG:-1
08-20 16:06:02.516   448 20286 I AudioFlinger: AudioFlinger's thread 0x728c52a54040 tid=20286 ready to run
08-20 16:06:02.517   531  1002 I system_server: oneway function results will be dropped but finished with status OK and parcel size 4
08-20 16:06:02.520   531  1002 I system_server: oneway function results will be dropped but finished with status OK and parcel size 4
08-20 16:06:02.536   531  1915 I SoundTriggerMiddlewareLogging: setCaptureState[this=com.android.server.soundtrigger_middleware.SoundTriggerMiddlewareImpl@e971152, caller=1041/448](true)
08-20 16:06:02.537   301   301 E FMQ     : grantorIdx must be less than 3
08-20 16:06:02.537   301   301 E FMQ     : grantorIdx must be less than 3
08-20 16:06:02.537   301   446 E android.hardware.audio.service.ranchu: device/generic/goldfish/audio/stream_in.cpp:setMicrophoneDirection:454 failure: Result::NOT_SUPPORTED
08-20 16:06:02.537   531  1915 I AudioService.RecordingActivityMonitor: rec update riid:87 uid:10123 session:113 src:HOTWORD pack:com.google.android.googlequicksearchbox
08-20 16:06:02.537   301   446 E android.hardware.audio.service.ranchu: device/generic/goldfish/audio/stream_in.cpp:setMicrophoneFieldDimension:459 failure: Result::NOT_SUPPORTED
08-20 16:06:02.537  1967  3179 I MicrophoneInputStream: mic_started  SR : 16000 CC : 16 SO : 1999
08-20 16:06:02.540   448 20286 E FMQ     : grantorIdx must be less than 3
08-20 16:06:02.540   448 20286 E FMQ     : grantorIdx must be less than 3
08-20 16:06:02.558   301 20287 W android.hardware.audio.service.ranchu: TinyalsaSource::read:147 pcm_read was late delivering frames, inserting 15238 us of silence
08-20 16:06:02.577   301 20287 W android.hardware.audio.service.ranchu: TinyalsaSource::read:147 pcm_read was late delivering frames, inserting 15238 us of silence
08-20 16:06:02.577  1967  2155 I MicroDetectionWorker: onReady
08-20 16:06:02.622   301 20287 W android.hardware.audio.service.ranchu: TinyalsaSource::read:147 pcm_read was late delivering frames, inserting 15238 us of silence
08-20 16:06:02.665   301 20287 W android.hardware.audio.service.ranchu: TinyalsaSource::read:147 pcm_read was late delivering frames, inserting 15238 us of silence
08-20 16:06:03.472   301 20287 I chatty  : uid=1041(audioserver) audio.service.r identical 13 lines
08-20 16:06:03.538   301 20287 W android.hardware.audio.service.ranchu: TinyalsaSource::read:147 pcm_read was late delivering frames, inserting 15238 us of silence
08-20 16:06:03.541   173   173 I hwservicemanager: getTransport: Cannot find entry android.hardware.graphics.mapper@4.0::IMapper/default in either framework or device manifest.
